<studio-home>/lab-di/r015.sh: line 11: <studio-home>/lab-di/r015/r015-a3b.jsonl: No such file or directory
2026-10-10T22:26:37Z out_lines=0 live_in_flight=0
<studio-home>/lab-di/r015.sh: line 11: <studio-home>/lab-di/r015/r015-a3b.jsonl: No such file or directory
2026-10-10T22:26:48Z out_lines=0 live_in_flight=0
<studio-home>/lab-di/r015.sh: line 11: <studio-home>/lab-di/r015/r015-a3b.jsonl: No such file or directory
2026-10-10T22:26:58Z out_lines=0 live_in_flight=0
<studio-home>/lab-di/r015.sh: line 11: <studio-home>/lab-di/r015/r015-a3b.jsonl: No such file or directory
2026-10-10T22:27:08Z out_lines=0 live_in_flight=0
<studio-home>/lab-di/r015.sh: line 11: <studio-home>/lab-di/r015/r015-a3b.jsonl: No such file or directory
2026-10-10T22:27:19Z out_lines=0 live_in_flight=0
<studio-home>/lab-di/r015.sh: line 11: <studio-home>/lab-di/r015/r015-a3b.jsonl: No such file or directory
2026-10-10T22:27:29Z out_lines=0 live_in_flight=0
<studio-home>/lab-di/r015.sh: line 11: <studio-home>/lab-di/r015/r015-a3b.jsonl: No such file or directory
2026-10-10T22:27:39Z out_lines=0 live_in_flight=0
2026-10-10T22:27:50Z out_lines=       1 live_in_flight=0
2026-10-10T22:28:00Z out_lines=       1 live_in_flight=0
2026-10-10T22:28:11Z out_lines=       1 live_in_flight=0
2026-10-10T22:28:21Z out_lines=       1 live_in_flight=0
2026-10-10T22:28:31Z out_lines=       3 live_in_flight=0
2026-10-10T22:28:42Z out_lines=       9 live_in_flight=0
2026-10-10T22:28:52Z out_lines=      13 live_in_flight=0
2026-10-10T22:29:02Z out_lines=      19 live_in_flight=0
2026-10-10T22:29:13Z out_lines=      23 live_in_flight=0
2026-10-10T22:29:23Z out_lines=      23 live_in_flight=0
2026-10-10T22:29:33Z out_lines=      23 live_in_flight=0
2026-10-10T22:29:44Z out_lines=      23 live_in_flight=0
2026-10-10T22:29:54Z out_lines=      24 live_in_flight=0
2026-10-10T22:30:04Z out_lines=      25 live_in_flight=0
2026-10-10T22:30:15Z out_lines=      29 live_in_flight=0
2026-10-10T22:30:25Z out_lines=      31 live_in_flight=0
2026-10-10T22:30:35Z out_lines=      33 live_in_flight=0
2026-10-10T22:30:46Z out_lines=      35 live_in_flight=0
2026-10-10T22:30:56Z out_lines=      37 live_in_flight=0
2026-10-10T22:31:06Z out_lines=      39 live_in_flight=0
2026-10-10T22:31:17Z out_lines=      41 live_in_flight=0
2026-10-10T22:31:27Z out_lines=      43 live_in_flight=0
2026-10-10T22:31:37Z out_lines=      45 live_in_flight=0
2026-10-10T22:31:48Z out_lines=      45 live_in_flight=0
2026-10-10T22:31:58Z out_lines=      45 live_in_flight=0
2026-10-10T22:32:08Z out_lines=      45 live_in_flight=0
2026-10-10T22:32:19Z out_lines=      47 live_in_flight=0
2026-10-10T22:32:29Z out_lines=      49 live_in_flight=0
2026-10-10T22:32:40Z out_lines=      51 live_in_flight=0
2026-10-10T22:32:50Z out_lines=      53 live_in_flight=0
2026-10-10T22:33:00Z out_lines=      55 live_in_flight=0
2026-10-10T22:33:11Z out_lines=      57 live_in_flight=0
2026-10-10T22:33:21Z out_lines=      59 live_in_flight=0
2026-10-10T22:33:31Z out_lines=      61 live_in_flight=0
2026-10-10T22:33:42Z out_lines=      63 live_in_flight=0
2026-10-10T22:33:52Z out_lines=      65 live_in_flight=0
2026-10-10T22:34:02Z out_lines=      67 live_in_flight=0
2026-10-10T22:34:13Z out_lines=      67 live_in_flight=0
2026-10-10T22:34:23Z out_lines=      67 live_in_flight=0
2026-10-10T22:34:33Z out_lines=      67 live_in_flight=0
2026-10-10T22:34:44Z out_lines=      67 live_in_flight=0
2026-10-10T22:34:54Z out_lines=      69 live_in_flight=0
2026-10-10T22:35:04Z out_lines=      69 live_in_flight=0
2026-10-10T22:35:15Z out_lines=      71 live_in_flight=0
2026-10-10T22:35:25Z out_lines=      73 live_in_flight=0
2026-10-10T22:35:35Z out_lines=      73 live_in_flight=0
2026-10-10T22:35:46Z out_lines=      75 live_in_flight=0
2026-10-10T22:35:56Z out_lines=      77 live_in_flight=0
2026-10-10T22:36:06Z out_lines=      77 live_in_flight=0
2026-10-10T22:36:17Z out_lines=      79 live_in_flight=0
2026-10-10T22:36:27Z out_lines=      81 live_in_flight=0
2026-10-10T22:36:37Z out_lines=      81 live_in_flight=0
2026-10-10T22:36:48Z out_lines=      83 live_in_flight=0
2026-10-10T22:36:58Z out_lines=      83 live_in_flight=0
2026-10-10T22:37:09Z out_lines=      85 live_in_flight=0
2026-10-10T22:37:19Z out_lines=      87 live_in_flight=0
2026-10-10T22:37:29Z out_lines=      87 live_in_flight=0
2026-10-10T22:37:40Z out_lines=      89 live_in_flight=0
2026-10-10T22:37:50Z out_lines=      89 live_in_flight=0
2026-10-10T22:38:00Z out_lines=      89 live_in_flight=0
2026-10-10T22:38:11Z out_lines=      89 live_in_flight=0
2026-10-10T22:38:21Z out_lines=      90 live_in_flight=0
2026-10-10T22:38:31Z out_lines=      91 live_in_flight=0
2026-10-10T22:38:42Z out_lines=      93 live_in_flight=0
2026-10-10T22:38:52Z out_lines=      93 live_in_flight=0
2026-10-10T22:39:02Z out_lines=      95 live_in_flight=0
2026-10-10T22:39:13Z out_lines=      95 live_in_flight=0
2026-10-10T22:39:23Z out_lines=      97 live_in_flight=0
2026-10-10T22:39:33Z out_lines=      99 live_in_flight=0
2026-10-10T22:39:44Z out_lines=      99 live_in_flight=0
2026-10-10T22:39:54Z out_lines=     101 live_in_flight=0
2026-10-10T22:40:04Z out_lines=     101 live_in_flight=0
2026-10-10T22:40:15Z out_lines=     103 live_in_flight=0
2026-10-10T22:40:25Z out_lines=     105 live_in_flight=0
2026-10-10T22:40:35Z out_lines=     105 live_in_flight=0
2026-10-10T22:40:46Z out_lines=     107 live_in_flight=0
2026-10-10T22:40:56Z out_lines=     107 live_in_flight=0
2026-10-10T22:41:07Z out_lines=     109 live_in_flight=0
2026-10-10T22:41:17Z out_lines=     111 live_in_flight=0
2026-10-10T22:41:27Z out_lines=     111 live_in_flight=0
2026-10-10T22:41:38Z out_lines=     111 live_in_flight=0
2026-10-10T22:41:48Z out_lines=     111 live_in_flight=0
2026-10-10T22:41:58Z out_lines=     111 live_in_flight=0
2026-10-10T22:42:09Z out_lines=     111 live_in_flight=0
2026-10-10T22:42:19Z out_lines=     112 live_in_flight=0
2026-10-10T22:42:29Z out_lines=     112 live_in_flight=0
2026-10-10T22:42:40Z out_lines=     113 live_in_flight=0
2026-10-10T22:42:50Z out_lines=     113 live_in_flight=0
2026-10-10T22:43:00Z out_lines=     113 live_in_flight=0
2026-10-10T22:43:11Z out_lines=     113 live_in_flight=0
2026-10-10T22:43:21Z out_lines=     115 live_in_flight=0
2026-10-10T22:43:31Z out_lines=     115 live_in_flight=0
2026-10-10T22:43:42Z out_lines=     115 live_in_flight=0
2026-10-10T22:43:52Z out_lines=     115 live_in_flight=0
2026-10-10T22:44:02Z out_lines=     115 live_in_flight=0
2026-10-10T22:44:13Z out_lines=     117 live_in_flight=0
2026-10-10T22:44:23Z out_lines=     117 live_in_flight=0
2026-10-10T22:44:34Z out_lines=     117 live_in_flight=0
2026-10-10T22:44:44Z out_lines=     117 live_in_flight=0
2026-10-10T22:44:54Z out_lines=     119 live_in_flight=0
2026-10-10T22:45:05Z out_lines=     119 live_in_flight=0
2026-10-10T22:45:15Z out_lines=     119 live_in_flight=0
2026-10-10T22:45:25Z out_lines=     119 live_in_flight=0
2026-10-10T22:45:36Z out_lines=     121 live_in_flight=0
2026-10-10T22:45:46Z out_lines=     121 live_in_flight=0
2026-10-10T22:45:56Z out_lines=     121 live_in_flight=0
2026-10-10T22:46:07Z out_lines=     121 live_in_flight=0
2026-10-10T22:46:17Z out_lines=     121 live_in_flight=0
2026-10-10T22:46:27Z out_lines=     123 live_in_flight=0
2026-10-10T22:46:38Z out_lines=     123 live_in_flight=0
2026-10-10T22:46:48Z out_lines=     123 live_in_flight=0
2026-10-10T22:46:58Z out_lines=     123 live_in_flight=0
2026-10-10T22:47:09Z out_lines=     125 live_in_flight=0
2026-10-10T22:47:19Z out_lines=     125 live_in_flight=0
2026-10-10T22:47:29Z out_lines=     125 live_in_flight=0
2026-10-10T22:47:40Z out_lines=     125 live_in_flight=0
2026-10-10T22:47:50Z out_lines=     127 live_in_flight=0
2026-10-10T22:48:01Z out_lines=     127 live_in_flight=0
2026-10-10T22:48:11Z out_lines=     127 live_in_flight=0
2026-10-10T22:48:21Z out_lines=     127 live_in_flight=0
2026-10-10T22:48:32Z out_lines=     127 live_in_flight=0
2026-10-10T22:48:42Z out_lines=     129 live_in_flight=0
2026-10-10T22:48:52Z out_lines=     129 live_in_flight=0
2026-10-10T22:49:03Z out_lines=     129 live_in_flight=0
2026-10-10T22:49:13Z out_lines=     129 live_in_flight=0
2026-10-10T22:49:24Z out_lines=     131 live_in_flight=0
2026-10-10T22:49:34Z out_lines=     131 live_in_flight=0
2026-10-10T22:49:44Z out_lines=     131 live_in_flight=0
2026-10-10T22:49:55Z out_lines=     131 live_in_flight=0
2026-10-10T22:51:24Z out_lines=     133 live_in_flight=0
2026-10-10T22:51:34Z out_lines=     133 live_in_flight=0
2026-10-10T22:51:44Z out_lines=     133 live_in_flight=0
2026-10-10T22:51:55Z out_lines=     133 live_in_flight=0
2026-10-10T22:52:05Z out_lines=     133 live_in_flight=0
2026-10-10T22:52:15Z out_lines=     133 live_in_flight=0
2026-10-10T22:52:26Z out_lines=     133 live_in_flight=0
2026-10-10T22:52:36Z out_lines=     133 live_in_flight=0
2026-10-10T22:52:47Z out_lines=     133 live_in_flight=0
2026-10-10T22:52:57Z out_lines=     135 live_in_flight=0
2026-10-10T22:53:07Z out_lines=     135 live_in_flight=0
2026-10-10T22:53:18Z out_lines=     135 live_in_flight=0
2026-10-10T22:53:28Z out_lines=     135 live_in_flight=0
2026-10-10T22:53:38Z out_lines=     137 live_in_flight=0
2026-10-10T22:53:49Z out_lines=     137 live_in_flight=0
2026-10-10T22:53:59Z out_lines=     137 live_in_flight=0
2026-10-10T22:54:09Z out_lines=     137 live_in_flight=0
2026-10-10T22:54:20Z out_lines=     139 live_in_flight=0
2026-10-10T22:54:30Z out_lines=     139 live_in_flight=0
2026-10-10T22:54:40Z out_lines=     139 live_in_flight=0
2026-10-10T22:54:51Z out_lines=     139 live_in_flight=0
2026-10-10T22:55:01Z out_lines=     139 live_in_flight=0
2026-10-10T22:55:12Z out_lines=     141 live_in_flight=0
2026-10-10T22:55:22Z out_lines=     141 live_in_flight=0
2026-10-10T22:55:32Z out_lines=     141 live_in_flight=0
2026-10-10T22:55:43Z out_lines=     141 live_in_flight=0
2026-10-10T22:55:53Z out_lines=     143 live_in_flight=0
2026-10-10T22:56:03Z out_lines=     143 live_in_flight=0
2026-10-10T22:56:14Z out_lines=     143 live_in_flight=0
2026-10-10T22:56:24Z out_lines=     143 live_in_flight=0
2026-10-10T22:56:34Z out_lines=     145 live_in_flight=0
2026-10-10T22:56:45Z out_lines=     145 live_in_flight=0
2026-10-10T22:56:55Z out_lines=     145 live_in_flight=0
2026-10-10T22:57:06Z out_lines=     145 live_in_flight=0
2026-10-10T22:57:17Z out_lines=     147 live_in_flight=0
2026-10-10T22:57:27Z out_lines=     147 live_in_flight=0
2026-10-10T22:57:38Z out_lines=     147 live_in_flight=0
2026-10-10T22:57:48Z out_lines=     147 live_in_flight=0
2026-10-10T22:57:59Z out_lines=     147 live_in_flight=0
2026-10-10T22:58:09Z out_lines=     149 live_in_flight=0
2026-10-10T22:58:19Z out_lines=     149 live_in_flight=0
2026-10-10T22:58:30Z out_lines=     149 live_in_flight=0
2026-10-10T22:58:40Z out_lines=     149 live_in_flight=0
2026-10-10T22:58:50Z out_lines=     151 live_in_flight=0
2026-10-10T22:59:01Z out_lines=     151 live_in_flight=0
2026-10-10T22:59:12Z out_lines=     151 live_in_flight=0
2026-10-10T22:59:22Z out_lines=     151 live_in_flight=0
2026-10-10T22:59:32Z out_lines=     153 live_in_flight=0
2026-10-10T22:59:44Z out_lines=     153 live_in_flight=0
2026-10-10T22:59:55Z out_lines=     153 live_in_flight=0
2026-10-10T23:00:05Z out_lines=     153 live_in_flight=0
2026-10-10T23:00:15Z out_lines=     155 live_in_flight=0
2026-10-10T23:00:26Z out_lines=     155 live_in_flight=0
2026-10-10T23:00:36Z out_lines=     155 live_in_flight=0
2026-10-10T23:00:46Z out_lines=     155 live_in_flight=0
2026-10-10T23:00:57Z out_lines=     157 live_in_flight=0
2026-10-10T23:01:08Z out_lines=     157 live_in_flight=0
2026-10-10T23:01:19Z out_lines=     157 live_in_flight=0
2026-10-10T23:01:29Z out_lines=     157 live_in_flight=0
2026-10-10T23:01:39Z out_lines=     157 live_in_flight=0
2026-10-10T23:01:50Z out_lines=     159 live_in_flight=0
2026-10-10T23:02:00Z out_lines=     159 live_in_flight=0
2026-10-10T23:02:11Z out_lines=     159 live_in_flight=0
2026-10-10T23:02:21Z out_lines=     159 live_in_flight=0
2026-10-10T23:02:31Z out_lines=     161 live_in_flight=0
2026-10-10T23:02:42Z out_lines=     161 live_in_flight=0
2026-10-10T23:02:52Z out_lines=     161 live_in_flight=0
2026-10-10T23:03:02Z out_lines=     161 live_in_flight=0
2026-10-10T23:03:13Z out_lines=     163 live_in_flight=0
2026-10-10T23:03:23Z out_lines=     163 live_in_flight=0
2026-10-10T23:03:33Z out_lines=     163 live_in_flight=0
2026-10-10T23:03:44Z out_lines=     163 live_in_flight=0
2026-10-10T23:03:55Z out_lines=     165 live_in_flight=0
2026-10-10T23:04:05Z out_lines=     165 live_in_flight=0
2026-10-10T23:04:16Z out_lines=     165 live_in_flight=0
2026-10-10T23:04:26Z out_lines=     165 live_in_flight=0
2026-10-10T23:04:36Z out_lines=     167 live_in_flight=0
2026-10-10T23:04:47Z out_lines=     167 live_in_flight=0
2026-10-10T23:04:57Z out_lines=     167 live_in_flight=0
2026-10-10T23:05:07Z out_lines=     167 live_in_flight=
2026-10-10T23:05:20Z out_lines=     167 live_in_flight=0
2026-10-10T23:05:30Z out_lines=     169 live_in_flight=0
2026-10-10T23:05:41Z out_lines=     169 live_in_flight=0
2026-10-10T23:05:52Z out_lines=     169 live_in_flight=0
2026-10-10T23:06:02Z out_lines=     169 live_in_flight=0
2026-10-10T23:06:12Z out_lines=     171 live_in_flight=0
2026-10-10T23:06:23Z out_lines=     171 live_in_flight=0
2026-10-10T23:06:33Z out_lines=     171 live_in_flight=0
2026-10-10T23:06:44Z out_lines=     171 live_in_flight=0
2026-10-10T23:06:54Z out_lines=     173 live_in_flight=0
2026-10-10T23:07:05Z out_lines=     173 live_in_flight=0
2026-10-10T23:07:15Z out_lines=     173 live_in_flight=0
2026-10-10T23:07:25Z out_lines=     173 live_in_flight=0
2026-10-10T23:07:36Z out_lines=     175 live_in_flight=0
2026-10-10T23:07:46Z out_lines=     175 live_in_flight=0
2026-10-10T23:07:56Z out_lines=     175 live_in_flight=0
2026-10-10T23:08:07Z out_lines=     175 live_in_flight=0
2026-10-10T23:08:17Z out_lines=     177 live_in_flight=0
2026-10-10T23:08:27Z out_lines=     177 live_in_flight=0
2026-10-10T23:08:38Z out_lines=     177 live_in_flight=0
2026-10-10T23:08:49Z out_lines=     177 live_in_flight=0
2026-10-10T23:08:59Z out_lines=     177 live_in_flight=0
2026-10-10T23:09:09Z out_lines=     179 live_in_flight=0
2026-10-10T23:09:20Z out_lines=     179 live_in_flight=0
2026-10-10T23:09:30Z out_lines=     179 live_in_flight=0
2026-10-10T23:09:40Z out_lines=     179 live_in_flight=0
2026-10-10T23:09:51Z out_lines=     181 live_in_flight=0
2026-10-10T23:10:01Z out_lines=     181 live_in_flight=0
2026-10-10T23:10:12Z out_lines=     181 live_in_flight=0
2026-10-10T23:10:22Z out_lines=     181 live_in_flight=0
2026-10-10T23:10:32Z out_lines=     183 live_in_flight=0
2026-10-10T23:10:43Z out_lines=     183 live_in_flight=0
2026-10-10T23:10:53Z out_lines=     183 live_in_flight=0
2026-10-10T23:11:04Z out_lines=     183 live_in_flight=0
2026-10-10T23:11:15Z out_lines=     185 live_in_flight=0
2026-10-10T23:11:25Z out_lines=     185 live_in_flight=0
2026-10-10T23:11:35Z out_lines=     185 live_in_flight=0
2026-10-10T23:11:46Z out_lines=     185 live_in_flight=0
2026-10-10T23:11:56Z out_lines=     185 live_in_flight=0
2026-10-10T23:12:07Z out_lines=     187 live_in_flight=0
2026-10-10T23:12:17Z out_lines=     187 live_in_flight=0
2026-10-10T23:12:27Z out_lines=     187 live_in_flight=0
2026-10-10T23:12:38Z out_lines=     187 live_in_flight=0
2026-10-10T23:12:48Z out_lines=     189 live_in_flight=0
2026-10-10T23:12:59Z out_lines=     189 live_in_flight=0
2026-10-10T23:13:09Z out_lines=     189 live_in_flight=0
2026-10-10T23:13:20Z out_lines=     189 live_in_flight=0
2026-10-10T23:13:31Z out_lines=     191 live_in_flight=0
2026-10-10T23:13:42Z out_lines=     191 live_in_flight=0
2026-10-10T23:13:52Z out_lines=     191 live_in_flight=0
2026-10-10T23:14:03Z out_lines=     191 live_in_flight=0
2026-10-10T23:14:14Z out_lines=     193 live_in_flight=0
2026-10-10T23:14:24Z out_lines=     193 live_in_flight=0
2026-10-10T23:14:34Z out_lines=     193 live_in_flight=0
2026-10-10T23:14:45Z out_lines=     193 live_in_flight=0
2026-10-10T23:14:55Z out_lines=     195 live_in_flight=0
2026-10-10T23:15:05Z out_lines=     195 live_in_flight=0
2026-10-10T23:15:17Z out_lines=     195 live_in_flight=0
2026-10-10T23:15:27Z out_lines=     195 live_in_flight=0
2026-10-10T23:15:38Z out_lines=     195 live_in_flight=0
2026-10-10T23:15:49Z out_lines=     197 live_in_flight=0
2026-10-10T23:16:00Z out_lines=     197 live_in_flight=0
2026-10-10T23:16:10Z out_lines=     197 live_in_flight=0
2026-10-10T23:16:21Z out_lines=     197 live_in_flight=0
2026-10-10T23:16:32Z out_lines=     199 live_in_flight=0
2026-10-10T23:16:42Z out_lines=     199 live_in_flight=0
2026-10-10T23:16:53Z out_lines=     199 live_in_flight=0
2026-10-10T23:17:03Z out_lines=     199 live_in_flight=0
2026-10-10T23:17:14Z out_lines=     201 live_in_flight=0
2026-10-10T23:17:24Z out_lines=     201 live_in_flight=0
2026-10-10T23:17:34Z out_lines=     201 live_in_flight=0
2026-10-10T23:17:45Z out_lines=     201 live_in_flight=0
2026-10-10T23:17:55Z out_lines=     203 live_in_flight=0
2026-10-10T23:18:06Z out_lines=     203 live_in_flight=0
2026-10-10T23:18:17Z out_lines=     203 live_in_flight=0
2026-10-10T23:18:27Z out_lines=     203 live_in_flight=0
2026-10-10T23:18:38Z out_lines=     205 live_in_flight=0
2026-10-10T23:18:48Z out_lines=     205 live_in_flight=0
2026-10-10T23:18:58Z out_lines=     205 live_in_flight=0
2026-10-10T23:19:09Z out_lines=     205 live_in_flight=0
2026-10-10T23:19:19Z out_lines=     207 live_in_flight=0
2026-10-10T23:19:30Z out_lines=     207 live_in_flight=0
2026-10-10T23:19:40Z out_lines=     207 live_in_flight=0
2026-10-10T23:19:51Z out_lines=     207 live_in_flight=0
2026-10-10T23:20:01Z out_lines=     207 live_in_flight=0
2026-10-10T23:20:11Z out_lines=     209 live_in_flight=0
2026-10-10T23:20:22Z out_lines=     209 live_in_flight=0
2026-10-10T23:20:32Z out_lines=     209 live_in_flight=0
2026-10-10T23:20:43Z out_lines=     209 live_in_flight=0
2026-10-10T23:20:53Z out_lines=     211 live_in_flight=0
2026-10-10T23:21:04Z out_lines=     211 live_in_flight=0
2026-10-10T23:21:14Z out_lines=     211 live_in_flight=0
2026-10-10T23:21:24Z out_lines=     211 live_in_flight=
2026-10-10T23:21:36Z out_lines=     213 live_in_flight=0
2026-10-10T23:21:47Z out_lines=     213 live_in_flight=0
2026-10-10T23:21:57Z out_lines=     213 live_in_flight=0
2026-10-10T23:22:07Z out_lines=     213 live_in_flight=0
