1791617569 0 0 -
1791617571 0 0 -
1791617574 0 0 -
1791617576 0 0 -
1791617578 0 0 -
1791617581 0 0 -
1791617583 0 0 -
1791617586 0 0 -
1791617588 0 0 -
1791617590 0 0 -
1791617593 0 0 -
1791617595 0 0 -
1791617598 0 0 -
1791617600 0 0 -
1791617602 0 0 -
1791617605 0 0 -
1791617607 0 0 -
1791617609 0 0 -
1791617612 0 0 -
1791617614 0 0 -
1791617617 0 0 -
1791617619 0 0 -
1791617621 0 0 -
1791617624 0 0 -
1791617626 0 0 -
1791617629 0 0 -
1791617631 0 0 -
1791617633 0 0 -
1791617636 0 0 -
1791617638 0 0 -
1791617641 0 0 -
1791617643 0 0 -
1791617645 0 0 -
1791617648 0 0 -
1791617650 0 0 -
1791617653 0 0 -
1791617655 0 0 -
1791617657 0 0 -
1791617660 0 0 -
1791617662 0 0 -
1791617664 0 0 -
1791617667 0 0 -
1791617669 0 0 -
1791617672 0 0 -
1791617674 0 0 -
1791617676 0 0 -
1791617679 0 0 -
1791617681 0 0 -
1791617684 0 0 -
1791617686 0 0 -
1791617688 0 0 -
1791617691 0 0 -
1791617693 0 0 -
1791617696 0 0 -
1791617698 0 0 -
1791617701 0 0 -
1791617703 0 0 -
1791617705 0 0 -
1791617708 0 0 -
1791617710 0 0 -
1791617713 0 0 -
1791617715 0 0 -
1791617717 0 0 -
1791617720 0 0 -
1791617722 0 0 -
1791617725 0 0 -
1791617729 -1 0 -
1791617733 -1 0 -
1791617735 0 0 -
1791617738 0 0 -
1791617740 0 0 -
1791617743 0 0 -
1791617745 0 0 -
1791617748 0 0 -
1791617750 0 0 -
1791617752 0 0 -
1791617755 0 0 -
1791617757 0 0 -
1791617760 0 0 -
1791617762 0 0 -
1791617765 0 0 -
1791617767 0 0 -
1791617769 0 0 -
1791617772 0 0 -
1791617774 0 0 -
1791617777 0 0 -
1791617779 0 0 -
1791617782 0 0 -
1791617784 0 0 -
1791617786 0 0 -
1791617789 0 0 -
1791617791 0 0 -
1791617794 0 0 -
1791617796 0 0 -
1791617798 0 0 -
1791617801 0 0 -
1791617803 0 0 -
1791617806 0 0 -
1791617808 0 0 -
1791617811 0 0 -
1791617813 0 0 -
1791617815 0 0 -
1791617818 0 0 -
1791617820 0 0 -
1791617823 0 0 -
1791617825 0 0 -
1791617828 0 0 -
1791617830 0 0 -
1791617832 0 0 -
1791617835 0 0 -
1791617837 0 0 -
1791617840 0 0 -
1791617842 0 0 -
1791617844 0 0 -
1791617847 0 0 -
1791617849 0 0 -
1791617852 0 0 -
1791617854 0 0 -
1791617856 0 0 -
1791617859 0 0 -
1791617861 0 0 -
1791617864 0 0 -
1791617866 0 0 -
1791617869 0 0 -
1791617871 0 0 -
1791617874 0 0 -
1791617876 0 0 -
1791617878 0 0 -
1791617881 0 0 -
1791617883 0 0 -
1791617886 0 0 -
1791617888 0 0 -
1791617891 0 0 -
1791617893 0 0 -
1791617895 0 0 -
1791617898 0 0 -
1791617900 0 0 -
1791617903 0 0 -
1791617905 0 0 -
1791617907 0 0 -
1791617910 0 0 -
1791617912 0 0 -
1791617915 0 0 -
1791617917 0 0 -
1791617919 0 0 -
1791617922 0 0 -
1791617924 0 0 -
1791617927 0 0 -
1791617929 0 0 -
1791617932 0 0 -
1791617934 0 0 -
1791617936 0 0 -
1791617939 0 0 -
1791617941 0 0 -
1791617944 0 0 -
1791617946 0 0 -
1791617948 0 0 -
1791617951 0 0 -
1791617953 0 0 -
1791617956 0 0 -
1791617958 0 0 -
1791617960 0 0 -
1791617963 0 0 -
1791617965 0 0 -
1791617968 0 0 -
1791617970 0 0 -
1791617972 0 0 -
1791617975 0 0 -
1791617977 0 0 -
1791617980 0 0 -
1791617982 0 0 -
1791617985 0 0 -
1791617987 0 0 -
1791617989 0 0 -
1791617992 0 0 -
1791617994 0 0 -
1791617997 0 0 -
1791617999 0 0 -
1791618002 0 0 -
1791618004 0 0 -
1791618006 0 0 -
1791618009 0 0 -
1791618011 0 0 -
1791618014 0 0 -
1791618016 0 0 -
1791618018 0 0 -
1791618021 0 0 -
1791618023 0 0 -
1791618026 0 0 -
1791618028 0 0 -
1791618031 0 0 -
1791618033 0 0 -
1791618035 0 0 -
1791618038 0 0 -
1791618040 0 0 -
1791618043 0 0 -
1791618045 0 0 -
1791618048 0 0 -
1791618050 0 0 -
1791618052 0 0 -
1791618055 0 0 -
1791618057 0 0 -
1791618060 0 0 -
1791618062 0 0 -
1791618064 0 0 -
1791618067 0 0 -
1791618069 0 0 -
1791618072 0 0 -
1791618074 0 0 -
1791618076 0 0 -
1791618079 0 0 -
1791618081 0 0 -
1791618084 0 0 -
1791618086 0 0 -
1791618088 0 0 -
1791618091 0 0 -
1791618093 0 0 -
1791618096 0 0 -
1791618098 0 0 -
1791618101 0 0 -
1791618103 0 0 -
1791618105 0 0 -
1791618108 0 0 -
1791618110 0 0 -
1791618113 0 0 -
1791618115 0 0 -
1791618117 0 0 -
1791618120 0 0 -
1791618122 0 0 -
1791618125 0 0 -
1791618127 0 0 -
1791618129 0 0 -
1791618132 0 0 -
1791618134 0 0 -
1791618137 0 0 -
1791618139 0 0 -
1791618142 0 0 -
1791618144 0 0 -
1791618147 0 0 -
1791618149 0 0 -
1791618151 0 0 -
1791618154 0 0 -
1791618156 0 0 -
1791618159 0 0 -
1791618161 0 0 -
1791618163 0 0 -
1791618166 0 0 -
1791618168 0 0 -
1791618171 0 0 -
1791618173 0 0 -
1791618175 0 0 -
1791618178 0 0 -
1791618180 0 0 -
1791618183 0 0 -
1791618185 0 0 -
1791618187 0 0 -
1791618190 0 0 -
1791618192 0 0 -
1791618195 0 0 -
1791618197 0 0 -
1791618200 0 0 -
1791618202 0 0 -
1791618204 0 0 -
1791618207 0 0 -
1791618209 0 0 -
1791618212 0 0 -
1791618214 0 0 -
1791618217 0 0 -
1791618219 0 0 -
1791618221 0 0 -
1791618224 0 0 -
1791618226 0 0 -
1791618229 0 0 -
1791618231 0 0 -
1791618233 0 0 -
1791618236 0 0 -
1791618238 0 0 -
1791618241 0 0 -
1791618243 0 0 -
1791618245 0 0 -
1791618248 0 0 -
1791618250 0 0 -
1791618253 0 0 -
1791618255 0 0 -
1791618258 0 0 -
1791618260 0 0 -
1791618263 0 0 -
1791618265 0 0 -
1791618267 0 0 -
1791618270 0 0 -
1791618272 0 0 -
1791618275 0 0 -
1791618277 0 0 -
1791618279 0 0 -
1791618282 0 0 -
1791618284 0 0 -
1791618287 0 0 -
1791618289 0 0 -
1791618291 0 0 -
1791618294 0 0 -
1791618296 0 0 -
1791618299 0 0 -
1791618301 0 0 -
1791618304 0 0 -
1791618306 0 0 -
1791618308 0 0 -
1791618311 0 0 -
1791618313 0 0 -
1791618316 0 0 -
1791618318 0 0 -
1791618321 0 0 -
1791618323 0 0 -
1791618325 0 0 -
1791618328 0 0 -
1791618330 0 0 -
1791618333 0 0 -
1791618335 0 0 -
1791618337 0 0 -
1791618340 0 0 -
1791618342 0 0 -
1791618345 0 0 -
1791618347 0 0 -
1791618349 0 0 -
1791618352 0 0 -
1791618354 0 0 -
1791618357 0 0 -
1791618359 0 0 -
1791618361 0 0 -
1791618364 0 0 -
1791618366 0 0 -
1791618369 0 0 -
1791618371 0 0 -
1791618374 0 0 -
1791618376 0 0 -
1791618378 0 0 -
1791618381 0 0 -
1791618383 0 0 -
1791618386 0 0 -
1791618388 0 0 -
1791618390 0 0 -
1791618393 0 0 -
1791618395 0 0 -
1791618398 0 0 -
1791618400 0 0 -
1791618403 0 0 -
1791618405 0 0 -
1791618407 0 0 -
1791618410 0 0 -
1791618412 0 0 -
1791618415 0 0 -
1791618417 0 0 -
1791618419 0 0 -
1791618422 0 0 -
1791618424 0 0 -
1791618427 0 0 -
1791618429 0 0 -
1791618431 0 0 -
1791618434 0 0 -
1791618437 0 0 -
1791618439 0 0 -
1791618442 0 0 -
1791618444 0 0 -
1791618447 0 0 -
1791618449 0 0 -
1791618451 0 0 -
1791618454 0 0 -
1791618456 0 0 -
1791618459 0 0 -
1791618461 0 0 -
1791618463 0 0 -
1791618466 0 0 -
1791618468 0 0 -
1791618471 0 0 -
1791618473 0 0 -
1791618475 0 0 -
1791618478 0 0 -
1791618480 0 0 -
1791618483 0 0 -
1791618485 0 0 -
1791618487 0 0 -
1791618490 0 0 -
1791618492 0 0 -
1791618495 0 0 -
1791618497 0 0 -
1791618499 0 0 -
1791618502 0 0 -
1791618504 0 0 -
1791618507 0 0 -
1791618509 0 0 -
1791618512 0 0 -
1791618514 0 0 -
1791618516 0 0 -
1791618519 0 0 -
1791618521 0 0 -
1791618524 0 0 -
1791618526 0 0 -
1791618528 0 0 -
1791618531 0 0 -
1791618533 0 0 -
1791618536 0 0 -
1791618538 0 0 -
1791618540 0 0 -
1791618543 0 0 -
1791618545 0 0 -
1791618548 0 0 -
1791618550 0 0 -
1791618552 0 0 -
1791618555 0 0 -
1791618557 0 0 -
1791618560 0 0 -
1791618562 0 0 -
1791618564 0 0 -
1791618567 0 0 -
1791618569 0 0 -
1791618572 0 0 -
1791618574 0 0 -
1791618576 0 0 -
1791618579 0 0 -
1791618581 0 0 -
1791618584 0 0 -
1791618586 0 0 -
1791618589 0 0 -
1791618591 0 0 -
1791618593 0 0 -
1791618596 0 0 -
1791618598 0 0 -
1791618601 0 0 -
1791618603 0 0 -
1791618605 0 0 -
1791618608 0 0 -
1791618610 0 0 -
1791618613 0 0 -
1791618615 0 0 -
1791618617 0 0 -
1791618620 0 0 -
1791618622 0 0 -
1791618625 0 0 -
1791618629 -1 0 -
1791618633 -1 0 -
1791618635 0 0 -
1791618638 0 0 -
1791618640 0 0 -
1791618643 0 0 -
1791618645 0 0 -
1791618647 0 0 -
1791618650 0 0 -
1791618652 0 0 -
1791618655 0 0 -
1791618657 0 0 -
1791618659 0 0 -
1791618662 0 0 -
1791618664 0 0 -
1791618667 0 0 -
1791618669 0 0 -
1791618672 0 0 -
1791618674 0 0 -
1791618676 0 0 -
1791618679 0 0 -
1791618681 0 0 -
1791618684 0 0 -
1791618686 0 0 -
1791618688 0 0 -
1791618691 0 0 -
1791618693 0 0 -
1791618696 0 0 -
1791618698 0 0 -
1791618701 0 0 -
1791618703 0 0 -
1791618705 0 0 -
1791618708 0 0 -
1791618710 0 0 -
1791618712 0 0 -
1791618715 0 0 -
1791618717 0 0 -
1791618720 0 0 -
1791618722 0 0 -
1791618724 0 0 -
1791618727 0 0 -
1791618729 0 0 -
1791618732 0 0 -
1791618734 0 0 -
1791618736 0 0 -
1791618739 0 0 -
1791618741 0 0 -
1791618744 0 0 -
1791618746 0 0 -
1791618749 0 3 69457:3,
1791618751 0 0 -
1791618753 0 0 -
1791618756 0 0 -
1791618758 0 0 -
1791618761 0 0 -
1791618763 0 0 -
1791618766 0 0 -
1791618768 0 0 -
1791618770 0 0 -
1791618773 0 0 -
1791618775 0 0 -
1791618778 0 0 -
1791618780 0 0 -
1791618782 0 0 -
1791618785 0 0 -
1791618787 0 0 -
1791618790 0 0 -
1791618792 0 0 -
1791618795 0 0 -
1791618797 0 0 -
1791618799 0 0 -
1791618802 0 0 -
1791618804 0 0 -
1791618807 0 0 -
1791618809 0 0 -
1791618811 0 0 -
1791618814 0 0 -
1791618816 0 0 -
1791618819 0 0 -
1791618821 0 0 -
1791618824 0 0 -
1791618826 0 0 -
1791618828 0 0 -
1791618831 0 0 -
1791618833 0 0 -
1791618836 0 0 -
1791618838 0 0 -
1791618840 0 3 74468:3,
1791618843 0 0 -
1791618845 0 0 -
1791618847 0 0 -
1791618850 0 0 -
1791618852 0 0 -
1791618855 0 0 -
1791618857 0 0 -
1791618860 0 0 -
1791618862 0 0 -
1791618864 0 0 -
1791618867 0 0 -
1791618869 0 0 -
1791618872 0 0 -
1791618874 0 0 -
1791618876 0 0 -
1791618879 0 0 -
1791618881 0 0 -
1791618884 0 0 -
1791618886 0 0 -
1791618888 0 0 -
1791618891 0 0 -
1791618893 0 0 -
1791618896 0 0 -
1791618898 0 0 -
1791618901 0 0 -
1791618903 0 0 -
1791618905 0 0 -
1791618908 0 0 -
1791618910 0 0 -
1791618913 0 0 -
1791618915 0 0 -
1791618917 0 0 -
1791618920 0 0 -
1791618922 0 0 -
1791618925 0 0 -
1791618927 0 0 -
1791618929 0 0 -
1791618932 0 0 -
1791618934 0 0 -
1791618937 0 0 -
1791618939 0 0 -
1791618941 0 0 -
1791618944 0 0 -
1791618946 0 0 -
1791618949 0 0 -
1791618952 0 0 -
1791618954 0 0 -
1791618957 0 0 -
1791618959 0 0 -
1791618961 0 0 -
1791618964 0 0 -
1791618966 0 0 -
1791618969 0 0 -
1791618971 0 0 -
1791618973 0 0 -
1791618976 0 0 -
1791618978 0 0 -
1791618981 0 0 -
1791618983 0 0 -
1791618985 0 0 -
1791618988 0 0 -
1791618990 0 0 -
1791618993 0 0 -
1791618995 0 0 -
1791618998 0 0 -
1791619000 0 0 -
1791619002 0 0 -
1791619005 0 0 -
1791619007 0 0 -
1791619010 0 0 -
1791619012 0 0 -
1791619014 0 0 -
1791619017 0 0 -
1791619019 0 0 -
1791619022 0 0 -
1791619024 0 0 -
1791619027 0 0 -
1791619029 0 0 -
1791619031 0 0 -
1791619034 0 0 -
1791619036 0 0 -
1791619039 0 0 -
1791619041 0 0 -
1791619044 0 0 -
1791619046 0 0 -
1791619048 0 0 -
1791619051 0 0 -
1791619053 0 0 -
1791619056 0 0 -
1791619058 0 0 -
1791619060 0 0 -
1791619063 0 0 -
1791619065 0 0 -
1791619068 0 0 -
1791619070 0 0 -
1791619072 0 0 -
1791619075 0 0 -
1791619077 0 0 -
1791619079 0 0 -
1791619082 0 0 -
1791619084 0 0 -
1791619087 0 0 -
1791619089 0 0 -
1791619091 0 0 -
1791619094 0 0 -
1791619096 0 0 -
1791619099 0 0 -
1791619101 0 0 -
1791619104 0 0 -
1791619106 0 0 -
1791619108 0 0 -
1791619111 0 0 -
1791619113 0 0 -
1791619116 0 0 -
1791619118 0 0 -
1791619120 0 0 -
1791619123 0 0 -
1791619125 0 0 -
1791619128 0 0 -
1791619130 0 0 -
1791619132 0 0 -
1791619135 0 0 -
1791619137 0 0 -
1791619140 0 0 -
1791619142 0 0 -
1791619144 0 0 -
1791619147 0 0 -
1791619149 0 0 -
1791619152 0 0 -
1791619154 0 0 -
1791619156 0 0 -
1791619159 0 0 -
1791619161 0 0 -
1791619164 0 0 -
1791619166 0 0 -
1791619168 0 0 -
1791619171 0 0 -
1791619173 0 0 -
1791619176 0 0 -
1791619178 0 0 -
1791619180 0 0 -
1791619183 0 0 -
1791619185 0 0 -
1791619188 0 0 -
1791619190 0 0 -
1791619193 0 0 -
1791619195 0 0 -
1791619197 0 0 -
1791619200 0 0 -
1791619202 0 0 -
1791619205 0 0 -
1791619207 0 0 -
1791619209 0 0 -
1791619212 0 0 -
1791619214 0 0 -
1791619217 0 0 -
1791619219 0 0 -
1791619221 0 0 -
1791619224 0 0 -
1791619226 0 0 -
1791619229 0 0 -
1791619231 0 0 -
1791619234 0 0 -
1791619236 0 0 -
1791619238 0 0 -
1791619241 0 0 -
1791619243 0 0 -
1791619246 0 0 -
1791619248 0 0 -
1791619250 0 0 -
1791619253 0 0 -
1791619255 0 0 -
1791619258 0 0 -
1791619260 0 0 -
1791619262 0 0 -
1791619265 0 0 -
1791619267 0 0 -
1791619270 0 0 -
1791619272 0 0 -
1791619275 0 0 -
1791619277 0 0 -
1791619279 0 0 -
1791619282 0 0 -
1791619284 0 0 -
1791619287 0 0 -
1791619289 0 0 -
1791619291 0 0 -
1791619294 0 0 -
1791619296 0 0 -
1791619299 0 0 -
1791619301 0 0 -
1791619303 0 0 -
1791619306 0 0 -
1791619308 0 0 -
1791619311 0 0 -
1791619313 0 0 -
1791619316 0 0 -
1791619318 0 0 -
1791619320 0 0 -
1791619323 0 0 -
1791619325 0 0 -
1791619328 0 0 -
1791619330 0 0 -
1791619333 0 0 -
1791619335 0 0 -
1791619337 0 0 -
1791619340 0 0 -
1791619342 0 0 -
1791619345 0 0 -
1791619347 0 0 -
1791619349 0 0 -
1791619352 0 0 -
1791619354 0 0 -
1791619357 0 0 -
1791619359 0 0 -
1791619361 0 0 -
1791619364 0 0 -
1791619366 0 0 -
1791619369 0 0 -
1791619371 0 0 -
1791619374 0 0 -
1791619376 0 0 -
1791619378 0 0 -
1791619381 0 0 -
1791619383 0 0 -
1791619386 0 0 -
1791619388 0 0 -
1791619390 0 0 -
1791619393 0 0 -
1791619395 0 0 -
1791619398 0 0 -
1791619400 0 0 -
1791619402 0 0 -
1791619405 0 0 -
1791619407 0 0 -
1791619410 0 0 -
1791619412 0 0 -
1791619414 0 0 -
1791619417 0 0 -
1791619419 0 0 -
1791619422 0 0 -
1791619424 0 0 -
1791619426 0 0 -
1791619429 0 0 -
1791619431 0 0 -
1791619434 0 0 -
1791619436 0 0 -
1791619438 0 0 -
1791619441 0 0 -
1791619443 0 0 -
1791619446 0 0 -
1791619448 0 0 -
1791619451 0 0 -
1791619453 0 0 -
1791619455 0 0 -
1791619458 0 0 -
1791619460 0 0 -
1791619462 0 0 -
1791619465 0 0 -
1791619467 0 0 -
1791619470 0 0 -
1791619472 0 0 -
1791619475 0 0 -
1791619477 0 0 -
1791619479 0 0 -
1791619482 0 0 -
1791619484 0 0 -
1791619487 0 0 -
1791619489 0 0 -
1791619491 0 0 -
1791619494 0 0 -
1791619496 0 0 -
1791619499 0 0 -
1791619501 0 0 -
1791619504 0 0 -
1791619506 0 0 -
1791619508 0 0 -
1791619511 0 0 -
1791619513 0 3 91106:3,
1791619516 0 0 -
1791619518 0 0 -
1791619520 0 0 -
1791619523 0 0 -
