<studio-home>/lab-hw/r015.sh: line 13: <studio-home>/lab-hw/runs/r015/r015-a3b.jsonl: No such file or directory
2026-10-10T08:07:10Z out_lines=0 live_in_flight=0 gpu=0 other=0.1
<studio-home>/lab-hw/r015.sh: line 13: <studio-home>/lab-hw/runs/r015/r015-a3b.jsonl: No such file or directory
2026-10-10T08:07:20Z out_lines=0 live_in_flight=0 gpu=0 other=0.1
<studio-home>/lab-hw/r015.sh: line 13: <studio-home>/lab-hw/runs/r015/r015-a3b.jsonl: No such file or directory
2026-10-10T08:07:31Z out_lines=0 live_in_flight=0 gpu=0 other=0.1
<studio-home>/lab-hw/r015.sh: line 13: <studio-home>/lab-hw/runs/r015/r015-a3b.jsonl: No such file or directory
2026-10-10T08:07:41Z out_lines=0 live_in_flight=0 gpu=0 other=0.1
<studio-home>/lab-hw/r015.sh: line 13: <studio-home>/lab-hw/runs/r015/r015-a3b.jsonl: No such file or directory
2026-10-10T08:07:52Z out_lines=0 live_in_flight=0 gpu=0 other=0.1
<studio-home>/lab-hw/r015.sh: line 13: <studio-home>/lab-hw/runs/r015/r015-a3b.jsonl: No such file or directory
2026-10-10T08:08:02Z out_lines=0 live_in_flight=0 gpu=0 other=0.1
<studio-home>/lab-hw/r015.sh: line 13: <studio-home>/lab-hw/runs/r015/r015-a3b.jsonl: No such file or directory
2026-10-10T08:08:12Z out_lines=0 live_in_flight=0 gpu=100 other=0.1
<studio-home>/lab-hw/r015.sh: line 13: <studio-home>/lab-hw/runs/r015/r015-a3b.jsonl: No such file or directory
2026-10-10T08:08:23Z out_lines=0 live_in_flight=0 gpu=0 other=0.1
2026-10-10T08:08:33Z out_lines=       1 live_in_flight=0 gpu=0 other=0.1
2026-10-10T08:08:43Z out_lines=       1 live_in_flight=0 gpu=0 other=0.1
2026-10-10T08:08:54Z out_lines=       1 live_in_flight=0 gpu=83 other=0
2026-10-10T08:09:04Z out_lines=       3 live_in_flight=0 gpu=100 other=0.1
2026-10-10T08:09:15Z out_lines=       7 live_in_flight=0 gpu=79 other=0.1
2026-10-10T08:09:25Z out_lines=      13 live_in_flight=0 gpu=99 other=0.1
2026-10-10T08:09:35Z out_lines=      17 live_in_flight=0 gpu=83 other=0.1
2026-10-10T08:09:46Z out_lines=      23 live_in_flight=0 gpu=0 other=0.1
2026-10-10T08:09:56Z out_lines=      23 live_in_flight=0 gpu=0 other=0.1
2026-10-10T08:10:07Z out_lines=      23 live_in_flight=0 gpu=0 other=0.1
2026-10-10T08:10:17Z out_lines=      23 live_in_flight=0 gpu=85 other=0.1
2026-10-10T08:10:27Z out_lines=      24 live_in_flight=0 gpu=86 other=0.1
2026-10-10T08:10:38Z out_lines=      25 live_in_flight=0 gpu=81 other=0.1
2026-10-10T08:10:48Z out_lines=      27 live_in_flight=0 gpu=83 other=0
2026-10-10T08:10:59Z out_lines=      29 live_in_flight=0 gpu=72 other=0
2026-10-10T08:11:09Z out_lines=      33 live_in_flight=0 gpu=0 other=0.1
2026-10-10T08:11:19Z out_lines=      35 live_in_flight=0 gpu=87 other=0.2
2026-10-10T08:11:30Z out_lines=      37 live_in_flight=0 gpu=92 other=0.1
2026-10-10T08:11:40Z out_lines=      39 live_in_flight=0 gpu=96 other=0.1
2026-10-10T08:11:51Z out_lines=      41 live_in_flight=0 gpu=100 other=0.1
2026-10-10T08:12:01Z out_lines=      43 live_in_flight=0 gpu=85 other=0.1
2026-10-10T08:12:12Z out_lines=      45 live_in_flight=0 gpu=0 other=0.1
2026-10-10T08:12:22Z out_lines=      45 live_in_flight=0 gpu=0 other=0.1
2026-10-10T08:12:32Z out_lines=      45 live_in_flight=0 gpu=0 other=0.1
2026-10-10T08:12:43Z out_lines=      45 live_in_flight=0 gpu=86 other=0
2026-10-10T08:12:53Z out_lines=      46 live_in_flight=0 gpu=97 other=0.1
2026-10-10T08:13:04Z out_lines=      47 live_in_flight=0 gpu=100 other=0.1
2026-10-10T08:13:14Z out_lines=      49 live_in_flight=0 gpu=97 other=0.1
2026-10-10T08:13:24Z out_lines=      51 live_in_flight=0 gpu=90 other=0.1
2026-10-10T08:13:35Z out_lines=      53 live_in_flight=0 gpu=82 other=0.1
2026-10-10T08:13:45Z out_lines=      57 live_in_flight=0 gpu=57 other=0.1
2026-10-10T08:13:56Z out_lines=      59 live_in_flight=0 gpu=0 other=0.1
2026-10-10T08:14:06Z out_lines=      61 live_in_flight=0 gpu=0 other=0.1
2026-10-10T08:14:16Z out_lines=      63 live_in_flight=0 gpu=0 other=0.1
2026-10-10T08:14:27Z out_lines=      65 live_in_flight=0 gpu=0 other=0.1
2026-10-10T08:14:37Z out_lines=      67 live_in_flight=0 gpu=0 other=0.1
2026-10-10T08:14:48Z out_lines=      67 live_in_flight=0 gpu=0 other=0.1
2026-10-10T08:14:58Z out_lines=      67 live_in_flight=0 gpu=0 other=0.1
2026-10-10T08:15:09Z out_lines=      67 live_in_flight=0 gpu=97 other=0.1
2026-10-10T08:15:19Z out_lines=      67 live_in_flight=0 gpu=81 other=0.1
2026-10-10T08:15:29Z out_lines=      69 live_in_flight=0 gpu=1 other=0.1
2026-10-10T08:15:40Z out_lines=      69 live_in_flight=0 gpu=85 other=0.1
2026-10-10T08:15:50Z out_lines=      71 live_in_flight=0 gpu=82 other=0.1
2026-10-10T08:16:01Z out_lines=      73 live_in_flight=0 gpu=0 other=0.1
2026-10-10T08:16:11Z out_lines=      73 live_in_flight=0 gpu=84 other=0
2026-10-10T08:16:21Z out_lines=      75 live_in_flight=0 gpu=83 other=0
2026-10-10T08:16:32Z out_lines=      77 live_in_flight=0 gpu=0 other=0.1
2026-10-10T08:16:42Z out_lines=      77 live_in_flight=0 gpu=82 other=0
2026-10-10T08:16:53Z out_lines=      79 live_in_flight=0 gpu=82 other=0.1
2026-10-10T08:17:03Z out_lines=      81 live_in_flight=0 gpu=0 other=0.1
2026-10-10T08:17:13Z out_lines=      81 live_in_flight=0 gpu=78 other=0.1
2026-10-10T08:17:24Z out_lines=      83 live_in_flight=0 gpu=83 other=0
2026-10-10T08:17:34Z out_lines=      85 live_in_flight=0 gpu=0 other=0.1
2026-10-10T08:17:45Z out_lines=      85 live_in_flight=0 gpu=100 other=0.1
2026-10-10T08:17:55Z out_lines=      87 live_in_flight=0 gpu=96 other=0.1
2026-10-10T08:18:05Z out_lines=      87 live_in_flight=0 gpu=81 other=0.1
2026-10-10T08:18:16Z out_lines=      89 live_in_flight=0 gpu=0 other=0.1
2026-10-10T08:18:26Z out_lines=      89 live_in_flight=0 gpu=0 other=0.1
2026-10-10T08:18:37Z out_lines=      89 live_in_flight=0 gpu=100 other=0.1
2026-10-10T08:18:47Z out_lines=      89 live_in_flight=0 gpu=84 other=0
2026-10-10T08:18:57Z out_lines=      90 live_in_flight=0 gpu=83 other=0.1
2026-10-10T08:19:08Z out_lines=      91 live_in_flight=0 gpu=100 other=0.1
2026-10-10T08:19:18Z out_lines=      93 live_in_flight=0 gpu=77 other=0.1
2026-10-10T08:19:29Z out_lines=      93 live_in_flight=0 gpu=90 other=0.1
2026-10-10T08:19:39Z out_lines=      95 live_in_flight=0 gpu=82 other=0.1
2026-10-10T08:19:49Z out_lines=      95 live_in_flight=0 gpu=80 other=0.1
2026-10-10T08:20:00Z out_lines=      97 live_in_flight=0 gpu=86 other=0.1
2026-10-10T08:20:10Z out_lines=      99 live_in_flight=0 gpu=83 other=0
2026-10-10T08:20:21Z out_lines=      99 live_in_flight=0 gpu=79 other=0
2026-10-10T08:20:31Z out_lines=     101 live_in_flight= gpu=100 other=0.1
2026-10-10T08:20:43Z out_lines=     103 live_in_flight=0 gpu=96 other=0.1
2026-10-10T08:20:53Z out_lines=     103 live_in_flight=0 gpu=77 other=0.1
2026-10-10T08:21:04Z out_lines=     105 live_in_flight=0 gpu=83 other=0
2026-10-10T08:21:14Z out_lines=     105 live_in_flight=0 gpu=81 other=0
2026-10-10T08:21:25Z out_lines=     107 live_in_flight=0 gpu=100 other=0.1
2026-10-10T08:21:35Z out_lines=     109 live_in_flight=0 gpu=79 other=0.1
2026-10-10T08:21:45Z out_lines=     109 live_in_flight=0 gpu=80 other=0.1
2026-10-10T08:21:56Z out_lines=     111 live_in_flight=0 gpu=0 other=0.1
2026-10-10T08:22:06Z out_lines=     111 live_in_flight=0 gpu=0 other=0.1
2026-10-10T08:22:17Z out_lines=     111 live_in_flight=0 gpu=96 other=0
2026-10-10T08:22:27Z out_lines=     111 live_in_flight=0 gpu=0 other=0.1
2026-10-10T08:22:38Z out_lines=     111 live_in_flight=0 gpu=0 other=0
2026-10-10T08:22:48Z out_lines=     111 live_in_flight=0 gpu=87 other=0
2026-10-10T08:22:58Z out_lines=     112 live_in_flight=0 gpu=91 other=0.1
2026-10-10T08:23:09Z out_lines=     113 live_in_flight=0 gpu=0 other=0.1
2026-10-10T08:23:19Z out_lines=     113 live_in_flight=0 gpu=89 other=0
2026-10-10T08:23:29Z out_lines=     113 live_in_flight=0 gpu=85 other=0
2026-10-10T08:23:40Z out_lines=     113 live_in_flight=0 gpu=89 other=0
2026-10-10T08:23:50Z out_lines=     113 live_in_flight=0 gpu=90 other=0
2026-10-10T08:24:01Z out_lines=     115 live_in_flight=0 gpu=100 other=0.1
2026-10-10T08:24:11Z out_lines=     115 live_in_flight=0 gpu=93 other=0
2026-10-10T08:24:21Z out_lines=     115 live_in_flight=0 gpu=100 other=0.1
2026-10-10T08:24:32Z out_lines=     115 live_in_flight=0 gpu=89 other=0
2026-10-10T08:24:42Z out_lines=     117 live_in_flight=0 gpu=100 other=0.1
2026-10-10T08:24:53Z out_lines=     117 live_in_flight=0 gpu=90 other=0.1
2026-10-10T08:25:03Z out_lines=     117 live_in_flight=0 gpu=100 other=0.1
2026-10-10T08:25:13Z out_lines=     117 live_in_flight=0 gpu=100 other=0.1
2026-10-10T08:25:24Z out_lines=     119 live_in_flight=0 gpu=0 other=0.1
2026-10-10T08:25:34Z out_lines=     119 live_in_flight=0 gpu=88 other=0.1
2026-10-10T08:25:45Z out_lines=     119 live_in_flight=0 gpu=89 other=0.1
2026-10-10T08:25:55Z out_lines=     119 live_in_flight=0 gpu=89 other=0.1
2026-10-10T08:26:05Z out_lines=     119 live_in_flight=0 gpu=88 other=0.1
2026-10-10T08:26:16Z out_lines=     121 live_in_flight=0 gpu=87 other=0.1
2026-10-10T08:26:26Z out_lines=     121 live_in_flight=0 gpu=87 other=0.1
2026-10-10T08:26:37Z out_lines=     121 live_in_flight=0 gpu=91 other=0.1
2026-10-10T08:26:47Z out_lines=     121 live_in_flight=0 gpu=89 other=0
2026-10-10T08:26:57Z out_lines=     123 live_in_flight=0 gpu=100 other=0.1
2026-10-10T08:27:08Z out_lines=     123 live_in_flight=0 gpu=90 other=0.1
2026-10-10T08:27:18Z out_lines=     123 live_in_flight=0 gpu=100 other=0.1
2026-10-10T08:27:28Z out_lines=     123 live_in_flight=0 gpu=100 other=0.1
2026-10-10T08:27:39Z out_lines=     125 live_in_flight=0 gpu=0 other=0.1
2026-10-10T08:27:49Z out_lines=     125 live_in_flight=0 gpu=91 other=0
2026-10-10T08:28:00Z out_lines=     125 live_in_flight=0 gpu=100 other=0.1
2026-10-10T08:28:10Z out_lines=     125 live_in_flight=0 gpu=90 other=0.1
2026-10-10T08:28:20Z out_lines=     127 live_in_flight=0 gpu=0 other=0.1
2026-10-10T08:28:31Z out_lines=     127 live_in_flight=0 gpu=90 other=0
2026-10-10T08:28:41Z out_lines=     127 live_in_flight=0 gpu=87 other=0
2026-10-10T08:28:52Z out_lines=     127 live_in_flight=0 gpu=100 other=0
2026-10-10T08:29:02Z out_lines=     127 live_in_flight=0 gpu=90 other=0.1
2026-10-10T08:29:13Z out_lines=     129 live_in_flight=0 gpu=86 other=0.1
2026-10-10T08:29:23Z out_lines=     129 live_in_flight=0 gpu=90 other=0
2026-10-10T08:29:33Z out_lines=     129 live_in_flight=0 gpu=90 other=0.1
2026-10-10T08:29:44Z out_lines=     129 live_in_flight=0 gpu=90 other=0
2026-10-10T08:29:54Z out_lines=     131 live_in_flight=0 gpu=100 other=0.1
2026-10-10T08:30:05Z out_lines=     131 live_in_flight=0 gpu=85 other=0.1
2026-10-10T08:30:15Z out_lines=     131 live_in_flight=0 gpu=95 other=0.1
2026-10-10T08:30:25Z out_lines=     131 live_in_flight=0 gpu=91 other=0
2026-10-10T08:30:36Z out_lines=     133 live_in_flight=0 gpu=0 other=0.1
2026-10-10T08:30:46Z out_lines=     133 live_in_flight=0 gpu=0 other=0.1
2026-10-10T08:30:57Z out_lines=     133 live_in_flight=0 gpu=0 other=0.1
2026-10-10T08:31:07Z out_lines=     133 live_in_flight=0 gpu=83 other=0
2026-10-10T08:31:17Z out_lines=     133 live_in_flight=0 gpu=0 other=0.1
2026-10-10T08:31:28Z out_lines=     133 live_in_flight=0 gpu=90 other=0
2026-10-10T08:31:38Z out_lines=     133 live_in_flight=0 gpu=91 other=0.1
2026-10-10T08:31:49Z out_lines=     133 live_in_flight=0 gpu=92 other=0.1
2026-10-10T08:31:59Z out_lines=     133 live_in_flight=0 gpu=86 other=0.1
2026-10-10T08:32:09Z out_lines=     135 live_in_flight=0 gpu=87 other=0
2026-10-10T08:32:20Z out_lines=     135 live_in_flight=0 gpu=89 other=0
2026-10-10T08:32:30Z out_lines=     135 live_in_flight=0 gpu=93 other=0
2026-10-10T08:32:41Z out_lines=     135 live_in_flight=0 gpu=100 other=0
2026-10-10T08:32:51Z out_lines=     137 live_in_flight=0 gpu=91 other=0.1
2026-10-10T08:33:01Z out_lines=     137 live_in_flight=0 gpu=90 other=0.1
2026-10-10T08:33:12Z out_lines=     137 live_in_flight=0 gpu=91 other=0.1
2026-10-10T08:33:22Z out_lines=     137 live_in_flight=0 gpu=89 other=0.1
2026-10-10T08:33:33Z out_lines=     139 live_in_flight=0 gpu=100 other=0.1
2026-10-10T08:33:43Z out_lines=     139 live_in_flight=0 gpu=86 other=0.1
2026-10-10T08:33:53Z out_lines=     139 live_in_flight=0 gpu=100 other=0.1
2026-10-10T08:34:04Z out_lines=     139 live_in_flight=0 gpu=90 other=0.1
2026-10-10T08:34:14Z out_lines=     141 live_in_flight=0 gpu=76 other=0.1
2026-10-10T08:34:25Z out_lines=     141 live_in_flight=0 gpu=86 other=0
2026-10-10T08:34:35Z out_lines=     141 live_in_flight=0 gpu=100 other=0.1
2026-10-10T08:34:46Z out_lines=     141 live_in_flight=0 gpu=95 other=0
2026-10-10T08:34:56Z out_lines=     143 live_in_flight=0 gpu=0 other=0.1
2026-10-10T08:35:07Z out_lines=     143 live_in_flight=0 gpu=90 other=0.1
2026-10-10T08:35:17Z out_lines=     143 live_in_flight=0 gpu=90 other=0.1
2026-10-10T08:35:28Z out_lines=     143 live_in_flight= gpu=90 other=0.1
2026-10-10T08:35:40Z out_lines=     145 live_in_flight=0 gpu=0 other=0.1
2026-10-10T08:35:50Z out_lines=     145 live_in_flight=0 gpu=89 other=0.1
2026-10-10T08:36:01Z out_lines=     145 live_in_flight=0 gpu=86 other=0.1
2026-10-10T08:36:11Z out_lines=     145 live_in_flight=0 gpu=90 other=0.1
2026-10-10T08:36:21Z out_lines=     145 live_in_flight=0 gpu=90 other=0.1
2026-10-10T08:36:32Z out_lines=     147 live_in_flight=0 gpu=100 other=0.1
2026-10-10T08:36:42Z out_lines=     147 live_in_flight=0 gpu=89 other=0
2026-10-10T08:36:52Z out_lines=     147 live_in_flight=0 gpu=100 other=0.1
2026-10-10T08:37:03Z out_lines=     147 live_in_flight=0 gpu=91 other=0
2026-10-10T08:37:13Z out_lines=     149 live_in_flight=0 gpu=97 other=0.1
2026-10-10T08:37:24Z out_lines=     149 live_in_flight=0 gpu=90 other=0.1
2026-10-10T08:37:34Z out_lines=     149 live_in_flight=0 gpu=98 other=0.1
2026-10-10T08:37:44Z out_lines=     149 live_in_flight=0 gpu=91 other=0
2026-10-10T08:37:55Z out_lines=     151 live_in_flight=0 gpu=97 other=0.1
2026-10-10T08:38:05Z out_lines=     151 live_in_flight=0 gpu=91 other=0.1
2026-10-10T08:38:16Z out_lines=     151 live_in_flight=0 gpu=100 other=0.1
2026-10-10T08:38:26Z out_lines=     151 live_in_flight=0 gpu=95 other=0
2026-10-10T08:38:37Z out_lines=     153 live_in_flight=0 gpu=0 other=0.1
2026-10-10T08:38:47Z out_lines=     153 live_in_flight=0 gpu=91 other=0
2026-10-10T08:38:58Z out_lines=     153 live_in_flight=0 gpu=87 other=0
2026-10-10T08:39:08Z out_lines=     153 live_in_flight=0 gpu=100 other=0.2
2026-10-10T08:39:19Z out_lines=     153 live_in_flight=0 gpu=94 other=0.1
2026-10-10T08:39:29Z out_lines=     155 live_in_flight=0 gpu=97 other=0.1
2026-10-10T08:39:39Z out_lines=     155 live_in_flight=0 gpu=100 other=0.1
2026-10-10T08:39:50Z out_lines=     155 live_in_flight=0 gpu=89 other=0.1
2026-10-10T08:40:00Z out_lines=     155 live_in_flight=0 gpu=87 other=0.1
2026-10-10T08:40:11Z out_lines=     157 live_in_flight=0 gpu=100 other=0.2
2026-10-10T08:40:21Z out_lines=     157 live_in_flight=0 gpu=93 other=0.1
2026-10-10T08:40:31Z out_lines=     157 live_in_flight=0 gpu=95 other=0.1
2026-10-10T08:40:42Z out_lines=     157 live_in_flight=0 gpu=0 other=0
2026-10-10T08:40:52Z out_lines=     159 live_in_flight=0 gpu=97 other=0.1
2026-10-10T08:41:03Z out_lines=     159 live_in_flight=0 gpu=87 other=0.1
2026-10-10T08:41:13Z out_lines=     159 live_in_flight=0 gpu=100 other=0.1
2026-10-10T08:41:24Z out_lines=     159 live_in_flight=0 gpu=90 other=0.1
2026-10-10T08:41:34Z out_lines=     161 live_in_flight=0 gpu=0 other=0.1
2026-10-10T08:41:44Z out_lines=     161 live_in_flight=0 gpu=0 other=0.1
2026-10-10T08:41:55Z out_lines=     161 live_in_flight=0 gpu=88 other=0.1
2026-10-10T08:42:05Z out_lines=     161 live_in_flight=0 gpu=91 other=0.1
2026-10-10T08:42:16Z out_lines=     161 live_in_flight=0 gpu=0 other=0
2026-10-10T08:42:26Z out_lines=     163 live_in_flight=0 gpu=91 other=0
2026-10-10T08:42:36Z out_lines=     163 live_in_flight=0 gpu=89 other=0
2026-10-10T08:42:47Z out_lines=     163 live_in_flight=0 gpu=91 other=0.1
2026-10-10T08:42:57Z out_lines=     163 live_in_flight=0 gpu=90 other=0.1
2026-10-10T08:43:08Z out_lines=     165 live_in_flight=0 gpu=100 other=0.1
2026-10-10T08:43:18Z out_lines=     165 live_in_flight=0 gpu=88 other=0.1
2026-10-10T08:43:29Z out_lines=     165 live_in_flight=0 gpu=90 other=0.2
2026-10-10T08:43:39Z out_lines=     165 live_in_flight=0 gpu=89 other=0.1
2026-10-10T08:43:49Z out_lines=     167 live_in_flight=0 gpu=0 other=0.1
2026-10-10T08:44:00Z out_lines=     167 live_in_flight=0 gpu=100 other=0.1
2026-10-10T08:44:10Z out_lines=     167 live_in_flight=0 gpu=100 other=0.1
2026-10-10T08:44:21Z out_lines=     167 live_in_flight=0 gpu=90 other=0.1
2026-10-10T08:44:31Z out_lines=     169 live_in_flight=0 gpu=0 other=0.1
2026-10-10T08:44:41Z out_lines=     169 live_in_flight=0 gpu=89 other=0
2026-10-10T08:44:52Z out_lines=     169 live_in_flight=0 gpu=83 other=0
2026-10-10T08:45:02Z out_lines=     169 live_in_flight=0 gpu=94 other=0
2026-10-10T08:45:13Z out_lines=     171 live_in_flight=0 gpu=0 other=0.1
2026-10-10T08:45:23Z out_lines=     171 live_in_flight=0 gpu=90 other=0.1
2026-10-10T08:45:33Z out_lines=     171 live_in_flight=0 gpu=91 other=0.1
2026-10-10T08:45:44Z out_lines=     171 live_in_flight=0 gpu=90 other=0
2026-10-10T08:45:54Z out_lines=     171 live_in_flight=0 gpu=91 other=0
2026-10-10T08:46:05Z out_lines=     173 live_in_flight=0 gpu=100 other=0.1
2026-10-10T08:46:15Z out_lines=     173 live_in_flight=0 gpu=92 other=0.1
2026-10-10T08:46:26Z out_lines=     173 live_in_flight=0 gpu=100 other=0.1
2026-10-10T08:46:36Z out_lines=     173 live_in_flight=0 gpu=86 other=0.1
2026-10-10T08:46:46Z out_lines=     175 live_in_flight=0 gpu=100 other=0.1
2026-10-10T08:46:57Z out_lines=     175 live_in_flight=0 gpu=91 other=0
2026-10-10T08:47:07Z out_lines=     175 live_in_flight=0 gpu=100 other=0.1
2026-10-10T08:47:18Z out_lines=     175 live_in_flight=0 gpu=100 other=0
2026-10-10T08:47:28Z out_lines=     177 live_in_flight=0 gpu=100 other=0.1
2026-10-10T08:47:38Z out_lines=     177 live_in_flight=0 gpu=89 other=0.1
2026-10-10T08:47:49Z out_lines=     177 live_in_flight=0 gpu=97 other=0.1
2026-10-10T08:47:59Z out_lines=     177 live_in_flight=0 gpu=91 other=0.1
2026-10-10T08:48:10Z out_lines=     179 live_in_flight=0 gpu=0 other=0.1
2026-10-10T08:48:20Z out_lines=     179 live_in_flight=0 gpu=90 other=0.1
2026-10-10T08:48:31Z out_lines=     179 live_in_flight=0 gpu=90 other=0.1
2026-10-10T08:48:41Z out_lines=     179 live_in_flight=0 gpu=92 other=0.1
2026-10-10T08:48:51Z out_lines=     179 live_in_flight=0 gpu=88 other=0.1
2026-10-10T08:49:02Z out_lines=     181 live_in_flight=0 gpu=92 other=0.1
2026-10-10T08:49:12Z out_lines=     181 live_in_flight=0 gpu=90 other=0
2026-10-10T08:49:23Z out_lines=     181 live_in_flight=0 gpu=89 other=0.1
2026-10-10T08:49:33Z out_lines=     181 live_in_flight=0 gpu=90 other=0
2026-10-10T08:49:43Z out_lines=     183 live_in_flight=0 gpu=100 other=0.1
2026-10-10T08:49:54Z out_lines=     183 live_in_flight=0 gpu=91 other=0.1
2026-10-10T08:50:04Z out_lines=     183 live_in_flight=0 gpu=100 other=0.1
2026-10-10T08:50:15Z out_lines=     183 live_in_flight=0 gpu=100 other=0
2026-10-10T08:50:25Z out_lines=     185 live_in_flight= gpu=100 other=0.1
2026-10-10T08:50:37Z out_lines=     185 live_in_flight=0 gpu=90 other=0.1
2026-10-10T08:50:48Z out_lines=     185 live_in_flight=0 gpu=100 other=0.1
2026-10-10T08:50:58Z out_lines=     185 live_in_flight=0 gpu=90 other=0.1
2026-10-10T08:51:08Z out_lines=     187 live_in_flight=0 gpu=98 other=0.1
2026-10-10T08:51:19Z out_lines=     187 live_in_flight=0 gpu=89 other=0
2026-10-10T08:51:29Z out_lines=     187 live_in_flight=0 gpu=85 other=0.1
2026-10-10T08:51:40Z out_lines=     187 live_in_flight=0 gpu=91 other=0
2026-10-10T08:51:50Z out_lines=     189 live_in_flight=0 gpu=0 other=0.1
2026-10-10T08:52:00Z out_lines=     189 live_in_flight=0 gpu=91 other=0
2026-10-10T08:52:11Z out_lines=     189 live_in_flight=0 gpu=89 other=0
2026-10-10T08:52:21Z out_lines=     189 live_in_flight=0 gpu=91 other=0
2026-10-10T08:52:32Z out_lines=     189 live_in_flight=0 gpu=91 other=0
2026-10-10T08:52:42Z out_lines=     191 live_in_flight=0 gpu=94 other=0.1
2026-10-10T08:52:52Z out_lines=     191 live_in_flight=0 gpu=90 other=0.1
2026-10-10T08:53:03Z out_lines=     191 live_in_flight=0 gpu=90 other=0.1
2026-10-10T08:53:13Z out_lines=     191 live_in_flight=0 gpu=94 other=0
2026-10-10T08:53:24Z out_lines=     193 live_in_flight=0 gpu=100 other=0.1
2026-10-10T08:53:34Z out_lines=     193 live_in_flight=0 gpu=88 other=0
2026-10-10T08:53:44Z out_lines=     193 live_in_flight=0 gpu=100 other=0.1
2026-10-10T08:53:55Z out_lines=     193 live_in_flight=0 gpu=90 other=0.1
2026-10-10T08:54:05Z out_lines=     195 live_in_flight=0 gpu=100 other=0.1
2026-10-10T08:54:16Z out_lines=     195 live_in_flight=0 gpu=92 other=0.1
2026-10-10T08:54:26Z out_lines=     195 live_in_flight=0 gpu=100 other=0.1
2026-10-10T08:54:37Z out_lines=     195 live_in_flight=0 gpu=93 other=0
2026-10-10T08:54:47Z out_lines=     197 live_in_flight=0 gpu=0 other=0.1
2026-10-10T08:54:57Z out_lines=     197 live_in_flight=0 gpu=88 other=0
2026-10-10T08:55:08Z out_lines=     197 live_in_flight=0 gpu=88 other=0.1
2026-10-10T08:55:18Z out_lines=     197 live_in_flight=0 gpu=88 other=0.1
2026-10-10T08:55:29Z out_lines=     197 live_in_flight=0 gpu=89 other=0.1
2026-10-10T08:55:40Z out_lines=     199 live_in_flight=0 gpu=90 other=0
2026-10-10T08:55:50Z out_lines=     199 live_in_flight=0 gpu=91 other=0
2026-10-10T08:56:00Z out_lines=     199 live_in_flight=0 gpu=88 other=0
2026-10-10T08:56:11Z out_lines=     199 live_in_flight=0 gpu=100 other=0
2026-10-10T08:56:21Z out_lines=     201 live_in_flight=0 gpu=100 other=0.1
2026-10-10T08:56:32Z out_lines=     201 live_in_flight=0 gpu=85 other=0
2026-10-10T08:56:42Z out_lines=     201 live_in_flight=0 gpu=86 other=0.1
2026-10-10T08:56:53Z out_lines=     201 live_in_flight=0 gpu=100 other=0
2026-10-10T08:57:03Z out_lines=     203 live_in_flight=0 gpu=100 other=0.1
2026-10-10T08:57:14Z out_lines=     203 live_in_flight=0 gpu=100 other=0.1
2026-10-10T08:57:24Z out_lines=     203 live_in_flight=0 gpu=95 other=0.1
2026-10-10T08:57:34Z out_lines=     203 live_in_flight=0 gpu=91 other=0.1
2026-10-10T08:57:45Z out_lines=     205 live_in_flight=0 gpu=90 other=0.1
2026-10-10T08:57:55Z out_lines=     205 live_in_flight=0 gpu=89 other=0
2026-10-10T08:58:06Z out_lines=     205 live_in_flight=0 gpu=100 other=0.1
2026-10-10T08:58:16Z out_lines=     205 live_in_flight=0 gpu=90 other=0
2026-10-10T08:58:26Z out_lines=     207 live_in_flight=0 gpu=0 other=0.1
2026-10-10T08:58:37Z out_lines=     207 live_in_flight=0 gpu=90 other=0
2026-10-10T08:58:47Z out_lines=     207 live_in_flight=0 gpu=88 other=0
2026-10-10T08:58:58Z out_lines=     207 live_in_flight=0 gpu=90 other=0.1
2026-10-10T08:59:08Z out_lines=     207 live_in_flight=0 gpu=91 other=0.1
2026-10-10T08:59:18Z out_lines=     209 live_in_flight=0 gpu=100 other=0.1
2026-10-10T08:59:29Z out_lines=     209 live_in_flight=0 gpu=90 other=0.1
2026-10-10T08:59:39Z out_lines=     209 live_in_flight=0 gpu=100 other=0.1
2026-10-10T08:59:50Z out_lines=     209 live_in_flight=0 gpu=92 other=0
2026-10-10T09:00:00Z out_lines=     211 live_in_flight=0 gpu=100 other=0.1
2026-10-10T09:00:11Z out_lines=     211 live_in_flight=0 gpu=91 other=0.1
2026-10-10T09:00:21Z out_lines=     211 live_in_flight=0 gpu=100 other=0.1
2026-10-10T09:00:31Z out_lines=     211 live_in_flight=0 gpu=90 other=0.1
2026-10-10T09:00:42Z out_lines=     213 live_in_flight=0 gpu=93 other=0.1
2026-10-10T09:00:52Z out_lines=     213 live_in_flight=0 gpu=89 other=0
2026-10-10T09:01:03Z out_lines=     213 live_in_flight=0 gpu=100 other=0.1
2026-10-10T09:01:13Z out_lines=     213 live_in_flight=0 gpu=88 other=0
