1791619630 0 0 -
1791619633 0 0 -
1791619635 0 0 -
1791619637 0 0 -
1791619640 0 0 -
1791619642 0 0 -
1791619645 0 0 -
1791619647 0 0 -
1791619649 0 0 -
1791619652 0 0 -
1791619654 0 0 -
1791619657 0 0 -
1791619659 0 0 -
1791619661 0 3 8810:3,
1791619664 0 0 -
1791619666 0 0 -
1791619669 0 0 -
1791619671 0 0 -
1791619673 0 0 -
1791619676 0 0 -
1791619678 0 0 -
1791619680 0 0 -
1791619683 0 0 -
1791619685 0 0 -
1791619688 0 0 -
1791619690 0 0 -
1791619692 0 4 9054:4,
1791619695 0 6 74470:3,74472:3,
1791619697 0 0 -
1791619700 0 0 -
1791619702 0 0 -
1791619704 0 0 -
1791619707 0 0 -
1791619709 0 0 -
1791619712 0 0 -
1791619714 0 0 -
1791619716 0 0 -
1791619719 0 0 -
1791619721 0 0 -
1791619724 0 6 9434:6,
1791619726 0 0 -
1791619728 0 0 -
1791619731 0 0 -
1791619733 0 0 -
1791619736 0 0 -
1791619738 0 0 -
1791619740 0 0 -
1791619743 0 0 -
1791619745 0 0 -
1791619748 0 0 -
1791619750 0 0 -
1791619752 0 0 -
1791619755 0 6 9684:6,
1791619757 0 0 -
1791619759 0 0 -
1791619762 0 0 -
1791619764 0 0 -
1791619767 0 0 -
1791619769 0 0 -
1791619771 0 0 -
1791619774 0 0 -
1791619776 0 0 -
1791619779 0 0 -
1791619781 0 0 -
1791619783 0 0 -
1791619786 0 0 -
1791619788 0 0 -
1791619791 0 0 -
1791619793 0 0 -
1791619795 0 0 -
1791619798 0 0 -
1791619800 0 0 -
1791619803 0 0 -
1791619805 0 0 -
1791619807 0 0 -
1791619810 0 0 -
1791619812 0 0 -
1791619815 0 0 -
1791619817 0 0 -
1791619819 0 0 -
1791619822 0 0 -
1791619824 0 0 -
1791619827 0 0 -
1791619829 0 0 -
1791619831 0 0 -
1791619834 0 0 -
1791619836 0 0 -
1791619839 0 0 -
1791619841 0 0 -
1791619843 0 0 -
1791619846 0 0 -
1791619848 0 0 -
1791619851 0 3 91106:3,
1791619853 0 0 -
1791619855 0 0 -
1791619858 0 0 -
1791619860 0 0 -
1791619863 0 0 -
1791619865 0 0 -
1791619868 0 0 -
1791619870 0 0 -
1791619872 0 0 -
1791619875 0 0 -
1791619877 0 0 -
1791619879 0 0 -
1791619882 0 0 -
1791619884 0 0 -
1791619887 0 0 -
1791619889 0 0 -
1791619892 0 0 -
1791619894 0 0 -
1791619896 0 0 -
1791619899 0 0 -
1791619901 0 0 -
1791619904 0 0 -
1791619906 0 0 -
1791619908 0 0 -
1791619911 0 0 -
1791619913 0 0 -
1791619916 0 0 -
1791619918 0 0 -
1791619921 0 0 -
1791619923 0 0 -
1791619925 0 0 -
1791619928 0 0 -
1791619930 0 0 -
1791619932 0 0 -
1791619935 0 0 -
1791619937 0 0 -
1791619940 0 0 -
1791619942 0 0 -
1791619944 0 0 -
1791619947 0 0 -
1791619949 0 0 -
1791619952 0 0 -
1791619954 0 0 -
1791619956 0 0 -
1791619959 0 0 -
1791619961 0 0 -
1791619964 0 0 -
1791619966 0 0 -
1791619968 0 0 -
1791619971 0 0 -
1791619973 0 0 -
1791619976 0 0 -
1791619978 0 0 -
1791619980 0 0 -
1791619983 0 0 -
1791619985 0 0 -
1791619988 0 0 -
1791619990 0 0 -
1791619992 0 0 -
1791619995 0 0 -
1791619997 0 0 -
1791620000 0 0 -
1791620002 0 0 -
1791620004 0 0 -
1791620007 0 0 -
1791620009 0 0 -
1791620012 0 0 -
1791620014 0 0 -
1791620016 0 0 -
1791620019 0 0 -
1791620021 0 0 -
1791620024 0 0 -
1791620026 0 0 -
1791620028 0 0 -
1791620031 0 3 74470:3,
1791620033 0 0 -
1791620036 0 0 -
1791620038 0 0 -
1791620040 0 0 -
1791620043 0 0 -
1791620045 0 0 -
1791620047 0 0 -
1791620050 0 0 -
1791620052 0 0 -
1791620054 0 0 -
1791620057 0 0 -
1791620059 0 0 -
1791620062 0 0 -
1791620064 0 0 -
1791620066 0 0 -
1791620069 0 0 -
1791620071 0 0 -
1791620074 0 0 -
1791620076 0 0 -
1791620078 0 0 -
1791620081 0 0 -
1791620083 0 0 -
1791620086 0 0 -
1791620088 0 6 13477:6,
1791620090 0 0 -
1791620093 0 0 -
1791620095 0 0 -
1791620098 0 0 -
1791620100 0 0 -
1791620103 0 0 -
1791620105 0 0 -
1791620107 0 0 -
1791620110 0 0 -
1791620112 0 0 -
1791620114 0 0 -
1791620117 0 0 -
1791620119 0 7 13725:7,
1791620122 0 0 -
1791620124 0 0 -
1791620126 0 0 -
1791620129 0 0 -
1791620131 0 0 -
1791620134 0 0 -
1791620136 0 0 -
1791620138 0 0 -
1791620141 0 0 -
1791620143 0 0 -
1791620146 0 0 -
1791620148 0 0 -
1791620150 0 7 14100:7,
1791620153 0 0 -
1791620155 0 0 -
1791620157 0 0 -
1791620160 0 0 -
1791620162 0 0 -
1791620165 0 0 -
1791620167 0 0 -
1791620169 0 0 -
1791620172 0 0 -
1791620174 0 0 -
1791620177 0 0 -
1791620179 0 0 -
1791620181 0 0 -
1791620184 0 0 -
1791620186 0 0 -
1791620188 0 0 -
1791620191 0 0 -
1791620193 0 0 -
1791620196 0 0 -
1791620198 0 0 -
1791620201 0 0 -
1791620203 0 0 -
1791620205 0 0 -
1791620208 0 0 -
1791620210 0 0 -
1791620212 0 0 -
1791620215 0 0 -
1791620217 0 0 -
1791620220 0 0 -
1791620222 0 0 -
1791620225 0 0 -
1791620227 0 0 -
1791620229 0 0 -
1791620232 0 0 -
1791620234 0 0 -
1791620237 0 0 -
1791620239 0 0 -
1791620241 0 0 -
1791620244 0 0 -
1791620246 0 0 -
1791620248 0 0 -
1791620251 0 0 -
1791620253 0 0 -
1791620256 0 0 -
1791620258 0 0 -
1791620261 0 0 -
1791620263 0 0 -
1791620265 0 0 -
1791620268 0 0 -
1791620270 0 0 -
1791620272 0 0 -
1791620275 0 0 -
1791620277 0 0 -
1791620280 0 0 -
1791620282 0 0 -
1791620284 0 0 -
1791620287 0 0 -
1791620289 0 0 -
1791620292 0 0 -
1791620294 0 0 -
1791620296 0 0 -
1791620299 0 0 -
1791620301 0 0 -
1791620304 0 0 -
1791620306 0 0 -
1791620308 0 0 -
1791620311 0 0 -
1791620313 0 0 -
1791620315 0 0 -
1791620318 0 0 -
1791620320 0 0 -
1791620323 0 0 -
1791620325 0 0 -
1791620328 0 0 -
1791620330 0 0 -
1791620333 0 0 -
1791620335 0 0 -
1791620337 0 0 -
1791620340 0 0 -
1791620342 0 0 -
1791620344 0 0 -
1791620347 0 0 -
1791620349 0 0 -
1791620352 0 0 -
1791620354 0 0 -
1791620356 0 0 -
1791620359 0 0 -
1791620361 0 0 -
1791620364 0 0 -
1791620366 0 0 -
1791620368 0 0 -
1791620371 0 0 -
1791620373 0 0 -
1791620376 0 0 -
1791620378 0 0 -
1791620380 0 0 -
1791620383 0 0 -
1791620385 0 0 -
1791620387 0 0 -
1791620390 0 0 -
1791620392 0 0 -
1791620395 0 0 -
1791620397 0 0 -
1791620399 0 0 -
1791620402 0 0 -
1791620404 0 0 -
1791620407 0 0 -
1791620409 0 0 -
1791620411 0 0 -
1791620414 0 0 -
1791620416 0 0 -
1791620418 0 0 -
1791620421 0 4 16722:4,
1791620423 0 0 -
1791620427 -1 0 -
1791620431 -1 0 -
1791620435 0 0 -
1791620438 0 0 -
1791620440 0 0 -
1791620442 0 0 -
1791620445 0 0 -
1791620447 0 0 -
1791620450 0 0 -
1791620452 0 0 -
1791620454 0 0 -
1791620457 0 0 -
1791620459 0 0 -
1791620462 0 0 -
1791620464 0 0 -
1791620466 0 0 -
1791620469 0 0 -
1791620471 0 0 -
1791620473 0 0 -
1791620476 0 0 -
1791620478 0 0 -
1791620481 0 0 -
1791620483 0 0 -
1791620485 0 0 -
1791620488 0 0 -
1791620490 0 0 -
1791620493 0 0 -
1791620495 0 0 -
1791620497 0 0 -
1791620500 0 0 -
1791620502 0 0 -
1791620505 0 0 -
1791620507 0 0 -
1791620509 0 0 -
1791620512 0 0 -
1791620514 0 0 -
1791620516 0 0 -
1791620519 0 0 -
1791620521 0 0 -
1791620524 0 0 -
1791620526 0 0 -
1791620528 0 0 -
1791620531 0 0 -
1791620533 0 0 -
1791620536 0 0 -
1791620538 0 0 -
1791620540 0 0 -
1791620543 0 0 -
1791620545 0 0 -
1791620548 0 0 -
1791620550 0 0 -
1791620552 0 0 -
1791620555 0 0 -
1791620557 0 0 -
1791620560 0 0 -
1791620562 0 0 -
1791620564 0 0 -
1791620567 0 0 -
1791620569 0 0 -
1791620572 0 0 -
1791620574 0 0 -
1791620576 0 0 -
1791620579 0 0 -
1791620581 0 0 -
1791620584 0 0 -
1791620586 0 0 -
1791620588 0 0 -
1791620591 0 0 -
1791620593 0 0 -
1791620595 0 0 -
1791620598 0 0 -
1791620600 0 0 -
1791620603 0 0 -
1791620605 0 0 -
1791620607 0 0 -
1791620610 0 0 -
1791620612 0 0 -
1791620615 0 0 -
1791620617 0 0 -
1791620619 0 0 -
1791620622 0 0 -
1791620624 0 0 -
1791620627 0 0 -
1791620629 0 0 -
1791620631 0 0 -
1791620634 0 0 -
1791620636 0 0 -
1791620638 0 0 -
1791620641 0 6 18910:6,
1791620643 0 0 -
1791620646 0 0 -
1791620648 0 0 -
1791620651 0 0 -
1791620653 0 0 -
1791620655 0 0 -
1791620658 0 0 -
1791620660 0 0 -
1791620663 0 0 -
1791620665 0 0 -
1791620667 0 0 -
1791620670 0 0 -
1791620672 0 7 19163:7,
1791620674 0 0 -
1791620677 0 0 -
1791620679 0 0 -
1791620682 0 0 -
1791620684 0 0 -
1791620687 0 0 -
1791620689 0 0 -
1791620691 0 0 -
1791620694 0 0 -
1791620696 0 0 -
1791620699 0 0 -
1791620701 0 0 -
1791620703 0 0 -
1791620706 0 0 -
1791620708 0 0 -
1791620710 0 0 -
1791620713 0 0 -
1791620715 0 0 -
1791620718 0 0 -
1791620720 0 0 -
1791620723 0 0 -
1791620725 0 0 -
1791620727 0 0 -
1791620730 0 0 -
1791620732 0 0 -
1791620735 0 0 -
1791620737 0 0 -
1791620739 0 0 -
1791620742 0 0 -
1791620744 0 0 -
1791620747 0 0 -
1791620749 0 0 -
1791620751 0 0 -
1791620754 0 0 -
1791620756 0 0 -
1791620759 0 0 -
1791620761 0 0 -
1791620763 0 0 -
1791620766 0 0 -
1791620768 0 0 -
1791620771 0 0 -
1791620773 0 0 -
1791620775 0 0 -
1791620778 0 0 -
1791620780 0 0 -
1791620783 0 0 -
1791620785 0 0 -
1791620787 0 0 -
1791620790 0 0 -
1791620792 0 0 -
1791620795 0 0 -
1791620797 0 0 -
1791620799 0 0 -
1791620802 0 0 -
1791620804 0 0 -
1791620807 0 0 -
1791620809 0 0 -
1791620811 0 0 -
1791620814 0 0 -
1791620816 0 0 -
1791620819 0 0 -
1791620821 0 0 -
1791620823 0 0 -
1791620826 0 0 -
1791620828 0 0 -
1791620831 0 0 -
1791620833 0 0 -
1791620835 0 0 -
1791620838 0 0 -
1791620840 0 0 -
1791620843 0 0 -
1791620845 0 0 -
1791620847 0 0 -
1791620850 0 0 -
1791620852 0 0 -
1791620855 0 0 -
1791620857 0 0 -
1791620859 0 0 -
1791620862 0 0 -
1791620864 0 0 -
1791620867 0 0 -
1791620869 0 0 -
1791620872 0 0 -
1791620874 0 0 -
1791620876 0 0 -
1791620879 0 0 -
1791620881 0 0 -
1791620883 0 0 -
1791620886 0 0 -
1791620888 0 0 -
1791620891 0 0 -
1791620893 0 0 -
1791620896 0 0 -
1791620898 0 0 -
1791620900 0 0 -
1791620903 0 0 -
1791620905 0 0 -
1791620907 0 0 -
1791620910 0 0 -
1791620912 0 0 -
1791620915 0 0 -
1791620917 0 0 -
1791620920 0 0 -
1791620922 0 0 -
1791620924 0 0 -
1791620927 0 0 -
1791620929 0 0 -
1791620932 0 0 -
1791620934 0 0 -
1791620936 0 0 -
1791620939 0 0 -
1791620941 0 0 -
1791620943 0 0 -
1791620946 0 0 -
1791620948 0 0 -
1791620951 0 0 -
1791620953 0 0 -
1791620955 0 0 -
1791620958 0 0 -
1791620960 0 0 -
1791620963 0 0 -
1791620965 0 0 -
1791620967 0 0 -
1791620970 0 0 -
1791620973 0 0 -
1791620975 0 0 -
1791620978 0 0 -
1791620980 0 0 -
1791620983 0 0 -
1791620985 0 0 -
1791620987 0 0 -
1791620990 0 0 -
1791620992 0 0 -
1791620995 0 0 -
1791620997 0 0 -
1791620999 0 0 -
1791621002 0 0 -
1791621004 0 0 -
1791621007 0 0 -
1791621009 0 0 -
1791621011 0 0 -
1791621014 0 0 -
1791621016 0 0 -
1791621019 0 0 -
1791621021 0 0 -
1791621023 0 0 -
1791621026 0 4 25191:4,
1791621028 0 0 -
1791621030 0 0 -
1791621033 0 0 -
1791621035 0 0 -
1791621038 0 0 -
1791621040 0 0 -
1791621043 0 0 -
1791621045 0 0 -
1791621047 0 0 -
1791621050 0 0 -
1791621052 0 0 -
1791621054 0 0 -
1791621057 0 3 25630:3,
1791621059 0 0 -
1791621062 0 0 -
1791621064 0 0 -
1791621067 0 0 -
1791621069 0 0 -
1791621071 0 0 -
1791621074 0 0 -
1791621076 0 0 -
1791621079 0 0 -
1791621081 0 0 -
1791621083 0 0 -
1791621086 0 0 -
1791621088 0 0 -
1791621090 0 0 -
1791621093 0 0 -
1791621095 0 0 -
1791621098 0 0 -
1791621100 0 0 -
1791621103 0 0 -
1791621105 0 0 -
1791621107 0 0 -
1791621110 0 0 -
1791621112 0 0 -
1791621115 0 0 -
1791621117 0 0 -
1791621119 0 0 -
1791621122 0 0 -
1791621124 0 0 -
1791621127 0 0 -
1791621129 0 3 74472:3,
1791621131 0 0 -
1791621134 0 0 -
1791621136 0 0 -
1791621138 0 0 -
1791621141 0 0 -
1791621143 0 0 -
1791621146 0 0 -
1791621148 0 0 -
1791621150 0 7 26576:7,
1791621153 0 0 -
1791621155 0 0 -
1791621158 0 0 -
1791621160 0 0 -
1791621162 0 0 -
1791621165 0 0 -
1791621167 0 0 -
1791621170 0 0 -
1791621172 0 0 -
1791621174 0 0 -
1791621177 0 0 -
1791621179 0 0 -
1791621182 0 7 26936:7,
1791621184 0 0 -
1791621186 0 0 -
1791621189 0 0 -
1791621191 0 0 -
1791621194 0 0 -
1791621196 0 0 -
1791621198 0 0 -
1791621201 0 0 -
1791621203 0 0 -
1791621206 0 0 -
1791621208 0 0 -
1791621210 0 0 -
1791621213 0 0 -
1791621215 0 0 -
1791621218 0 0 -
1791621220 0 0 -
1791621222 0 0 -
1791621225 0 0 -
1791621227 0 0 -
1791621230 0 0 -
1791621232 0 0 -
1791621234 0 0 -
1791621237 0 0 -
1791621239 0 0 -
1791621242 0 0 -
1791621244 0 0 -
1791621246 0 0 -
1791621249 0 0 -
1791621251 0 0 -
1791621253 0 0 -
1791621256 0 0 -
1791621258 0 0 -
1791621261 0 0 -
1791621263 0 0 -
1791621266 0 0 -
1791621268 0 0 -
1791621270 0 0 -
1791621273 0 0 -
1791621275 0 0 -
1791621278 0 0 -
1791621280 0 0 -
1791621283 0 0 -
1791621285 0 0 -
1791621287 0 0 -
1791621290 0 0 -
1791621292 0 0 -
1791621294 0 0 -
1791621297 0 6 27969:6,
1791621299 0 0 -
1791621302 0 0 -
1791621304 0 0 -
1791621306 0 0 -
1791621309 0 0 -
1791621311 0 0 -
1791621313 0 0 -
1791621316 0 0 -
1791621318 0 0 -
1791621321 0 0 -
1791621323 0 0 -
1791621327 -1 0 -
1791621331 -1 0 -
1791621335 0 0 -
1791621338 0 0 -
1791621340 0 6 28403:6,
1791621342 0 0 -
1791621345 0 0 -
1791621347 0 0 -
1791621350 0 0 -
1791621352 0 0 -
1791621354 0 0 -
1791621357 0 0 -
1791621359 0 0 -
1791621362 0 0 -
1791621364 0 0 -
1791621366 0 0 -
1791621369 0 3 74468:3,
1791621371 0 7 28770:7,
1791621373 0 0 -
1791621376 0 0 -
1791621378 0 0 -
1791621381 0 0 -
1791621383 0 0 -
1791621385 0 0 -
1791621388 0 0 -
1791621390 0 0 -
1791621393 0 0 -
1791621395 0 0 -
1791621397 0 0 -
1791621400 0 0 -
1791621402 0 0 -
1791621404 0 0 -
1791621407 0 0 -
1791621409 0 0 -
1791621412 0 0 -
1791621414 0 0 -
1791621416 0 0 -
1791621419 0 0 -
1791621421 0 0 -
1791621424 0 0 -
1791621426 0 0 -
1791621428 0 0 -
1791621431 0 0 -
1791621433 0 0 -
1791621435 0 0 -
1791621438 0 0 -
1791621440 0 0 -
1791621443 0 0 -
1791621445 0 0 -
1791621447 0 0 -
1791621450 0 0 -
1791621452 0 0 -
1791621455 0 0 -
1791621457 0 0 -
1791621459 0 0 -
1791621462 0 3 74470:3,
1791621464 0 0 -
1791621466 0 0 -
1791621469 0 0 -
1791621471 0 0 -
1791621474 0 0 -
1791621476 0 0 -
1791621479 0 0 -
1791621481 0 0 -
1791621483 0 0 -
1791621486 0 0 -
1791621488 0 0 -
1791621491 0 0 -
1791621493 0 0 -
1791621495 0 0 -
1791621498 0 0 -
1791621500 0 0 -
1791621503 0 0 -
1791621505 0 0 -
1791621507 0 0 -
1791621510 0 0 -
1791621512 0 0 -
1791621515 0 0 -
1791621517 0 0 -
1791621520 0 0 -
1791621522 0 0 -
1791621524 0 0 -
1791621527 0 0 -
1791621529 0 0 -
1791621532 0 0 -
1791621534 0 0 -
1791621536 0 0 -
1791621539 0 0 -
1791621541 0 0 -
1791621544 0 0 -
1791621546 0 0 -
1791621548 0 7 30727:7,
1791621551 0 0 -
1791621553 0 0 -
1791621556 0 0 -
1791621558 0 0 -
1791621560 0 0 -
1791621563 0 0 -
1791621565 0 0 -
1791621568 0 0 -
1791621570 0 0 -
1791621572 0 0 -
1791621575 0 0 -
1791621577 0 0 -
1791621580 0 8 31114:8,
1791621582 0 0 -
1791621584 0 0 -
1791621587 0 0 -
1791621589 0 0 -
1791621591 0 0 -
1791621594 0 0 -
1791621596 0 0 -
1791621599 0 0 -
1791621601 0 0 -
1791621604 0 0 -
1791621606 0 0 -
1791621608 0 0 -
1791621611 0 7 31800:7,
1791621613 0 0 -
1791621616 0 0 -
1791621618 0 0 -
1791621620 0 0 -
1791621623 0 0 -
1791621625 0 0 -
1791621627 0 0 -
1791621630 0 0 -
1791621632 0 0 -
1791621635 0 0 -
1791621637 0 0 -
1791621639 0 0 -
1791621642 0 0 -
1791621644 0 0 -
1791621647 0 0 -
1791621649 0 0 -
1791621651 0 0 -
1791621654 0 0 -
1791621656 0 0 -
1791621659 0 0 -
1791621661 0 0 -
1791621663 0 0 -
1791621666 0 0 -
1791621668 0 0 -
1791621671 0 0 -
1791621673 0 0 -
1791621675 0 0 -
1791621678 0 0 -
1791621680 0 0 -
1791621683 0 0 -
1791621685 0 0 -
1791621687 0 0 -
1791621690 0 0 -
1791621692 0 0 -
1791621694 0 0 -
1791621697 0 0 -
1791621699 0 0 -
1791621702 0 0 -
1791621704 0 0 -
1791621706 0 0 -
1791621709 0 0 -
1791621711 0 0 -
1791621714 0 0 -
1791621716 0 0 -
1791621719 0 0 -
1791621721 0 0 -
1791621723 0 0 -
1791621726 0 0 -
1791621728 0 0 -
1791621731 0 0 -
1791621733 0 0 -
1791621735 0 0 -
1791621738 0 0 -
1791621740 0 0 -
1791621742 0 0 -
1791621745 0 0 -
1791621747 0 0 -
1791621750 0 0 -
1791621752 0 0 -
1791621754 0 0 -
1791621757 0 0 -
1791621759 0 0 -
1791621762 0 0 -
1791621764 0 0 -
1791621766 0 0 -
1791621769 0 0 -
1791621771 0 0 -
1791621774 0 0 -
1791621776 0 0 -
1791621778 0 0 -
1791621781 0 0 -
1791621783 0 0 -
1791621785 0 0 -
1791621788 0 7 33823:7,
1791621790 0 0 -
1791621793 0 0 -
1791621795 0 0 -
1791621797 0 0 -
1791621800 0 0 -
1791621802 0 0 -
1791621805 0 0 -
1791621807 0 0 -
1791621810 0 0 -
1791621812 0 0 -
1791621814 0 0 -
1791621817 0 0 -
1791621819 0 0 -
1791621822 0 0 -
1791621824 0 0 -
1791621826 0 0 -
1791621829 0 0 -
1791621831 0 0 -
1791621834 0 0 -
1791621836 0 0 -
1791621839 0 0 -
1791621841 0 0 -
1791621843 0 0 -
1791621846 0 0 -
1791621848 0 0 -
1791621850 0 0 -
1791621853 0 0 -
1791621855 0 0 -
1791621858 0 0 -
1791621860 0 0 -
1791621862 0 0 -
1791621865 0 0 -
1791621867 0 0 -
1791621870 0 0 -
1791621872 0 0 -
1791621874 0 0 -
1791621877 0 0 -
1791621879 0 0 -
1791621882 0 0 -
1791621884 0 0 -
1791621886 0 0 -
1791621889 0 0 -
1791621891 0 0 -
1791621894 0 0 -
1791621896 0 0 -
1791621899 0 0 -
1791621901 0 0 -
1791621903 0 0 -
1791621906 0 0 -
1791621908 0 0 -
1791621911 0 0 -
1791621913 0 0 -
1791621915 0 0 -
1791621918 0 0 -
1791621920 0 0 -
1791621923 0 0 -
1791621925 0 0 -
1791621927 0 0 -
1791621930 0 0 -
1791621932 0 0 -
1791621935 0 0 -
1791621937 0 0 -
1791621939 0 0 -
1791621942 0 0 -
1791621944 0 0 -
1791621947 0 0 -
1791621949 0 0 -
1791621951 0 0 -
1791621954 0 0 -
1791621956 0 0 -
1791621959 0 0 -
1791621961 0 0 -
1791621963 0 0 -
1791621966 0 0 -
1791621968 0 0 -
1791621971 0 0 -
1791621973 0 0 -
1791621975 0 0 -
1791621978 0 0 -
1791621980 0 0 -
1791621983 0 0 -
1791621985 0 0 -
1791621987 0 0 -
1791621990 0 0 -
1791621992 0 0 -
1791621994 0 0 -
1791621997 0 0 -
1791621999 0 0 -
1791622002 0 0 -
1791622004 0 0 -
1791622006 0 0 -
1791622009 0 0 -
1791622011 0 0 -
1791622014 0 0 -
1791622016 0 0 -
1791622018 0 0 -
1791622021 0 0 -
1791622023 0 0 -
1791622026 0 0 -
1791622028 0 0 -
1791622030 0 0 -
1791622033 0 0 -
1791622035 0 0 -
1791622038 0 0 -
1791622040 0 0 -
1791622042 0 0 -
1791622045 0 0 -
1791622047 0 0 -
1791622050 0 0 -
1791622052 0 0 -
1791622054 0 0 -
1791622057 0 0 -
1791622059 0 0 -
1791622062 0 0 -
1791622064 0 0 -
1791622066 0 0 -
1791622069 0 0 -
1791622071 0 6 74472:3,91106:3,
1791622074 0 0 -
1791622076 0 0 -
1791622079 0 0 -
1791622081 0 0 -
1791622083 0 0 -
1791622086 0 0 -
1791622088 0 0 -
1791622091 0 0 -
1791622093 0 0 -
1791622095 0 0 -
1791622098 0 0 -
1791622100 0 0 -
1791622102 0 0 -
1791622105 0 0 -
1791622107 0 0 -
1791622110 0 0 -
1791622112 0 0 -
1791622115 0 0 -
1791622117 0 0 -
1791622120 0 0 -
1791622122 0 0 -
1791622124 0 0 -
1791622127 0 0 -
1791622129 0 0 -
1791622131 0 0 -
1791622134 0 0 -
1791622136 0 0 -
1791622139 0 0 -
1791622141 0 0 -
1791622143 0 0 -
1791622146 0 0 -
1791622148 0 0 -
1791622151 0 0 -
1791622153 0 0 -
1791622156 0 0 -
1791622158 0 0 -
1791622160 0 0 -
1791622163 0 0 -
1791622165 0 0 -
1791622168 0 0 -
1791622170 0 0 -
1791622172 0 0 -
1791622175 0 0 -
1791622177 0 0 -
1791622179 0 0 -
1791622182 0 0 -
1791622184 0 0 -
1791622187 0 0 -
1791622189 0 0 -
1791622192 0 0 -
1791622194 0 0 -
1791622196 0 0 -
1791622199 0 0 -
1791622201 0 0 -
1791622203 0 0 -
1791622206 0 0 -
1791622208 0 0 -
1791622211 0 0 -
1791622213 0 0 -
1791622215 0 0 -
1791622218 0 0 -
1791622220 0 0 -
1791622222 0 0 -
1791622225 0 0 -
1791622229 -1 0 -
1791622233 -1 0 -
1791622235 0 0 -
1791622238 0 0 -
1791622240 0 0 -
1791622243 0 0 -
1791622245 0 0 -
1791622247 0 0 -
1791622250 0 0 -
1791622252 0 0 -
1791622254 0 0 -
1791622257 0 0 -
1791622259 0 0 -
1791622262 0 0 -
1791622264 0 0 -
1791622267 0 0 -
1791622269 0 0 -
1791622271 0 0 -
1791622274 0 0 -
1791622276 0 0 -
1791622279 0 0 -
1791622281 0 0 -
1791622283 0 0 -
1791622286 0 0 -
1791622288 0 0 -
1791622290 0 0 -
1791622293 0 0 -
1791622295 0 0 -
1791622298 0 0 -
1791622300 0 0 -
1791622302 0 0 -
1791622305 0 0 -
1791622307 0 0 -
1791622310 0 0 -
1791622312 0 0 -
1791622314 0 0 -
1791622317 0 0 -
1791622319 0 0 -
1791622322 0 0 -
1791622324 0 0 -
1791622326 0 0 -
1791622329 0 0 -
1791622331 0 0 -
1791622334 0 0 -
1791622336 0 0 -
1791622338 0 0 -
1791622341 0 0 -
1791622343 0 0 -
1791622346 0 0 -
1791622348 0 0 -
1791622350 0 0 -
1791622353 0 0 -
1791622355 0 0 -
1791622358 0 0 -
1791622360 0 0 -
1791622363 0 0 -
1791622365 0 0 -
1791622367 0 0 -
1791622370 0 0 -
1791622372 0 0 -
1791622374 0 0 -
1791622377 0 0 -
1791622379 0 0 -
1791622382 0 0 -
1791622384 0 0 -
1791622386 0 0 -
1791622389 0 0 -
1791622391 0 0 -
1791622394 0 4 40243:4,
1791622396 0 0 -
1791622398 0 0 -
1791622401 0 0 -
1791622403 0 0 -
1791622406 0 0 -
1791622408 0 0 -
1791622410 0 0 -
1791622413 0 0 -
1791622415 0 0 -
1791622418 0 0 -
1791622420 0 0 -
1791622422 0 0 -
1791622425 0 4 40603:4,
1791622427 0 0 -
1791622430 0 0 -
1791622432 0 0 -
1791622434 0 0 -
1791622437 0 0 -
1791622439 0 0 -
1791622442 0 0 -
1791622444 0 0 -
1791622446 0 0 -
1791622449 0 0 -
1791622451 0 0 -
1791622453 0 0 -
1791622456 0 7 40851:7,
1791622458 0 0 -
1791622461 0 3 74468:3,
1791622463 0 0 -
1791622465 0 0 -
1791622468 0 0 -
1791622470 0 0 -
1791622472 0 0 -
1791622475 0 0 -
1791622477 0 0 -
1791622480 0 0 -
1791622482 0 0 -
1791622484 0 0 -
1791622487 0 0 -
1791622489 0 0 -
1791622492 0 0 -
1791622494 0 0 -
1791622496 0 0 -
1791622499 0 0 -
1791622501 0 0 -
1791622504 0 0 -
1791622506 0 0 -
1791622508 0 0 -
1791622511 0 0 -
1791622513 0 0 -
1791622516 0 0 -
1791622518 0 0 -
1791622520 0 0 -
1791622523 0 0 -
1791622525 0 0 -
1791622528 0 0 -
1791622530 0 0 -
1791622532 0 0 -
1791622535 0 0 -
1791622537 0 0 -
1791622540 0 0 -
1791622542 0 0 -
1791622544 0 0 -
1791622547 0 0 -
1791622549 0 0 -
1791622551 0 0 -
1791622554 0 0 -
1791622556 0 0 -
1791622559 0 0 -
1791622561 0 0 -
1791622563 0 0 -
1791622566 0 0 -
1791622568 0 0 -
1791622570 0 0 -
1791622573 0 0 -
1791622575 0 0 -
1791622578 0 0 -
1791622580 0 0 -
1791622582 0 0 -
1791622585 0 0 -
1791622587 0 0 -
1791622590 0 0 -
1791622592 0 4 42733:4,
1791622594 0 0 -
1791622597 0 0 -
1791622599 0 0 -
1791622602 0 0 -
1791622604 0 0 -
1791622606 0 0 -
1791622609 0 0 -
1791622611 0 0 -
1791622614 0 0 -
1791622616 0 0 -
1791622618 0 0 -
1791622621 0 0 -
1791622623 0 6 42981:6,
1791622626 0 0 -
1791622628 0 0 -
1791622630 0 0 -
1791622633 0 0 -
1791622635 0 0 -
1791622638 0 0 -
1791622640 0 0 -
1791622642 0 0 -
1791622645 0 0 -
1791622647 0 3 74472:3,
1791622650 0 0 -
1791622652 0 0 -
1791622654 0 0 -
1791622657 0 0 -
1791622659 0 0 -
1791622662 0 0 -
1791622664 0 0 -
1791622666 0 0 -
1791622669 0 0 -
1791622671 0 0 -
1791622674 0 0 -
1791622676 0 0 -
1791622678 0 0 -
1791622681 0 0 -
1791622683 0 0 -
1791622686 0 0 -
1791622688 0 0 -
1791622690 0 0 -
1791622693 0 0 -
1791622695 0 0 -
1791622697 0 0 -
1791622700 0 0 -
1791622702 0 0 -
1791622705 0 0 -
1791622707 0 0 -
1791622709 0 0 -
1791622712 0 0 -
1791622714 0 0 -
1791622717 0 0 -
1791622719 0 0 -
1791622721 0 0 -
1791622724 0 0 -
1791622726 0 0 -
1791622729 0 0 -
1791622731 0 0 -
1791622733 0 0 -
1791622736 0 0 -
1791622738 0 0 -
1791622741 0 0 -
1791622743 0 0 -
1791622745 0 0 -
1791622748 0 0 -
1791622750 0 0 -
1791622753 0 0 -
1791622755 0 0 -
1791622757 0 0 -
1791622760 0 0 -
1791622762 0 0 -
1791622765 0 0 -
1791622767 0 0 -
1791622769 0 0 -
1791622772 0 0 -
1791622774 0 0 -
1791622776 0 0 -
1791622779 0 0 -
1791622781 0 0 -
1791622784 0 0 -
1791622786 0 0 -
1791622788 0 0 -
1791622791 0 0 -
1791622793 0 0 -
1791622796 0 0 -
1791622798 0 0 -
1791622800 0 7 44738:7,
1791622803 0 0 -
1791622805 0 0 -
1791622808 0 0 -
1791622810 0 0 -
1791622812 0 0 -
1791622815 0 0 -
1791622817 0 0 -
1791622820 0 0 -
1791622822 0 0 -
1791622824 0 0 -
1791622827 0 0 -
1791622829 0 0 -
1791622832 0 0 -
1791622834 0 0 -
1791622836 0 0 -
1791622839 0 0 -
1791622841 0 0 -
1791622844 0 0 -
1791622846 0 0 -
1791622848 0 0 -
1791622851 0 0 -
1791622853 0 0 -
1791622855 0 0 -
1791622858 0 3 69457:3,
1791622860 0 0 -
1791622863 0 0 -
1791622865 0 0 -
1791622868 0 0 -
1791622871 0 0 -
1791622873 0 0 -
1791622875 0 0 -
1791622878 0 0 -
1791622880 0 0 -
