<studio-home>/lab-332/repro/run-contention.sh: line 11: <studio-home>/lab-332/repro/runs/wA-on/a.jsonl: No such file or directory
<studio-home>/lab-332/repro/run-contention.sh: line 11: <studio-home>/lab-332/repro/runs/wA-on/b.jsonl: No such file or directory
2026-10-09T18:24:13Z a=0 b=0 other=0.5
<studio-home>/lab-332/repro/run-contention.sh: line 11: <studio-home>/lab-332/repro/runs/wA-on/b.jsonl: No such file or directory
2026-10-09T18:24:23Z a=       1 b=0 other=0.2
<studio-home>/lab-332/repro/run-contention.sh: line 11: <studio-home>/lab-332/repro/runs/wA-on/b.jsonl: No such file or directory
2026-10-09T18:24:33Z a=       1 b=0 other=0.2
2026-10-09T18:24:43Z a=       1 b=       1 other=0.6
2026-10-09T18:24:53Z a=       1 b=       1 other=2.1
2026-10-09T18:25:04Z a=       1 b=       1 other=0
2026-10-09T18:25:14Z a=       3 b=       1 other=0.1
2026-10-09T18:25:24Z a=       3 b=       1 other=0.1
2026-10-09T18:25:34Z a=       5 b=       1 other=0.1
2026-10-09T18:25:44Z a=       5 b=       2 other=0.1
2026-10-09T18:25:54Z a=       7 b=       3 other=0
2026-10-09T18:26:04Z a=       7 b=       5 other=0
2026-10-09T18:26:14Z a=       9 b=       7 other=0.1
2026-10-09T18:26:24Z a=       9 b=       7 other=0.1
2026-10-09T18:26:34Z a=      11 b=       9 other=0.1
2026-10-09T18:26:44Z a=      11 b=      11 other=0
2026-10-09T18:26:54Z a=      13 b=      13 other=0.1
2026-10-09T18:27:04Z a=      13 b=      13 other=0.1
2026-10-09T18:27:14Z a=      15 b=      15 other=0.1
2026-10-09T18:27:24Z a=      15 b=      17 other=0.1
2026-10-09T18:27:34Z a=      17 b=      19 other=0.1
2026-10-09T18:27:44Z a=      17 b=      19 other=0
2026-10-09T18:27:54Z a=      19 b=      21 other=0.2
2026-10-09T18:28:04Z a=      19 b=      23 other=0.1
2026-10-09T18:28:15Z a=      21 b=      25 other=0.1
2026-10-09T18:28:25Z a=      21 b=      25 other=0
2026-10-09T18:28:35Z a=      23 b=      27 other=0
2026-10-09T18:28:45Z a=      23 b=      29 other=0.1
2026-10-09T18:28:55Z a=      25 b=      31 other=0.1
2026-10-09T18:29:05Z a=      25 b=      31 other=0.1
2026-10-09T18:29:15Z a=      27 b=      33 other=0.1
2026-10-09T18:29:25Z a=      27 b=      35 other=0.1
2026-10-09T18:29:35Z a=      29 b=      37 other=0.4
2026-10-09T18:29:45Z a=      29 b=      37 other=0.1
2026-10-09T18:29:55Z a=      31 b=      39 other=0
2026-10-09T18:30:05Z a=      31 b=      41 other=0.1
2026-10-09T18:30:15Z a=      33 b=      41 other=0.1
2026-10-09T18:30:25Z a=      33 b=      43 other=0.1
2026-10-09T18:30:35Z a=      35 b=      45 other=0.1
2026-10-09T18:30:45Z a=      35 b=      47 other=0.2
2026-10-09T18:30:55Z a=      37 b=      47 other=0.1
2026-10-09T18:31:05Z a=      37 b=      49 other=0.2
2026-10-09T18:31:15Z a=      39 b=      51 other=0.1
2026-10-09T18:31:26Z a=      39 b=      51 other=0.1
2026-10-09T18:31:36Z a=      41 b=      53 other=0.1
2026-10-09T18:31:46Z a=      41 b=      55 other=0
2026-10-09T18:31:56Z a=      43 b=      57 other=0.2
2026-10-09T18:32:06Z a=      43 b=      57 other=0
2026-10-09T18:32:16Z a=      45 b=      59 other=0.1
2026-10-09T18:32:26Z a=      45 b=      61 other=0.1
2026-10-09T18:32:36Z a=      47 b=      61 other=0
2026-10-09T18:32:46Z a=      47 b=      63 other=0.1
2026-10-09T18:32:56Z a=      49 b=      65 other=0.1
2026-10-09T18:33:06Z a=      49 b=      67 other=0.1
2026-10-09T18:33:16Z a=      51 b=      67 other=0.1
2026-10-09T18:33:26Z a=      51 b=      69 other=0
2026-10-09T18:33:36Z a=      53 b=      71 other=0
2026-10-09T18:33:46Z a=      55 b=      73 other=0.2
2026-10-09T18:33:56Z a=      55 b=      73 other=0.2
2026-10-09T18:34:06Z a=      57 b=      75 other=0.1
2026-10-09T18:34:16Z a=      57 b=      77 other=0
2026-10-09T18:34:27Z a=      59 b=      77 other=0.6
2026-10-09T18:34:37Z a=      59 b=      79 other=0.4
2026-10-09T18:34:47Z a=      61 b=      81 other=0.1
2026-10-09T18:34:57Z a=      61 b=      83 other=0.7
2026-10-09T18:35:07Z a=      63 b=      83 other=0.1
2026-10-09T18:35:17Z a=      63 b=      83 other=0
2026-10-09T18:35:27Z a=      65 b=      83 other=0.1
2026-10-09T18:35:37Z a=      67 b=      83 other=0.7
2026-10-09T18:35:47Z a=      67 b=      83 other=0.1
2026-10-09T18:35:57Z a=      69 b=      83 other=0.5
2026-10-09T18:36:07Z a=      71 b=      83 other=0.7
2026-10-09T18:36:17Z a=      71 b=      83 other=0.4
2026-10-09T18:36:27Z a=      73 b=      83 other=0.6
2026-10-09T18:36:37Z a=      75 b=      83 other=0.6
2026-10-09T18:36:47Z a=      75 b=      83 other=0.6
2026-10-09T18:36:57Z a=      77 b=      83 other=0.9
2026-10-09T18:37:07Z a=      79 b=      83 other=0.1
2026-10-09T18:37:17Z a=      79 b=      83 other=0.1
2026-10-09T18:37:27Z a=      81 b=      83 other=0.1
