enabled=true
ok   fusable seed=4
ok   8-token row returns nil
ok   8-token row automatic stock fallback call 0 (0 differ)
ok   fusable seed=5
ok   T=1 automatic fused path call 0 (0 differ)
ok   fusable seed=1
ok   fusable seed=2
ok   T=1 one stream call 0 (0 differ)
ok   T=1 one stream call 1 (0 differ)
ok   T=1 one stream call 2 (0 differ)
ok   T=1 one stream call 3 (0 differ)
ok   T=1 two streams call 0 (0 differ)
ok   T=1 two streams call 1 (0 differ)
ok   T=1 two streams call 2 (0 differ)
ok   T=1 two streams call 3 (0 differ)
ok   T=1 one stream call 0 (0 differ)
ok   T=1 one stream call 1 (0 differ)
ok   T=1 one stream call 2 (0 differ)
ok   T=1 one stream call 3 (0 differ)
ok   T=1 two streams call 0 (0 differ)
ok   T=1 two streams call 1 (0 differ)
ok   T=1 two streams call 2 (0 differ)
ok   T=1 two streams call 3 (0 differ)
ok   T=1 one stream call 0 (0 differ)
ok   T=1 one stream call 1 (0 differ)
ok   T=1 one stream call 2 (0 differ)
ok   T=1 one stream call 3 (0 differ)
ok   T=1 two streams call 0 (0 differ)
ok   T=1 two streams call 1 (0 differ)
ok   T=1 two streams call 2 (0 differ)
ok   T=1 two streams call 3 (0 differ)
ok   T=2 one stream call 0 (0 differ)
ok   T=2 one stream call 1 (0 differ)
ok   T=2 one stream call 2 (0 differ)
ok   T=2 one stream call 3 (0 differ)
ok   T=2 two streams call 0 (0 differ)
ok   T=2 two streams call 1 (0 differ)
ok   T=2 two streams call 2 (0 differ)
ok   T=2 two streams call 3 (0 differ)
ok   T=2 one stream call 0 (0 differ)
ok   T=2 one stream call 1 (0 differ)
ok   T=2 one stream call 2 (0 differ)
ok   T=2 one stream call 3 (0 differ)
ok   T=2 two streams call 0 (0 differ)
ok   T=2 two streams call 1 (0 differ)
ok   T=2 two streams call 2 (0 differ)
ok   T=2 two streams call 3 (0 differ)
ok   T=2 one stream call 0 (0 differ)
ok   T=2 one stream call 1 (0 differ)
ok   T=2 one stream call 2 (0 differ)
ok   T=2 one stream call 3 (0 differ)
ok   T=2 two streams call 0 (0 differ)
ok   T=2 two streams call 1 (0 differ)
ok   T=2 two streams call 2 (0 differ)
ok   T=2 two streams call 3 (0 differ)
ok   T=4 one stream call 0 (0 differ)
ok   T=4 one stream call 1 (0 differ)
ok   T=4 one stream call 2 (0 differ)
ok   T=4 one stream call 3 (0 differ)
ok   T=4 two streams call 0 (0 differ)
ok   T=4 two streams call 1 (0 differ)
ok   T=4 two streams call 2 (0 differ)
ok   T=4 two streams call 3 (0 differ)
ok   T=4 one stream call 0 (0 differ)
ok   T=4 one stream call 1 (0 differ)
ok   T=4 one stream call 2 (0 differ)
ok   T=4 one stream call 3 (0 differ)
ok   T=4 two streams call 0 (0 differ)
ok   T=4 two streams call 1 (0 differ)
ok   T=4 two streams call 2 (0 differ)
ok   T=4 two streams call 3 (0 differ)
ok   T=4 one stream call 0 (0 differ)
ok   T=4 one stream call 1 (0 differ)
ok   T=4 one stream call 2 (0 differ)
ok   T=4 one stream call 3 (0 differ)
ok   T=4 two streams call 0 (0 differ)
ok   T=4 two streams call 1 (0 differ)
ok   T=4 two streams call 2 (0 differ)
ok   T=4 two streams call 3 (0 differ)
ok   T=7 one stream call 0 (0 differ)
ok   T=7 one stream call 1 (0 differ)
ok   T=7 one stream call 2 (0 differ)
ok   T=7 one stream call 3 (0 differ)
ok   T=7 two streams call 0 (0 differ)
ok   T=7 two streams call 1 (0 differ)
ok   T=7 two streams call 2 (0 differ)
ok   T=7 two streams call 3 (0 differ)
ok   T=7 one stream call 0 (0 differ)
ok   T=7 one stream call 1 (0 differ)
ok   T=7 one stream call 2 (0 differ)
ok   T=7 one stream call 3 (0 differ)
ok   T=7 two streams call 0 (0 differ)
ok   T=7 two streams call 1 (0 differ)
ok   T=7 two streams call 2 (0 differ)
ok   T=7 two streams call 3 (0 differ)
ok   T=7 one stream call 0 (0 differ)
ok   T=7 one stream call 1 (0 differ)
ok   T=7 one stream call 2 (0 differ)
ok   T=7 one stream call 3 (0 differ)
ok   T=7 two streams call 0 (0 differ)
ok   T=7 two streams call 1 (0 differ)
ok   T=7 two streams call 2 (0 differ)
ok   T=7 two streams call 3 (0 differ)
ok   fusable seed=3
ok   T=2 batch invariance call 0 (0 differ)
ok   T=2 fused vs stock rel 0.009062353
ok   T=4 batch invariance call 0 (0 differ)
ok   T=4 fused vs stock rel 0.009562774
ok   T=7 batch invariance call 0 (0 differ)
ok   T=7 fused vs stock rel 0.009824905
ok   fusable seed=6
ok   rows=8 rowTokens=1 shape
ok   rows=8 rowTokens=1 batch invariance call 0 (0 differ)
ok   rows=8 rowTokens=1 automatic fused path call 0 (0 differ)
ok   rows=9 rowTokens=1 shape
ok   rows=9 rowTokens=1 batch invariance call 0 (0 differ)
ok   rows=9 rowTokens=1 automatic fused path call 0 (0 differ)
ok   rows=16 rowTokens=1 shape
ok   rows=16 rowTokens=1 batch invariance call 0 (0 differ)
ok   rows=16 rowTokens=1 automatic fused path call 0 (0 differ)
ok   rows=4 rowTokens=2 shape
ok   rows=4 rowTokens=2 batch invariance call 0 (0 differ)
ok   rows=4 rowTokens=2 automatic fused path call 0 (0 differ)
ok   rows=5 rowTokens=2 shape
ok   rows=5 rowTokens=2 batch invariance call 0 (0 differ)
ok   rows=5 rowTokens=2 automatic fused path call 0 (0 differ)
ok   rows=8 rowTokens=2 shape
ok   rows=8 rowTokens=2 batch invariance call 0 (0 differ)
ok   rows=8 rowTokens=2 automatic fused path call 0 (0 differ)
ok   shared_expert.down_proj.scales mismatched layout not fusable
ok   shared_expert.down_proj.scales mismatched layout forward nil
ok   switch_mlp.gate_proj.biases mismatched layout not fusable
ok   switch_mlp.gate_proj.biases mismatched layout forward nil
qwen35_fused_chunked_harness=PASS
