ok   B=2 T=6 Hk=2 Dk=32 Hv=4 Dv=16 split=1 masked=false y bit-identical
ok   B=2 T=6 Hk=2 Dk=32 Hv=4 Dv=16 split=1 masked=false checkpoint bit-identical
ok   B=2 T=6 Hk=2 Dk=32 Hv=4 Dv=16 split=1 masked=false final bit-identical
ok   B=2 T=6 Hk=2 Dk=32 Hv=4 Dv=16 split=2 masked=false y bit-identical
ok   B=2 T=6 Hk=2 Dk=32 Hv=4 Dv=16 split=2 masked=false checkpoint bit-identical
ok   B=2 T=6 Hk=2 Dk=32 Hv=4 Dv=16 split=2 masked=false final bit-identical
ok   B=2 T=6 Hk=2 Dk=32 Hv=4 Dv=16 split=3 masked=false y bit-identical
ok   B=2 T=6 Hk=2 Dk=32 Hv=4 Dv=16 split=3 masked=false checkpoint bit-identical
ok   B=2 T=6 Hk=2 Dk=32 Hv=4 Dv=16 split=3 masked=false final bit-identical
ok   B=2 T=6 Hk=2 Dk=32 Hv=4 Dv=16 split=4 masked=false y bit-identical
ok   B=2 T=6 Hk=2 Dk=32 Hv=4 Dv=16 split=4 masked=false checkpoint bit-identical
ok   B=2 T=6 Hk=2 Dk=32 Hv=4 Dv=16 split=4 masked=false final bit-identical
ok   B=2 T=6 Hk=2 Dk=32 Hv=4 Dv=16 split=5 masked=false y bit-identical
ok   B=2 T=6 Hk=2 Dk=32 Hv=4 Dv=16 split=5 masked=false checkpoint bit-identical
ok   B=2 T=6 Hk=2 Dk=32 Hv=4 Dv=16 split=5 masked=false final bit-identical
ok   B=2 T=6 Hk=2 Dk=32 Hv=4 Dv=16 split=1 masked=true y bit-identical
ok   B=2 T=6 Hk=2 Dk=32 Hv=4 Dv=16 split=1 masked=true checkpoint bit-identical
ok   B=2 T=6 Hk=2 Dk=32 Hv=4 Dv=16 split=1 masked=true final bit-identical
ok   B=2 T=6 Hk=2 Dk=32 Hv=4 Dv=16 split=2 masked=true y bit-identical
ok   B=2 T=6 Hk=2 Dk=32 Hv=4 Dv=16 split=2 masked=true checkpoint bit-identical
ok   B=2 T=6 Hk=2 Dk=32 Hv=4 Dv=16 split=2 masked=true final bit-identical
ok   B=2 T=6 Hk=2 Dk=32 Hv=4 Dv=16 split=3 masked=true y bit-identical
ok   B=2 T=6 Hk=2 Dk=32 Hv=4 Dv=16 split=3 masked=true checkpoint bit-identical
ok   B=2 T=6 Hk=2 Dk=32 Hv=4 Dv=16 split=3 masked=true final bit-identical
ok   B=2 T=6 Hk=2 Dk=32 Hv=4 Dv=16 split=4 masked=true y bit-identical
ok   B=2 T=6 Hk=2 Dk=32 Hv=4 Dv=16 split=4 masked=true checkpoint bit-identical
ok   B=2 T=6 Hk=2 Dk=32 Hv=4 Dv=16 split=4 masked=true final bit-identical
ok   B=2 T=6 Hk=2 Dk=32 Hv=4 Dv=16 split=5 masked=true y bit-identical
ok   B=2 T=6 Hk=2 Dk=32 Hv=4 Dv=16 split=5 masked=true checkpoint bit-identical
ok   B=2 T=6 Hk=2 Dk=32 Hv=4 Dv=16 split=5 masked=true final bit-identical
ok   B=1 T=2 Hk=16 Dk=128 Hv=32 Dv=128 split=1 masked=false y bit-identical
ok   B=1 T=2 Hk=16 Dk=128 Hv=32 Dv=128 split=1 masked=false checkpoint bit-identical
ok   B=1 T=2 Hk=16 Dk=128 Hv=32 Dv=128 split=1 masked=false final bit-identical
ok   B=1 T=2 Hk=16 Dk=128 Hv=32 Dv=128 split=1 masked=true y bit-identical
ok   B=1 T=2 Hk=16 Dk=128 Hv=32 Dv=128 split=1 masked=true checkpoint bit-identical
ok   B=1 T=2 Hk=16 Dk=128 Hv=32 Dv=128 split=1 masked=true final bit-identical
ok   B=1 T=3 Hk=16 Dk=128 Hv=32 Dv=128 split=1 masked=false y bit-identical
ok   B=1 T=3 Hk=16 Dk=128 Hv=32 Dv=128 split=1 masked=false checkpoint bit-identical
ok   B=1 T=3 Hk=16 Dk=128 Hv=32 Dv=128 split=1 masked=false final bit-identical
ok   B=1 T=3 Hk=16 Dk=128 Hv=32 Dv=128 split=2 masked=false y bit-identical
ok   B=1 T=3 Hk=16 Dk=128 Hv=32 Dv=128 split=2 masked=false checkpoint bit-identical
ok   B=1 T=3 Hk=16 Dk=128 Hv=32 Dv=128 split=2 masked=false final bit-identical
ok   B=1 T=3 Hk=16 Dk=128 Hv=32 Dv=128 split=1 masked=true y bit-identical
ok   B=1 T=3 Hk=16 Dk=128 Hv=32 Dv=128 split=1 masked=true checkpoint bit-identical
ok   B=1 T=3 Hk=16 Dk=128 Hv=32 Dv=128 split=1 masked=true final bit-identical
ok   B=1 T=3 Hk=16 Dk=128 Hv=32 Dv=128 split=2 masked=true y bit-identical
ok   B=1 T=3 Hk=16 Dk=128 Hv=32 Dv=128 split=2 masked=true checkpoint bit-identical
ok   B=1 T=3 Hk=16 Dk=128 Hv=32 Dv=128 split=2 masked=true final bit-identical
ok   B=2 T=2 Hk=16 Dk=128 Hv=32 Dv=128 split=1 masked=false y bit-identical
ok   B=2 T=2 Hk=16 Dk=128 Hv=32 Dv=128 split=1 masked=false checkpoint bit-identical
ok   B=2 T=2 Hk=16 Dk=128 Hv=32 Dv=128 split=1 masked=false final bit-identical
ok   B=2 T=2 Hk=16 Dk=128 Hv=32 Dv=128 split=1 masked=true y bit-identical
ok   B=2 T=2 Hk=16 Dk=128 Hv=32 Dv=128 split=1 masked=true checkpoint bit-identical
ok   B=2 T=2 Hk=16 Dk=128 Hv=32 Dv=128 split=1 masked=true final bit-identical
ok   B=2 T=7 Hk=16 Dk=128 Hv=32 Dv=128 split=1 masked=false y bit-identical
ok   B=2 T=7 Hk=16 Dk=128 Hv=32 Dv=128 split=1 masked=false checkpoint bit-identical
ok   B=2 T=7 Hk=16 Dk=128 Hv=32 Dv=128 split=1 masked=false final bit-identical
ok   B=2 T=7 Hk=16 Dk=128 Hv=32 Dv=128 split=2 masked=false y bit-identical
ok   B=2 T=7 Hk=16 Dk=128 Hv=32 Dv=128 split=2 masked=false checkpoint bit-identical
ok   B=2 T=7 Hk=16 Dk=128 Hv=32 Dv=128 split=2 masked=false final bit-identical
ok   B=2 T=7 Hk=16 Dk=128 Hv=32 Dv=128 split=3 masked=false y bit-identical
ok   B=2 T=7 Hk=16 Dk=128 Hv=32 Dv=128 split=3 masked=false checkpoint bit-identical
ok   B=2 T=7 Hk=16 Dk=128 Hv=32 Dv=128 split=3 masked=false final bit-identical
ok   B=2 T=7 Hk=16 Dk=128 Hv=32 Dv=128 split=4 masked=false y bit-identical
ok   B=2 T=7 Hk=16 Dk=128 Hv=32 Dv=128 split=4 masked=false checkpoint bit-identical
ok   B=2 T=7 Hk=16 Dk=128 Hv=32 Dv=128 split=4 masked=false final bit-identical
ok   B=2 T=7 Hk=16 Dk=128 Hv=32 Dv=128 split=5 masked=false y bit-identical
ok   B=2 T=7 Hk=16 Dk=128 Hv=32 Dv=128 split=5 masked=false checkpoint bit-identical
ok   B=2 T=7 Hk=16 Dk=128 Hv=32 Dv=128 split=5 masked=false final bit-identical
ok   B=2 T=7 Hk=16 Dk=128 Hv=32 Dv=128 split=6 masked=false y bit-identical
ok   B=2 T=7 Hk=16 Dk=128 Hv=32 Dv=128 split=6 masked=false checkpoint bit-identical
ok   B=2 T=7 Hk=16 Dk=128 Hv=32 Dv=128 split=6 masked=false final bit-identical
ok   B=2 T=7 Hk=16 Dk=128 Hv=32 Dv=128 split=1 masked=true y bit-identical
ok   B=2 T=7 Hk=16 Dk=128 Hv=32 Dv=128 split=1 masked=true checkpoint bit-identical
ok   B=2 T=7 Hk=16 Dk=128 Hv=32 Dv=128 split=1 masked=true final bit-identical
ok   B=2 T=7 Hk=16 Dk=128 Hv=32 Dv=128 split=2 masked=true y bit-identical
ok   B=2 T=7 Hk=16 Dk=128 Hv=32 Dv=128 split=2 masked=true checkpoint bit-identical
ok   B=2 T=7 Hk=16 Dk=128 Hv=32 Dv=128 split=2 masked=true final bit-identical
ok   B=2 T=7 Hk=16 Dk=128 Hv=32 Dv=128 split=3 masked=true y bit-identical
ok   B=2 T=7 Hk=16 Dk=128 Hv=32 Dv=128 split=3 masked=true checkpoint bit-identical
ok   B=2 T=7 Hk=16 Dk=128 Hv=32 Dv=128 split=3 masked=true final bit-identical
ok   B=2 T=7 Hk=16 Dk=128 Hv=32 Dv=128 split=4 masked=true y bit-identical
ok   B=2 T=7 Hk=16 Dk=128 Hv=32 Dv=128 split=4 masked=true checkpoint bit-identical
ok   B=2 T=7 Hk=16 Dk=128 Hv=32 Dv=128 split=4 masked=true final bit-identical
ok   B=2 T=7 Hk=16 Dk=128 Hv=32 Dv=128 split=5 masked=true y bit-identical
ok   B=2 T=7 Hk=16 Dk=128 Hv=32 Dv=128 split=5 masked=true checkpoint bit-identical
ok   B=2 T=7 Hk=16 Dk=128 Hv=32 Dv=128 split=5 masked=true final bit-identical
ok   B=2 T=7 Hk=16 Dk=128 Hv=32 Dv=128 split=6 masked=true y bit-identical
ok   B=2 T=7 Hk=16 Dk=128 Hv=32 Dv=128 split=6 masked=true checkpoint bit-identical
ok   B=2 T=7 Hk=16 Dk=128 Hv=32 Dv=128 split=6 masked=true final bit-identical
ok   B=8 T=2 Hk=16 Dk=128 Hv=32 Dv=128 split=1 masked=false y bit-identical
ok   B=8 T=2 Hk=16 Dk=128 Hv=32 Dv=128 split=1 masked=false checkpoint bit-identical
ok   B=8 T=2 Hk=16 Dk=128 Hv=32 Dv=128 split=1 masked=false final bit-identical
ok   B=8 T=2 Hk=16 Dk=128 Hv=32 Dv=128 split=1 masked=true y bit-identical
ok   B=8 T=2 Hk=16 Dk=128 Hv=32 Dv=128 split=1 masked=true checkpoint bit-identical
ok   B=8 T=2 Hk=16 Dk=128 Hv=32 Dv=128 split=1 masked=true final bit-identical
checks=96 failures=0
gdn_checkpoint_harness=PASS
