<studio-home>/lab-332/r015-8875.sh: line 10: <studio-home>/lab-332/runs4/step3-r015-8875/r015-a3b-332.jsonl: No such file or directory
2026-10-09T21:29:09Z out_lines=0 gpu=0 other=0.1
<studio-home>/lab-332/r015-8875.sh: line 10: <studio-home>/lab-332/runs4/step3-r015-8875/r015-a3b-332.jsonl: No such file or directory
2026-10-09T21:29:19Z out_lines=0 gpu=0 other=0.1
<studio-home>/lab-332/r015-8875.sh: line 10: <studio-home>/lab-332/runs4/step3-r015-8875/r015-a3b-332.jsonl: No such file or directory
2026-10-09T21:29:29Z out_lines=0 gpu=0 other=0.1
<studio-home>/lab-332/r015-8875.sh: line 10: <studio-home>/lab-332/runs4/step3-r015-8875/r015-a3b-332.jsonl: No such file or directory
2026-10-09T21:29:39Z out_lines=0 gpu=0 other=0.1
<studio-home>/lab-332/r015-8875.sh: line 10: <studio-home>/lab-332/runs4/step3-r015-8875/r015-a3b-332.jsonl: No such file or directory
2026-10-09T21:29:49Z out_lines=0 gpu=0 other=0.1
<studio-home>/lab-332/r015-8875.sh: line 10: <studio-home>/lab-332/runs4/step3-r015-8875/r015-a3b-332.jsonl: No such file or directory
2026-10-09T21:29:59Z out_lines=0 gpu=0 other=0.1
<studio-home>/lab-332/r015-8875.sh: line 10: <studio-home>/lab-332/runs4/step3-r015-8875/r015-a3b-332.jsonl: No such file or directory
2026-10-09T21:30:10Z out_lines=0 gpu=93 other=0
<studio-home>/lab-332/r015-8875.sh: line 10: <studio-home>/lab-332/runs4/step3-r015-8875/r015-a3b-332.jsonl: No such file or directory
2026-10-09T21:30:20Z out_lines=0 gpu=0 other=0.1
2026-10-09T21:30:30Z out_lines=       1 gpu=50 other=0.1
2026-10-09T21:30:40Z out_lines=       1 gpu=0 other=0.1
2026-10-09T21:30:50Z out_lines=       1 gpu=100 other=0.1
2026-10-09T21:31:00Z out_lines=       3 gpu=86 other=0.1
2026-10-09T21:31:10Z out_lines=       7 gpu=82 other=0
2026-10-09T21:31:20Z out_lines=      13 gpu=82 other=0
2026-10-09T21:31:30Z out_lines=      17 gpu=83 other=0.1
2026-10-09T21:31:40Z out_lines=      23 gpu=0 other=0.1
2026-10-09T21:31:50Z out_lines=      23 gpu=0 other=0.1
2026-10-09T21:32:00Z out_lines=      23 gpu=0 other=0.1
2026-10-09T21:32:10Z out_lines=      23 gpu=100 other=0.1
2026-10-09T21:32:20Z out_lines=      24 gpu=86 other=0
2026-10-09T21:32:31Z out_lines=      25 gpu=83 other=0.1
2026-10-09T21:32:41Z out_lines=      27 gpu=82 other=0.1
2026-10-09T21:32:51Z out_lines=      29 gpu=82 other=0.1
2026-10-09T21:33:01Z out_lines=      31 gpu=86 other=0.1
2026-10-09T21:33:11Z out_lines=      33 gpu=86 other=0.1
2026-10-09T21:33:21Z out_lines=      35 gpu=81 other=0
2026-10-09T21:33:31Z out_lines=      37 gpu=85 other=0.1
2026-10-09T21:33:41Z out_lines=      41 gpu=85 other=0
2026-10-09T21:33:51Z out_lines=      43 gpu=0 other=0.1
2026-10-09T21:34:01Z out_lines=      45 gpu=0 other=0.1
2026-10-09T21:34:11Z out_lines=      45 gpu=0 other=0.1
2026-10-09T21:34:21Z out_lines=      45 gpu=0 other=0.1
2026-10-09T21:34:31Z out_lines=      45 gpu=84 other=0
2026-10-09T21:34:41Z out_lines=      45 gpu=82 other=0
2026-10-09T21:34:52Z out_lines=      47 gpu=82 other=0
2026-10-09T21:35:02Z out_lines=      49 gpu=92 other=0.1
2026-10-09T21:35:12Z out_lines=      51 gpu=93 other=0.1
2026-10-09T21:35:22Z out_lines=      53 gpu=98 other=0.1
2026-10-09T21:35:32Z out_lines=      55 gpu=100 other=0.1
2026-10-09T21:35:42Z out_lines=      57 gpu=100 other=0.1
2026-10-09T21:35:52Z out_lines=      59 gpu=98 other=0.1
2026-10-09T21:36:02Z out_lines=      61 gpu=99 other=0.1
2026-10-09T21:36:12Z out_lines=      63 gpu=99 other=0.1
2026-10-09T21:36:22Z out_lines=      65 gpu=100 other=0.1
2026-10-09T21:36:32Z out_lines=      67 gpu=0 other=0.1
2026-10-09T21:36:42Z out_lines=      67 gpu=0 other=0.1
2026-10-09T21:36:52Z out_lines=      67 gpu=87 other=0.1
2026-10-09T21:37:02Z out_lines=      67 gpu=98 other=0.1
2026-10-09T21:37:13Z out_lines=      68 gpu=85 other=0
2026-10-09T21:37:23Z out_lines=      69 gpu=82 other=0
2026-10-09T21:37:33Z out_lines=      71 gpu=0 other=0.1
2026-10-09T21:37:43Z out_lines=      71 gpu=99 other=0.1
2026-10-09T21:37:53Z out_lines=      73 gpu=81 other=0.1
2026-10-09T21:38:03Z out_lines=      75 gpu=0 other=0.1
2026-10-09T21:38:13Z out_lines=      75 gpu=98 other=0.1
2026-10-09T21:38:23Z out_lines=      77 gpu=98 other=0.1
2026-10-09T21:38:33Z out_lines=      77 gpu=82 other=0
2026-10-09T21:38:43Z out_lines=      79 gpu=80 other=0
2026-10-09T21:38:53Z out_lines=      81 gpu=0 other=0.1
2026-10-09T21:39:03Z out_lines=      81 gpu=81 other=0
2026-10-09T21:39:13Z out_lines=      83 gpu=82 other=0.1
2026-10-09T21:39:23Z out_lines=      85 gpu=0 other=0.1
2026-10-09T21:39:34Z out_lines=      85 gpu=99 other=0.1
2026-10-09T21:39:44Z out_lines=      87 gpu=99 other=0.1
2026-10-09T21:39:54Z out_lines=      87 gpu=82 other=0
2026-10-09T21:40:04Z out_lines=      89 gpu=0 other=0.1
2026-10-09T21:40:14Z out_lines=      89 gpu=0 other=0.1
2026-10-09T21:40:24Z out_lines=      89 gpu=79 other=0.1
2026-10-09T21:40:34Z out_lines=      89 gpu=83 other=0.1
2026-10-09T21:40:44Z out_lines=      90 gpu=83 other=0.1
2026-10-09T21:40:54Z out_lines=      91 gpu=83 other=0
2026-10-09T21:41:04Z out_lines=      93 gpu=100 other=0.1
2026-10-09T21:41:14Z out_lines=      93 gpu=83 other=0
2026-10-09T21:41:24Z out_lines=      95 gpu=83 other=0
2026-10-09T21:41:34Z out_lines=      95 gpu=82 other=0
2026-10-09T21:41:44Z out_lines=      97 gpu=83 other=0.1
2026-10-09T21:41:55Z out_lines=      99 gpu=50 other=0.1
2026-10-09T21:42:05Z out_lines=      99 gpu=90 other=0.1
2026-10-09T21:42:15Z out_lines=     101 gpu=83 other=0
2026-10-09T21:42:25Z out_lines=     101 gpu=82 other=0
2026-10-09T21:42:35Z out_lines=     103 gpu=82 other=0
2026-10-09T21:42:45Z out_lines=     105 gpu=0 other=0.1
2026-10-09T21:42:55Z out_lines=     105 gpu=95 other=0.1
2026-10-09T21:43:05Z out_lines=     107 gpu=81 other=0.1
2026-10-09T21:43:15Z out_lines=     107 gpu=80 other=0.1
2026-10-09T21:43:25Z out_lines=     109 gpu=79 other=0.1
2026-10-09T21:43:35Z out_lines=     111 gpu=0 other=0.1
2026-10-09T21:43:45Z out_lines=     111 gpu=0 other=0.1
2026-10-09T21:43:55Z out_lines=     111 gpu=0 other=0.1
2026-10-09T21:44:06Z out_lines=     111 gpu=89 other=0
2026-10-09T21:44:16Z out_lines=     111 gpu=95 other=0.1
2026-10-09T21:44:26Z out_lines=     111 gpu=90 other=0.1
2026-10-09T21:44:36Z out_lines=     112 gpu=97 other=0.1
2026-10-09T21:44:46Z out_lines=     112 gpu=90 other=0
2026-10-09T21:44:56Z out_lines=     113 gpu=0 other=0.1
2026-10-09T21:45:06Z out_lines=     113 gpu=100 other=0.1
2026-10-09T21:45:16Z out_lines=     113 gpu=91 other=0.1
2026-10-09T21:45:26Z out_lines=     113 gpu=94 other=0.1
2026-10-09T21:45:36Z out_lines=     113 gpu=92 other=0.1
2026-10-09T21:45:46Z out_lines=     115 gpu=100 other=0.1
2026-10-09T21:45:56Z out_lines=     115 gpu=85 other=0
2026-10-09T21:46:06Z out_lines=     115 gpu=100 other=0.1
2026-10-09T21:46:16Z out_lines=     115 gpu=91 other=0.1
2026-10-09T21:46:27Z out_lines=     115 gpu=86 other=0.1
2026-10-09T21:46:37Z out_lines=     117 gpu=96 other=0.1
2026-10-09T21:46:47Z out_lines=     117 gpu=90 other=0
2026-10-09T21:46:57Z out_lines=     117 gpu=96 other=0.1
2026-10-09T21:47:07Z out_lines=     117 gpu=85 other=0
2026-10-09T21:47:17Z out_lines=     119 gpu=91 other=0.1
2026-10-09T21:47:27Z out_lines=     119 gpu=91 other=0.1
2026-10-09T21:47:37Z out_lines=     119 gpu=81 other=0.1
2026-10-09T21:47:47Z out_lines=     119 gpu=88 other=0.1
2026-10-09T21:47:57Z out_lines=     119 gpu=100 other=0.1
2026-10-09T21:48:07Z out_lines=     121 gpu=84 other=0.1
2026-10-09T21:48:17Z out_lines=     121 gpu=89 other=0
2026-10-09T21:48:27Z out_lines=     121 gpu=90 other=0.1
2026-10-09T21:48:38Z out_lines=     121 gpu=90 other=0
2026-10-09T21:48:48Z out_lines=     123 gpu=0 other=0.1
2026-10-09T21:48:58Z out_lines=     123 gpu=91 other=0.1
2026-10-09T21:49:08Z out_lines=     123 gpu=92 other=0.1
2026-10-09T21:49:18Z out_lines=     123 gpu=100 other=0.1
2026-10-09T21:49:28Z out_lines=     123 gpu=92 other=0.1
2026-10-09T21:49:38Z out_lines=     125 gpu=100 other=0.1
2026-10-09T21:49:48Z out_lines=     125 gpu=90 other=0.1
2026-10-09T21:49:58Z out_lines=     125 gpu=0 other=0.1
2026-10-09T21:50:08Z out_lines=     125 gpu=91 other=0.1
2026-10-09T21:50:18Z out_lines=     127 gpu=0 other=0.1
2026-10-09T21:50:28Z out_lines=     127 gpu=88 other=0
2026-10-09T21:50:38Z out_lines=     127 gpu=88 other=0.1
2026-10-09T21:50:49Z out_lines=     127 gpu=90 other=0.1
2026-10-09T21:50:59Z out_lines=     127 gpu=89 other=0.1
2026-10-09T21:51:09Z out_lines=     129 gpu=97 other=0.1
2026-10-09T21:51:19Z out_lines=     129 gpu=88 other=0
2026-10-09T21:51:29Z out_lines=     129 gpu=86 other=0.1
2026-10-09T21:51:39Z out_lines=     129 gpu=90 other=0
2026-10-09T21:51:49Z out_lines=     131 gpu=0 other=0.1
2026-10-09T21:51:59Z out_lines=     131 gpu=91 other=0.1
2026-10-09T21:52:09Z out_lines=     131 gpu=88 other=0.1
2026-10-09T21:52:19Z out_lines=     131 gpu=91 other=0
2026-10-09T21:52:29Z out_lines=     131 gpu=89 other=0
2026-10-09T21:52:39Z out_lines=     133 gpu=0 other=0.1
2026-10-09T21:52:49Z out_lines=     133 gpu=0 other=0.1
2026-10-09T21:53:00Z out_lines=     133 gpu=0 other=0.1
2026-10-09T21:53:10Z out_lines=     133 gpu=91 other=0
2026-10-09T21:53:20Z out_lines=     133 gpu=96 other=0.1
2026-10-09T21:53:30Z out_lines=     133 gpu=91 other=0
2026-10-09T21:53:40Z out_lines=     133 gpu=100 other=0.1
2026-10-09T21:53:50Z out_lines=     133 gpu=92 other=0.1
2026-10-09T21:54:00Z out_lines=     135 gpu=0 other=0.1
2026-10-09T21:54:10Z out_lines=     135 gpu=95 other=0.1
2026-10-09T21:54:20Z out_lines=     135 gpu=90 other=0
2026-10-09T21:54:30Z out_lines=     135 gpu=100 other=0.1
2026-10-09T21:54:40Z out_lines=     135 gpu=89 other=0
2026-10-09T21:54:50Z out_lines=     137 gpu=100 other=0.1
2026-10-09T21:55:00Z out_lines=     137 gpu=89 other=0.1
2026-10-09T21:55:11Z out_lines=     137 gpu=97 other=0.1
2026-10-09T21:55:21Z out_lines=     137 gpu=90 other=0.1
2026-10-09T21:55:31Z out_lines=     138 gpu=85 other=0.1
2026-10-09T21:55:41Z out_lines=     139 gpu=96 other=0.1
2026-10-09T21:55:51Z out_lines=     139 gpu=91 other=0
2026-10-09T21:56:01Z out_lines=     139 gpu=91 other=0.1
2026-10-09T21:56:11Z out_lines=     139 gpu=91 other=0
2026-10-09T21:56:21Z out_lines=     141 gpu=95 other=0.1
2026-10-09T21:56:31Z out_lines=     141 gpu=92 other=0.1
2026-10-09T21:56:41Z out_lines=     141 gpu=100 other=0.1
2026-10-09T21:56:51Z out_lines=     141 gpu=91 other=0
2026-10-09T21:57:01Z out_lines=     141 gpu=84 other=0
2026-10-09T21:57:12Z out_lines=     143 gpu=92 other=0.1
2026-10-09T21:57:22Z out_lines=     143 gpu=91 other=0.1
2026-10-09T21:57:32Z out_lines=     143 gpu=96 other=0.1
2026-10-09T21:57:42Z out_lines=     143 gpu=91 other=0.1
2026-10-09T21:57:52Z out_lines=     145 gpu=73 other=0.1
2026-10-09T21:58:02Z out_lines=     145 gpu=90 other=0.1
2026-10-09T21:58:12Z out_lines=     145 gpu=96 other=0.1
2026-10-09T21:58:22Z out_lines=     145 gpu=90 other=0.1
2026-10-09T21:58:32Z out_lines=     145 gpu=85 other=0
2026-10-09T21:58:42Z out_lines=     147 gpu=84 other=0.1
2026-10-09T21:58:52Z out_lines=     147 gpu=90 other=0.1
2026-10-09T21:59:02Z out_lines=     147 gpu=100 other=0.1
2026-10-09T21:59:13Z out_lines=     147 gpu=90 other=0.1
2026-10-09T21:59:23Z out_lines=     149 gpu=94 other=0.1
2026-10-09T21:59:33Z out_lines=     149 gpu=90 other=0
2026-10-09T21:59:43Z out_lines=     149 gpu=96 other=0.1
2026-10-09T21:59:53Z out_lines=     149 gpu=90 other=0.1
2026-10-09T22:00:03Z out_lines=     149 gpu=88 other=0.1
2026-10-09T22:00:13Z out_lines=     151 gpu=90 other=0.1
2026-10-09T22:00:23Z out_lines=     151 gpu=85 other=0.1
2026-10-09T22:00:33Z out_lines=     151 gpu=82 other=0.1
2026-10-09T22:00:43Z out_lines=     151 gpu=90 other=0.1
2026-10-09T22:00:53Z out_lines=     153 gpu=72 other=0.1
2026-10-09T22:01:03Z out_lines=     153 gpu=91 other=0
2026-10-09T22:01:13Z out_lines=     153 gpu=97 other=0.1
2026-10-09T22:01:24Z out_lines=     153 gpu=90 other=0.1
2026-10-09T22:01:34Z out_lines=     153 gpu=89 other=0.1
2026-10-09T22:01:44Z out_lines=     155 gpu=97 other=0.1
2026-10-09T22:01:54Z out_lines=     155 gpu=90 other=0
2026-10-09T22:02:04Z out_lines=     155 gpu=100 other=0.1
2026-10-09T22:02:14Z out_lines=     155 gpu=90 other=0
2026-10-09T22:02:24Z out_lines=     157 gpu=97 other=0.1
2026-10-09T22:02:34Z out_lines=     157 gpu=94 other=0.1
2026-10-09T22:02:44Z out_lines=     157 gpu=100 other=0.1
2026-10-09T22:02:54Z out_lines=     157 gpu=90 other=0.1
2026-10-09T22:03:04Z out_lines=     157 gpu=91 other=0.1
2026-10-09T22:03:14Z out_lines=     159 gpu=96 other=0.1
2026-10-09T22:03:25Z out_lines=     159 gpu=90 other=0.1
2026-10-09T22:03:35Z out_lines=     159 gpu=96 other=98.7
2026-10-09T22:03:45Z out_lines=     159 gpu=91 other=0.1
2026-10-09T22:03:55Z out_lines=     161 gpu=70 other=0.1
2026-10-09T22:04:05Z out_lines=     161 gpu=91 other=0
2026-10-09T22:04:15Z out_lines=     161 gpu=86 other=0
2026-10-09T22:04:25Z out_lines=     161 gpu=0 other=0.1
2026-10-09T22:04:35Z out_lines=     161 gpu=90 other=0.1
2026-10-09T22:04:45Z out_lines=     163 gpu=91 other=0.1
2026-10-09T22:04:55Z out_lines=     163 gpu=91 other=0.1
2026-10-09T22:05:05Z out_lines=     163 gpu=100 other=0.1
2026-10-09T22:05:16Z out_lines=     163 gpu=90 other=0.1
2026-10-09T22:05:26Z out_lines=     165 gpu=98 other=0.1
2026-10-09T22:05:36Z out_lines=     165 gpu=90 other=0
2026-10-09T22:05:46Z out_lines=     165 gpu=100 other=0
2026-10-09T22:05:56Z out_lines=     165 gpu=90 other=0.1
2026-10-09T22:06:06Z out_lines=     165 gpu=90 other=0.1
2026-10-09T22:06:16Z out_lines=     167 gpu=100 other=0.1
2026-10-09T22:06:26Z out_lines=     167 gpu=92 other=0.1
2026-10-09T22:06:36Z out_lines=     167 gpu=100 other=0.1
2026-10-09T22:06:46Z out_lines=     167 gpu=90 other=0
2026-10-09T22:06:56Z out_lines=     169 gpu=100 other=0.1
2026-10-09T22:07:06Z out_lines=     169 gpu=91 other=0.1
2026-10-09T22:07:17Z out_lines=     169 gpu=89 other=0.1
2026-10-09T22:07:27Z out_lines=     169 gpu=90 other=0.1
2026-10-09T22:07:37Z out_lines=     169 gpu=89 other=0.1
2026-10-09T22:07:47Z out_lines=     171 gpu=91 other=0.1
2026-10-09T22:07:57Z out_lines=     171 gpu=81 other=0.1
2026-10-09T22:08:07Z out_lines=     171 gpu=100 other=0.1
2026-10-09T22:08:17Z out_lines=     171 gpu=90 other=0
2026-10-09T22:08:27Z out_lines=     173 gpu=0 other=0.1
2026-10-09T22:08:37Z out_lines=     173 gpu=90 other=0.1
2026-10-09T22:08:47Z out_lines=     173 gpu=91 other=0.1
2026-10-09T22:08:57Z out_lines=     173 gpu=91 other=0.1
2026-10-09T22:09:07Z out_lines=     173 gpu=89 other=0.1
2026-10-09T22:09:18Z out_lines=     175 gpu=95 other=0.1
2026-10-09T22:09:28Z out_lines=     175 gpu=90 other=0.1
2026-10-09T22:09:38Z out_lines=     175 gpu=96 other=0.1
2026-10-09T22:09:48Z out_lines=     175 gpu=90 other=0.1
2026-10-09T22:09:58Z out_lines=     177 gpu=93 other=0.1
2026-10-09T22:10:08Z out_lines=     177 gpu=91 other=0
2026-10-09T22:10:18Z out_lines=     177 gpu=89 other=0.1
2026-10-09T22:10:28Z out_lines=     177 gpu=90 other=0.1
2026-10-09T22:10:38Z out_lines=     177 gpu=89 other=0
2026-10-09T22:10:48Z out_lines=     179 gpu=91 other=0.1
2026-10-09T22:10:58Z out_lines=     179 gpu=90 other=0.1
2026-10-09T22:11:09Z out_lines=     179 gpu=95 other=0.1
2026-10-09T22:11:19Z out_lines=     179 gpu=90 other=0.1
2026-10-09T22:11:29Z out_lines=     181 gpu=0 other=0.1
2026-10-09T22:11:39Z out_lines=     181 gpu=90 other=0
2026-10-09T22:11:49Z out_lines=     181 gpu=92 other=0.1
2026-10-09T22:11:59Z out_lines=     181 gpu=90 other=0.1
2026-10-09T22:12:09Z out_lines=     181 gpu=89 other=0.1
2026-10-09T22:12:19Z out_lines=     183 gpu=100 other=0.1
2026-10-09T22:12:29Z out_lines=     183 gpu=89 other=0.1
2026-10-09T22:12:39Z out_lines=     183 gpu=95 other=0.1
2026-10-09T22:12:49Z out_lines=     183 gpu=90 other=0
2026-10-09T22:12:59Z out_lines=     185 gpu=0 other=0.1
2026-10-09T22:13:10Z out_lines=     185 gpu=90 other=0
2026-10-09T22:13:20Z out_lines=     185 gpu=89 other=0.1
2026-10-09T22:13:30Z out_lines=     185 gpu=90 other=0.1
2026-10-09T22:13:40Z out_lines=     185 gpu=90 other=0.1
2026-10-09T22:13:50Z out_lines=     187 gpu=94 other=0.1
2026-10-09T22:14:00Z out_lines=     187 gpu=91 other=0
2026-10-09T22:14:10Z out_lines=     187 gpu=92 other=0.1
2026-10-09T22:14:20Z out_lines=     187 gpu=89 other=0
2026-10-09T22:14:30Z out_lines=     189 gpu=0 other=0.1
2026-10-09T22:14:40Z out_lines=     189 gpu=90 other=0.1
2026-10-09T22:14:50Z out_lines=     189 gpu=91 other=0.1
2026-10-09T22:15:01Z out_lines=     189 gpu=89 other=0.1
2026-10-09T22:15:11Z out_lines=     189 gpu=91 other=0
2026-10-09T22:15:21Z out_lines=     191 gpu=96 other=0.1
2026-10-09T22:15:31Z out_lines=     191 gpu=90 other=0.1
2026-10-09T22:15:41Z out_lines=     191 gpu=100 other=0.1
2026-10-09T22:15:51Z out_lines=     191 gpu=0 other=0
2026-10-09T22:16:01Z out_lines=     193 gpu=0 other=0.1
2026-10-09T22:16:11Z out_lines=     193 gpu=89 other=0.1
2026-10-09T22:16:21Z out_lines=     193 gpu=92 other=0.1
2026-10-09T22:16:31Z out_lines=     193 gpu=91 other=0.1
2026-10-09T22:16:41Z out_lines=     193 gpu=90 other=0
2026-10-09T22:16:52Z out_lines=     195 gpu=99 other=0.1
2026-10-09T22:17:02Z out_lines=     195 gpu=90 other=0.1
2026-10-09T22:17:12Z out_lines=     195 gpu=97 other=0.1
2026-10-09T22:17:22Z out_lines=     195 gpu=90 other=0.1
2026-10-09T22:17:32Z out_lines=     197 gpu=0 other=0.1
2026-10-09T22:17:42Z out_lines=     197 gpu=90 other=0
2026-10-09T22:17:52Z out_lines=     197 gpu=87 other=0
2026-10-09T22:18:02Z out_lines=     197 gpu=93 other=0.1
2026-10-09T22:18:12Z out_lines=     197 gpu=85 other=0.1
2026-10-09T22:18:22Z out_lines=     199 gpu=94 other=0.1
2026-10-09T22:18:32Z out_lines=     199 gpu=90 other=0.1
2026-10-09T22:18:43Z out_lines=     199 gpu=97 other=0.1
2026-10-09T22:18:53Z out_lines=     199 gpu=91 other=0.1
2026-10-09T22:19:03Z out_lines=     201 gpu=0 other=0.1
2026-10-09T22:19:13Z out_lines=     201 gpu=89 other=0
2026-10-09T22:19:23Z out_lines=     201 gpu=91 other=0
2026-10-09T22:19:33Z out_lines=     201 gpu=100 other=0.1
2026-10-09T22:19:43Z out_lines=     201 gpu=90 other=0.1
2026-10-09T22:19:53Z out_lines=     203 gpu=100 other=0.1
2026-10-09T22:20:03Z out_lines=     203 gpu=91 other=0
2026-10-09T22:20:13Z out_lines=     203 gpu=100 other=0.1
2026-10-09T22:20:23Z out_lines=     203 gpu=89 other=0
2026-10-09T22:20:34Z out_lines=     205 gpu=0 other=0.1
2026-10-09T22:20:44Z out_lines=     205 gpu=90 other=0.1
2026-10-09T22:20:54Z out_lines=     205 gpu=90 other=0.1
2026-10-09T22:21:04Z out_lines=     205 gpu=86 other=0.1
2026-10-09T22:21:14Z out_lines=     205 gpu=91 other=0.1
2026-10-09T22:21:24Z out_lines=     207 gpu=95 other=0.1
2026-10-09T22:21:34Z out_lines=     207 gpu=90 other=0
2026-10-09T22:21:44Z out_lines=     207 gpu=92 other=0.1
2026-10-09T22:21:54Z out_lines=     207 gpu=90 other=0
2026-10-09T22:22:04Z out_lines=     209 gpu=0 other=0.1
2026-10-09T22:22:14Z out_lines=     209 gpu=90 other=0.1
2026-10-09T22:22:25Z out_lines=     209 gpu=90 other=0.1
2026-10-09T22:22:35Z out_lines=     209 gpu=98 other=0.1
2026-10-09T22:22:45Z out_lines=     209 gpu=90 other=0
2026-10-09T22:22:55Z out_lines=     211 gpu=100 other=0.1
2026-10-09T22:23:05Z out_lines=     211 gpu=91 other=0.1
2026-10-09T22:23:15Z out_lines=     211 gpu=100 other=0.1
2026-10-09T22:23:25Z out_lines=     211 gpu=90 other=0.1
