1791623971 0 0 -
1791623973 0 0 -
1791623976 0 0 -
1791623978 0 0 -
1791623981 0 0 -
1791623983 0 0 -
1791623986 0 0 -
1791623988 0 0 -
1791623991 0 0 -
1791623993 0 0 -
1791623996 0 0 -
1791623998 0 0 -
1791624000 0 0 -
1791624003 0 0 -
1791624005 0 0 -
1791624008 0 0 -
1791624010 0 0 -
1791624012 0 0 -
1791624015 0 0 -
1791624017 0 0 -
1791624020 0 0 -
1791624022 0 0 -
1791624024 0 0 -
1791624027 0 0 -
1791624029 0 0 -
1791624032 0 0 -
1791624034 0 0 -
1791624036 0 0 -
1791624039 0 0 -
1791624042 0 0 -
1791624044 0 0 -
1791624047 0 0 -
1791624049 0 0 -
1791624051 0 0 -
1791624054 0 0 -
1791624057 0 0 -
1791624059 0 0 -
1791624062 0 0 -
1791624065 0 0 -
1791624067 0 0 -
1791624069 0 0 -
1791624072 0 0 -
1791624074 0 0 -
1791624077 0 0 -
1791624080 0 0 -
1791624082 0 0 -
1791624084 0 0 -
1791624087 0 0 -
1791624090 0 0 -
1791624092 0 0 -
1791624095 0 0 -
1791624097 0 0 -
1791624099 0 0 -
1791624102 0 0 -
1791624104 0 0 -
1791624107 0 0 -
1791624109 0 0 -
1791624112 0 0 -
1791624114 0 0 -
1791624116 0 0 -
1791624119 0 0 -
1791624121 0 0 -
1791624124 0 0 -
1791624126 0 0 -
1791624129 0 0 -
1791624131 0 0 -
1791624133 0 0 -
1791624136 0 0 -
1791624139 0 0 -
1791624141 0 0 -
1791624143 0 0 -
1791624146 0 0 -
1791624149 0 0 -
1791624151 0 0 -
1791624154 0 0 -
1791624156 0 0 -
1791624159 0 0 -
1791624162 0 0 -
1791624164 0 0 -
1791624167 0 0 -
1791624169 0 0 -
1791624171 0 0 -
1791624174 0 0 -
1791624176 0 0 -
1791624179 0 0 -
1791624181 0 0 -
1791624183 0 0 -
1791624186 0 0 -
1791624188 0 0 -
1791624190 0 0 -
1791624193 0 0 -
1791624196 0 0 -
1791624198 0 0 -
1791624200 0 0 -
1791624203 0 0 -
1791624206 0 0 -
1791624208 0 0 -
1791624210 0 0 -
1791624213 0 0 -
1791624215 0 0 -
1791624218 0 0 -
1791624220 0 0 -
1791624223 0 0 -
1791624226 0 0 -
1791624228 0 0 -
1791624231 0 0 -
1791624233 0 0 -
1791624235 0 0 -
1791624238 0 0 -
1791624240 0 0 -
1791624243 0 0 -
1791624245 0 0 -
1791624247 0 0 -
1791624250 0 0 -
1791624252 0 0 -
1791624255 0 0 -
1791624257 0 0 -
1791624259 0 0 -
1791624262 0 0 -
1791624264 0 0 -
1791624267 0 0 -
1791624270 0 0 -
1791624272 0 0 -
1791624274 0 0 -
1791624277 0 0 -
1791624279 0 0 -
1791624282 0 0 -
1791624284 0 0 -
1791624286 0 0 -
1791624289 0 0 -
1791624291 0 0 -
1791624294 0 0 -
1791624296 0 0 -
1791624299 0 0 -
1791624301 0 0 -
1791624304 0 0 -
1791624306 0 0 -
1791624308 0 0 -
1791624311 0 0 -
1791624313 0 0 -
1791624316 0 0 -
1791624318 0 0 -
1791624321 0 0 -
1791624323 0 0 -
1791624325 0 0 -
1791624328 0 0 -
1791624330 0 0 -
1791624332 0 0 -
1791624335 0 0 -
1791624338 0 0 -
1791624340 0 0 -
1791624343 0 0 -
1791624345 0 0 -
1791624347 0 0 -
1791624350 0 0 -
1791624352 0 0 -
1791624355 0 0 -
1791624357 0 0 -
1791624359 0 0 -
1791624362 0 0 -
1791624364 0 0 -
1791624367 0 0 -
1791624369 0 0 -
1791624371 0 0 -
1791624374 0 0 -
1791624376 0 0 -
1791624379 0 0 -
1791624381 0 0 -
1791624383 0 0 -
1791624386 0 0 -
1791624388 0 0 -
1791624391 0 0 -
1791624393 0 0 -
1791624395 0 0 -
1791624398 0 0 -
1791624401 0 0 -
1791624403 0 0 -
1791624406 0 0 -
1791624409 0 0 -
1791624411 0 0 -
1791624413 0 0 -
1791624416 0 0 -
1791624418 0 0 -
1791624420 0 0 -
1791624423 0 0 -
1791624425 0 0 -
1791624428 0 0 -
1791624430 0 0 -
1791624433 0 0 -
1791624436 0 0 -
1791624438 0 0 -
1791624441 0 0 -
1791624443 0 0 -
1791624445 0 0 -
1791624448 0 0 -
1791624450 0 0 -
1791624453 0 0 -
1791624455 0 0 -
1791624458 0 0 -
1791624461 0 0 -
1791624463 0 0 -
1791624466 0 0 -
1791624469 0 0 -
1791624471 0 0 -
1791624474 0 0 -
1791624476 0 0 -
1791624478 0 0 -
1791624481 0 0 -
1791624483 0 0 -
1791624486 0 0 -
1791624488 0 0 -
1791624490 0 0 -
1791624493 0 0 -
1791624496 0 0 -
1791624498 0 0 -
1791624500 0 0 -
1791624503 0 0 -
1791624506 0 0 -
1791624508 0 0 -
1791624511 0 0 -
1791624513 0 0 -
1791624515 0 0 -
1791624518 0 0 -
1791624520 0 0 -
1791624523 0 0 -
1791624526 0 0 -
1791624528 0 0 -
1791624530 0 0 -
1791624533 0 0 -
1791624536 0 0 -
1791624538 0 0 -
1791624541 0 0 -
1791624543 0 0 -
1791624546 0 0 -
1791624548 0 0 -
1791624551 0 0 -
1791624553 0 0 -
1791624555 0 0 -
1791624558 0 0 -
1791624561 0 0 -
1791624563 0 0 -
1791624566 0 0 -
1791624568 0 0 -
1791624571 0 0 -
1791624573 0 0 -
1791624576 0 0 -
1791624578 0 0 -
1791624581 0 0 -
1791624583 0 0 -
1791624585 0 0 -
1791624588 0 0 -
1791624590 0 0 -
1791624593 0 0 -
1791624595 0 0 -
1791624598 0 0 -
1791624600 0 0 -
1791624603 0 0 -
1791624605 0 0 -
1791624608 0 0 -
1791624611 0 0 -
1791624613 0 0 -
1791624616 0 0 -
1791624618 0 0 -
1791624621 0 0 -
1791624623 0 0 -
1791624626 0 0 -
1791624628 0 0 -
1791624631 0 0 -
1791624633 0 0 -
1791624635 0 0 -
1791624638 0 0 -
1791624640 0 0 -
1791624643 0 0 -
1791624647 0 0 -
1791624649 0 0 -
1791624652 0 0 -
1791624654 0 0 -
1791624657 0 0 -
1791624660 0 0 -
1791624662 0 0 -
1791624664 0 0 -
1791624667 0 0 -
1791624669 0 0 -
1791624671 0 0 -
1791624674 0 0 -
1791624676 0 0 -
1791624679 0 0 -
1791624681 0 0 -
1791624684 0 0 -
1791624686 0 0 -
1791624688 0 0 -
1791624691 0 0 -
1791624693 0 0 -
1791624695 0 0 -
1791624698 0 0 -
1791624700 0 0 -
1791624703 0 0 -
1791624705 0 0 -
1791624708 0 0 -
1791624710 0 0 -
1791624712 0 0 -
1791624715 0 0 -
1791624717 0 0 -
1791624720 0 0 -
1791624722 0 0 -
1791624724 0 0 -
1791624728 0 0 -
1791624731 0 0 -
1791624733 0 0 -
1791624735 0 0 -
1791624738 0 0 -
1791624741 0 0 -
1791624743 0 0 -
1791624746 0 0 -
1791624748 0 0 -
1791624750 0 0 -
1791624753 0 0 -
1791624755 0 0 -
1791624758 0 0 -
1791624760 0 0 -
1791624762 0 0 -
1791624765 0 0 -
1791624767 0 0 -
1791624770 0 0 -
1791624772 0 0 -
1791624774 0 0 -
1791624777 0 0 -
1791624779 0 0 -
1791624782 0 0 -
1791624784 0 0 -
1791624786 0 0 -
1791624789 0 0 -
1791624791 0 0 -
1791624794 0 0 -
1791624797 0 0 -
1791624799 0 0 -
1791624801 0 0 -
1791624804 0 0 -
1791624806 0 0 -
1791624809 0 0 -
1791624811 0 0 -
1791624814 0 0 -
1791624816 0 0 -
1791624819 0 0 -
1791624821 0 0 -
1791624824 0 0 -
1791624827 0 0 -
1791624829 0 0 -
1791624832 0 0 -
1791624834 0 0 -
1791624836 0 0 -
1791624839 0 0 -
1791624841 0 0 -
1791624843 0 0 -
1791624846 0 0 -
1791624849 0 0 -
1791624851 0 0 -
1791624855 0 0 -
1791624857 0 0 -
1791624859 0 0 -
1791624862 0 0 -
1791624864 0 0 -
1791624867 0 0 -
1791624869 0 0 -
1791624872 0 0 -
1791624874 0 0 -
1791624876 0 0 -
1791624879 0 0 -
1791624882 0 0 -
1791624884 0 0 -
1791624887 0 0 -
1791624889 0 0 -
1791624892 0 0 -
1791624894 0 0 -
1791624897 0 0 -
1791624899 0 0 -
1791624901 0 0 -
1791624904 0 0 -
1791624906 0 0 -
1791624908 0 0 -
1791624911 0 0 -
1791624913 0 0 -
1791624917 0 17 68472:13,74472:3,
1791624919 0 0 -
1791624921 0 0 -
1791624925 0 0 -
1791624929 -1 0 -
1791624933 -1 0 -
1791624936 0 0 -
1791624938 0 0 -
1791624941 0 0 -
1791624944 0 0 -
1791624946 0 0 -
1791624948 0 0 -
1791624951 0 0 -
1791624953 0 0 -
1791624956 0 0 -
1791624958 0 0 -
1791624961 0 0 -
1791624964 0 0 -
1791624966 0 0 -
1791624968 0 0 -
1791624971 0 0 -
1791624973 0 0 -
1791624976 0 0 -
1791624978 0 0 -
1791624980 0 0 -
1791624983 0 0 -
1791624985 0 0 -
1791624988 0 0 -
1791624990 0 0 -
1791624993 0 0 -
1791624995 0 0 -
1791624998 0 0 -
1791625000 0 0 -
1791625002 0 0 -
1791625005 0 0 -
1791625007 0 0 -
1791625010 0 0 -
1791625012 0 0 -
1791625015 0 0 -
1791625018 0 0 -
1791625021 0 0 -
1791625023 0 0 -
1791625026 0 0 -
1791625030 0 0 -
1791625033 0 0 -
1791625035 0 0 -
1791625037 0 0 -
1791625040 0 0 -
1791625043 0 0 -
1791625045 0 0 -
1791625048 0 0 -
1791625050 0 0 -
1791625053 0 0 -
1791625055 0 0 -
1791625058 0 0 -
1791625060 0 0 -
1791625062 0 0 -
1791625065 0 0 -
1791625067 0 0 -
1791625069 0 0 -
1791625072 0 0 -
1791625075 0 0 -
1791625077 0 0 -
1791625079 0 0 -
1791625082 0 0 -
1791625084 0 0 -
1791625087 0 0 -
1791625089 0 0 -
1791625091 0 0 -
1791625094 0 0 -
1791625096 0 0 -
1791625098 0 0 -
1791625101 0 0 -
1791625104 0 0 -
1791625106 0 0 -
1791625109 0 0 -
1791625111 0 0 -
1791625114 0 0 -
1791625116 0 0 -
1791625119 0 0 -
1791625122 0 0 -
1791625124 0 0 -
1791625126 0 0 -
1791625129 0 0 -
1791625132 0 0 -
1791625134 0 0 -
1791625136 0 0 -
1791625139 0 0 -
1791625142 0 0 -
1791625144 0 0 -
1791625146 0 0 -
1791625149 0 0 -
1791625151 0 0 -
1791625154 0 0 -
1791625156 0 0 -
1791625158 0 0 -
1791625161 0 0 -
1791625163 0 0 -
1791625166 0 0 -
1791625168 0 0 -
1791625170 0 0 -
1791625173 0 0 -
1791625175 0 0 -
1791625177 0 0 -
1791625180 0 0 -
1791625182 0 0 -
1791625185 0 0 -
1791625187 0 0 -
1791625190 0 0 -
1791625192 0 0 -
1791625195 0 0 -
1791625197 0 0 -
1791625200 0 0 -
1791625203 0 0 -
1791625205 0 0 -
1791625207 0 0 -
1791625210 0 0 -
1791625212 0 0 -
1791625215 0 0 -
1791625218 0 0 -
1791625220 0 0 -
1791625223 0 0 -
1791625225 0 0 -
1791625228 0 0 -
1791625231 0 0 -
1791625233 0 0 -
1791625235 0 0 -
1791625238 0 0 -
1791625240 0 0 -
1791625243 0 0 -
1791625245 0 0 -
1791625247 0 0 -
1791625250 0 0 -
1791625252 0 0 -
1791625255 0 0 -
1791625258 0 0 -
1791625260 0 0 -
1791625262 0 0 -
1791625265 0 0 -
1791625268 0 0 -
1791625271 0 0 -
1791625273 0 0 -
1791625275 0 0 -
1791625278 0 0 -
1791625280 0 0 -
1791625283 0 0 -
1791625285 0 0 -
1791625287 0 0 -
1791625290 0 0 -
1791625292 0 0 -
1791625295 0 0 -
1791625297 0 0 -
1791625299 0 0 -
1791625302 0 0 -
1791625305 0 0 -
1791625307 0 0 -
1791625310 0 0 -
1791625312 0 0 -
1791625314 0 0 -
1791625317 0 0 -
1791625319 0 0 -
1791625322 0 0 -
1791625324 0 0 -
1791625327 0 0 -
1791625329 0 0 -
1791625332 0 0 -
1791625334 0 0 -
1791625337 0 0 -
1791625339 0 0 -
1791625341 0 0 -
1791625344 0 0 -
1791625346 0 0 -
1791625349 0 0 -
1791625351 0 0 -
1791625353 0 0 -
1791625356 0 0 -
1791625358 0 0 -
1791625361 0 0 -
1791625363 0 0 -
1791625365 0 0 -
1791625368 0 0 -
1791625370 0 0 -
1791625372 0 0 -
1791625375 0 0 -
1791625377 0 0 -
1791625380 0 0 -
1791625382 0 0 -
1791625385 0 0 -
1791625387 0 0 -
1791625390 0 0 -
1791625393 0 0 -
1791625395 0 0 -
1791625398 0 0 -
1791625400 0 0 -
1791625402 0 0 -
1791625405 0 0 -
1791625407 0 0 -
1791625410 0 0 -
1791625412 0 0 -
1791625414 0 0 -
1791625417 0 0 -
1791625419 0 0 -
1791625422 0 0 -
1791625424 0 0 -
1791625426 0 0 -
1791625429 0 0 -
1791625431 0 0 -
1791625434 0 0 -
1791625436 0 0 -
1791625439 0 0 -
1791625441 0 0 -
1791625444 0 0 -
1791625446 0 0 -
1791625448 0 0 -
1791625451 0 0 -
1791625453 0 0 -
1791625456 0 0 -
1791625458 0 0 -
1791625460 0 0 -
1791625463 0 0 -
1791625466 0 0 -
1791625468 0 0 -
1791625471 0 0 -
1791625473 0 0 -
1791625476 0 0 -
1791625478 0 0 -
1791625481 0 0 -
1791625483 0 0 -
1791625486 0 0 -
1791625489 0 0 -
1791625492 0 0 -
1791625494 0 0 -
1791625497 0 0 -
1791625499 0 0 -
1791625502 0 0 -
1791625505 0 0 -
1791625507 0 0 -
1791625510 0 0 -
1791625512 0 0 -
1791625515 0 0 -
1791625517 0 0 -
1791625520 0 0 -
1791625522 0 0 -
1791625525 0 0 -
1791625528 0 0 -
1791625530 0 0 -
1791625533 0 0 -
1791625535 0 0 -
1791625537 0 0 -
1791625540 0 0 -
1791625542 0 0 -
1791625545 0 0 -
1791625547 0 0 -
1791625550 0 0 -
1791625553 0 0 -
1791625555 0 0 -
1791625558 0 0 -
1791625560 0 0 -
1791625563 0 0 -
1791625565 0 0 -
1791625567 0 0 -
1791625570 0 0 -
1791625573 0 0 -
1791625575 0 0 -
1791625578 0 0 -
1791625580 0 0 -
1791625585 -1 0 -
1791625587 0 0 -
1791625589 0 0 -
1791625592 0 0 -
1791625594 0 0 -
1791625597 0 0 -
1791625599 0 0 -
1791625602 0 0 -
1791625604 0 0 -
1791625607 0 0 -
1791625609 0 0 -
1791625612 0 0 -
1791625614 0 0 -
1791625616 0 0 -
1791625619 0 0 -
1791625621 0 0 -
1791625624 0 0 -
1791625626 0 0 -
1791625628 0 0 -
1791625631 0 0 -
1791625633 0 0 -
1791625636 0 0 -
1791625638 0 0 -
1791625641 0 0 -
1791625643 0 0 -
1791625646 0 0 -
1791625649 0 0 -
1791625651 0 0 -
1791625653 0 0 -
1791625656 0 0 -
1791625658 0 0 -
1791625661 0 0 -
1791625663 0 0 -
1791625665 0 0 -
1791625668 0 0 -
1791625670 0 0 -
1791625673 0 0 -
1791625675 0 0 -
1791625677 0 0 -
1791625680 0 0 -
1791625682 0 0 -
1791625685 0 0 -
1791625687 0 0 -
1791625689 0 0 -
1791625692 0 0 -
1791625694 0 0 -
1791625697 0 0 -
1791625699 0 0 -
1791625702 0 0 -
1791625704 0 0 -
1791625707 0 0 -
1791625709 0 0 -
1791625711 0 0 -
1791625714 0 0 -
1791625716 0 0 -
1791625719 0 0 -
1791625721 0 0 -
1791625723 0 0 -
1791625726 0 0 -
1791625729 0 0 -
1791625731 0 0 -
1791625734 0 0 -
1791625737 0 0 -
1791625739 0 0 -
1791625741 0 0 -
1791625744 0 0 -
1791625747 0 0 -
1791625750 0 0 -
1791625752 0 0 -
1791625754 0 0 -
1791625757 0 0 -
1791625759 0 0 -
1791625762 0 0 -
1791625764 0 0 -
1791625766 0 0 -
1791625769 0 0 -
1791625771 0 0 -
1791625774 0 0 -
1791625776 0 0 -
1791625779 0 0 -
1791625781 0 0 -
1791625783 0 0 -
1791625786 0 0 -
1791625788 0 0 -
1791625790 0 0 -
1791625793 0 0 -
1791625795 0 0 -
1791625798 0 0 -
1791625801 0 0 -
1791625803 0 0 -
1791625805 0 0 -
1791625808 0 0 -
1791625810 0 0 -
1791625813 0 0 -
1791625816 0 0 -
1791625818 0 0 -
1791625821 0 0 -
1791625823 0 0 -
1791625827 -1 0 -
1791625831 -1 0 -
1791625835 0 0 -
1791625838 0 0 -
1791625840 0 0 -
1791625842 0 3 69457:3,
1791625845 0 0 -
1791625847 0 0 -
1791625850 0 0 -
1791625852 0 0 -
1791625855 0 0 -
1791625858 0 0 -
1791625860 0 0 -
1791625863 0 0 -
1791625866 0 0 -
1791625868 0 0 -
1791625870 0 0 -
1791625873 0 0 -
1791625876 0 0 -
1791625879 0 0 -
1791625881 0 0 -
1791625884 0 0 -
1791625886 0 0 -
1791625888 0 0 -
1791625891 0 0 -
1791625893 0 0 -
1791625896 0 0 -
1791625898 0 0 -
1791625900 0 0 -
1791625903 0 0 -
1791625906 0 0 -
1791625908 0 0 -
1791625910 0 0 -
1791625913 0 0 -
1791625915 0 0 -
1791625918 0 0 -
1791625921 0 0 -
1791625923 0 0 -
1791625925 0 0 -
1791625928 0 0 -
1791625930 0 0 -
1791625933 0 0 -
1791625935 0 0 -
1791625937 0 0 -
1791625940 0 0 -
1791625942 0 0 -
1791625945 0 0 -
1791625947 0 0 -
1791625949 0 0 -
1791625952 0 0 -
1791625954 0 0 -
1791625957 0 0 -
1791625960 0 0 -
1791625963 0 0 -
1791625965 0 0 -
1791625968 0 0 -
1791625971 0 0 -
1791625973 0 0 -
1791625976 0 0 -
1791625978 0 0 -
1791625981 0 0 -
1791625984 0 0 -
1791625986 0 0 -
1791625989 0 0 -
1791625992 0 0 -
1791625994 0 0 -
1791625996 0 0 -
1791625999 0 0 -
1791626001 0 0 -
1791626003 0 0 -
1791626006 0 0 -
1791626008 0 0 -
1791626011 0 0 -
1791626014 0 0 -
1791626017 0 0 -
1791626020 0 0 -
1791626022 0 0 -
1791626024 0 0 -
1791626027 0 0 -
1791626029 0 0 -
1791626032 0 0 -
1791626034 0 0 -
1791626036 0 0 -
1791626039 0 0 -
1791626041 0 0 -
1791626044 0 0 -
1791626046 0 0 -
1791626049 0 0 -
1791626051 0 0 -
1791626053 0 0 -
1791626056 0 0 -
1791626059 0 0 -
1791626061 0 0 -
1791626064 0 0 -
1791626066 0 0 -
1791626068 0 0 -
1791626071 0 0 -
