1791644177 0 0 -
1791644179 0 0 -
1791644181 0 0 -
1791644184 0 0 -
1791644186 0 0 -
1791644189 0 0 -
1791644191 0 0 -
1791644194 0 0 -
1791644197 0 0 -
1791644199 0 0 -
1791644201 0 0 -
1791644204 0 0 -
1791644206 0 0 -
1791644209 0 0 -
1791644211 0 0 -
1791644213 0 0 -
1791644216 0 0 -
1791644220 -1 0 -
1791644223 0 0 -
1791644225 0 0 -
1791644228 0 0 -
1791644231 0 0 -
1791644234 0 0 -
1791644237 0 0 -
1791644239 0 0 -
1791644242 0 0 -
1791644244 0 0 -
1791644246 0 0 -
1791644249 0 0 -
1791644251 0 0 -
1791644254 0 0 -
1791644257 0 0 -
1791644259 0 0 -
1791644262 0 0 -
1791644264 0 0 -
1791644267 0 0 -
1791644269 0 0 -
1791644271 0 0 -
1791644274 0 0 -
1791644276 0 0 -
1791644279 0 0 -
1791644281 0 0 -
1791644284 0 0 -
1791644286 0 0 -
1791644289 0 0 -
1791644291 0 0 -
1791644293 0 0 -
1791644296 0 0 -
1791644298 0 0 -
1791644301 0 0 -
1791644303 0 0 -
1791644306 0 0 -
1791644308 0 0 -
1791644310 0 0 -
1791644313 0 0 -
1791644316 0 0 -
1791644319 0 0 -
1791644322 0 0 -
1791644324 0 0 -
1791644327 0 0 -
1791644329 0 0 -
1791644331 0 0 -
1791644334 0 0 -
1791644336 0 0 -
1791644339 0 0 -
1791644342 0 0 -
1791644344 0 0 -
1791644346 0 0 -
1791644349 0 0 -
1791644352 0 0 -
1791644354 0 0 -
1791644357 0 0 -
1791644359 0 0 -
1791644361 0 0 -
1791644364 0 0 -
1791644367 0 0 -
1791644369 0 0 -
1791644372 0 0 -
1791644374 0 0 -
1791644377 0 0 -
1791644379 0 0 -
1791644382 0 0 -
1791644385 0 0 -
1791644388 0 0 -
1791644390 0 0 -
1791644393 0 0 -
1791644396 0 0 -
1791644398 0 0 -
1791644400 0 0 -
1791644403 0 0 -
1791644406 0 0 -
1791644408 0 0 -
1791644411 0 0 -
1791644414 0 0 -
1791644416 0 0 -
1791644419 0 0 -
1791644422 0 0 -
1791644424 0 0 -
1791644426 0 0 -
1791644429 0 0 -
1791644431 0 0 -
1791644434 0 0 -
1791644436 0 0 -
1791644438 0 0 -
1791644441 0 0 -
1791644443 0 0 -
1791644446 0 0 -
1791644448 0 0 -
1791644451 0 0 -
1791644453 0 0 -
1791644456 0 0 -
1791644459 0 0 -
1791644462 0 0 -
1791644465 0 0 -
1791644467 0 0 -
1791644469 0 0 -
1791644472 0 0 -
1791644474 0 0 -
1791644477 0 0 -
1791644479 0 0 -
1791644482 0 0 -
1791644484 0 3 74472:3,
1791644487 0 0 -
1791644489 0 0 -
1791644492 0 0 -
1791644494 0 0 -
1791644497 0 0 -
1791644499 0 0 -
1791644502 0 0 -
1791644504 0 0 -
1791644507 0 0 -
1791644510 0 0 -
1791644512 0 0 -
1791644515 0 0 -
1791644517 0 0 -
1791644520 0 0 -
1791644522 0 0 -
1791644525 0 0 -
1791644528 0 0 -
1791644530 0 0 -
1791644533 0 0 -
1791644535 0 0 -
1791644538 0 0 -
1791644540 0 0 -
1791644543 0 0 -
1791644545 0 0 -
1791644548 0 0 -
1791644550 0 0 -
1791644553 0 0 -
1791644555 0 0 -
1791644558 0 0 -
1791644560 0 0 -
1791644563 0 0 -
1791644566 0 0 -
1791644568 0 0 -
1791644571 0 0 -
1791644574 0 0 -
1791644577 0 0 -
1791644579 0 0 -
1791644582 0 0 -
1791644584 0 0 -
1791644587 0 0 -
1791644589 0 0 -
1791644592 0 0 -
1791644595 0 0 -
1791644597 0 0 -
1791644600 0 0 -
1791644602 0 0 -
1791644605 0 0 -
1791644607 0 0 -
1791644611 0 0 -
1791644614 0 0 -
1791644616 0 0 -
1791644619 0 0 -
1791644622 0 0 -
1791644624 0 0 -
1791644627 0 0 -
1791644629 0 0 -
1791644633 0 0 -
1791644635 0 0 -
1791644638 0 0 -
1791644640 0 0 -
1791644643 0 0 -
1791644645 0 0 -
1791644649 0 0 -
1791644651 0 0 -
1791644655 0 0 -
1791644658 0 0 -
1791644660 0 0 -
1791644662 0 0 -
1791644665 0 0 -
1791644667 0 0 -
1791644670 0 0 -
1791644673 0 0 -
1791644676 0 0 -
1791644678 0 0 -
1791644681 0 0 -
1791644683 0 0 -
1791644686 0 0 -
1791644688 0 0 -
1791644691 0 0 -
1791644693 0 0 -
1791644696 0 0 -
1791644698 0 0 -
1791644701 0 0 -
1791644703 0 0 -
1791644706 0 0 -
1791644708 0 0 -
1791644711 0 0 -
1791644713 0 0 -
1791644716 0 0 -
1791644719 0 0 -
1791644721 0 0 -
1791644724 0 0 -
1791644727 0 0 -
1791644729 0 0 -
1791644732 0 0 -
1791644734 0 0 -
1791644737 0 0 -
1791644739 0 0 -
1791644742 0 0 -
1791644744 0 0 -
1791644747 0 0 -
1791644749 0 0 -
1791644752 0 0 -
1791644754 0 0 -
1791644757 0 0 -
1791644759 0 0 -
1791644762 0 0 -
1791644764 0 0 -
1791644767 0 0 -
1791644769 0 0 -
1791644772 0 0 -
1791644774 0 0 -
1791644777 0 0 -
1791644780 0 0 -
1791644783 0 0 -
1791644786 0 0 -
1791644788 0 0 -
1791644791 0 0 -
1791644793 0 0 -
1791644796 0 0 -
1791644799 0 0 -
1791644803 -1 0 -
1791644805 0 0 -
1791644808 0 0 -
1791644810 0 0 -
1791644813 0 0 -
1791644815 0 0 -
1791644818 0 0 -
1791644820 0 0 -
1791644823 0 0 -
1791644826 0 0 -
1791644828 0 0 -
1791644830 0 0 -
1791644833 0 0 -
1791644835 0 0 -
1791644839 0 0 -
1791644841 0 0 -
1791644843 0 0 -
1791644847 0 0 -
1791644849 0 0 -
1791644851 0 0 -
1791644854 0 0 -
1791644856 0 0 -
1791644859 0 0 -
1791644861 0 0 -
1791644864 0 0 -
1791644866 0 0 -
1791644869 0 0 -
1791644871 0 0 -
1791644874 0 0 -
1791644876 0 0 -
1791644879 0 0 -
1791644881 0 0 -
1791644884 0 0 -
1791644887 0 0 -
1791644890 0 0 -
1791644892 0 0 -
1791644895 0 0 -
1791644897 0 0 -
1791644901 0 0 -
1791644903 0 0 -
1791644906 0 0 -
1791644909 0 0 -
1791644913 -1 0 -
1791644916 0 0 -
1791644918 0 0 -
1791644921 0 0 -
1791644923 0 0 -
1791644926 0 0 -
1791644928 0 0 -
1791644931 0 0 -
1791644933 0 0 -
1791644936 0 0 -
1791644938 0 0 -
1791644941 0 0 -
1791644943 0 0 -
1791644946 0 0 -
1791644948 0 0 -
1791644951 0 0 -
1791644954 0 0 -
1791644956 0 0 -
1791644958 0 0 -
1791644961 0 0 -
1791644963 0 0 -
1791644966 0 0 -
1791644968 0 0 -
1791644971 0 0 -
1791644973 0 0 -
1791644975 0 0 -
1791644978 0 0 -
1791644981 0 0 -
1791644984 0 0 -
1791644986 0 0 -
1791644988 0 0 -
1791644991 0 0 -
1791644993 0 0 -
1791644996 0 0 -
1791644998 0 0 -
1791645001 0 0 -
1791645003 0 0 -
1791645005 0 0 -
1791645008 0 0 -
1791645010 0 0 -
1791645013 0 0 -
1791645015 0 0 -
1791645018 0 0 -
1791645020 0 0 -
1791645023 0 0 -
1791645025 0 0 -
1791645027 0 0 -
1791645030 0 0 -
1791645032 0 0 -
1791645035 0 0 -
1791645037 0 0 -
1791645040 0 0 -
1791645043 0 0 -
1791645046 0 0 -
1791645049 0 0 -
1791645051 0 0 -
1791645054 0 0 -
1791645056 0 0 -
1791645058 0 0 -
1791645061 0 0 -
1791645064 0 0 -
1791645066 0 0 -
1791645068 0 0 -
1791645071 0 0 -
1791645073 0 0 -
1791645076 0 0 -
1791645078 0 0 -
1791645081 0 0 -
1791645083 0 0 -
1791645086 0 0 -
1791645088 0 0 -
1791645090 0 0 -
1791645094 0 0 -
1791645097 0 0 -
1791645099 0 0 -
1791645101 0 3 74472:3,
1791645104 0 0 -
1791645106 0 0 -
1791645109 0 0 -
1791645111 0 0 -
1791645114 0 0 -
1791645117 0 0 -
1791645120 0 0 -
1791645122 0 0 -
1791645125 0 0 -
1791645127 0 0 -
1791645130 0 0 -
1791645132 0 0 -
1791645135 0 0 -
1791645137 0 0 -
1791645139 0 0 -
1791645142 0 0 -
1791645144 0 0 -
1791645147 0 0 -
1791645149 0 0 -
1791645152 0 0 -
1791645154 0 0 -
1791645156 0 0 -
1791645159 0 0 -
1791645161 0 0 -
1791645164 0 0 -
1791645166 0 0 -
1791645169 0 0 -
1791645172 0 0 -
1791645174 0 0 -
1791645177 0 0 -
1791645180 0 0 -
1791645182 0 0 -
1791645184 0 0 -
1791645187 0 0 -
1791645189 0 0 -
1791645192 0 0 -
1791645194 0 0 -
1791645198 -1 0 -
1791645201 0 0 -
1791645203 0 0 -
1791645205 0 0 -
1791645208 0 0 -
1791645210 0 0 -
1791645213 0 0 -
1791645215 0 0 -
1791645218 0 0 -
1791645220 0 0 -
1791645223 0 0 -
1791645226 0 0 -
1791645229 0 0 -
1791645231 0 0 -
1791645233 0 0 -
1791645236 0 0 -
1791645238 0 0 -
1791645241 0 0 -
1791645243 0 0 -
1791645246 0 0 -
1791645248 0 0 -
1791645250 0 0 -
1791645253 0 0 -
1791645255 0 0 -
1791645258 0 0 -
1791645260 0 0 -
1791645263 0 0 -
1791645265 0 0 -
1791645268 0 0 -
1791645270 0 0 -
1791645272 0 0 -
1791645275 0 0 -
1791645277 0 0 -
1791645280 0 0 -
1791645282 0 0 -
1791645285 0 0 -
1791645287 0 0 -
1791645289 0 0 -
1791645292 0 0 -
1791645295 0 0 -
1791645297 0 0 -
1791645300 0 0 -
1791645302 0 0 -
1791645304 0 0 -
1791645307 0 0 -
1791645310 0 0 -
1791645312 0 0 -
1791645315 0 0 -
1791645317 0 0 -
1791645320 0 0 -
1791645323 0 0 -
1791645326 0 0 -
1791645329 0 0 -
1791645331 0 0 -
1791645334 0 0 -
1791645336 0 0 -
1791645338 0 0 -
1791645341 0 0 -
1791645343 0 0 -
1791645346 0 0 -
1791645348 0 0 -
1791645351 0 0 -
1791645354 0 0 -
1791645356 0 0 -
1791645359 0 0 -
1791645361 0 0 -
1791645364 0 0 -
1791645366 0 0 -
1791645369 0 0 -
1791645371 0 0 -
1791645374 0 0 -
1791645376 0 0 -
1791645378 0 0 -
1791645381 0 0 -
1791645384 0 0 -
1791645387 0 0 -
1791645389 0 0 -
1791645392 0 0 -
1791645394 0 0 -
1791645397 0 0 -
1791645399 0 0 -
1791645403 0 0 -
1791645405 0 0 -
1791645408 0 0 -
1791645411 0 0 -
1791645413 0 0 -
1791645416 0 0 -
1791645418 0 0 -
1791645420 0 0 -
1791645423 0 0 -
1791645426 0 0 -
1791645428 0 0 -
1791645431 0 0 -
1791645433 0 0 -
1791645435 0 0 -
1791645438 0 0 -
1791645440 0 0 -
1791645443 0 0 -
1791645446 0 0 -
1791645448 0 0 -
1791645451 0 0 -
1791645453 0 0 -
1791645456 0 0 -
1791645458 0 0 -
1791645462 0 0 -
1791645464 0 0 -
1791645467 0 0 -
1791645469 0 0 -
1791645472 0 0 -
1791645474 0 0 -
1791645477 0 0 -
1791645480 0 0 -
1791645483 0 0 -
1791645485 0 0 -
1791645488 0 0 -
1791645490 0 0 -
1791645493 0 0 -
1791645495 0 0 -
1791645498 0 0 -
1791645500 0 0 -
1791645502 0 0 -
1791645505 0 0 -
1791645507 0 0 -
1791645510 0 0 -
1791645512 0 0 -
1791645515 0 0 -
1791645517 0 0 -
1791645519 0 0 -
1791645522 0 0 -
1791645524 0 0 -
1791645527 0 0 -
1791645529 0 0 -
1791645532 0 0 -
1791645535 0 0 -
1791645537 0 0 -
1791645539 0 0 -
1791645542 0 0 -
1791645544 0 0 -
1791645547 0 0 -
1791645550 0 0 -
1791645552 0 0 -
1791645554 0 0 -
1791645557 0 0 -
1791645559 0 0 -
1791645562 0 0 -
1791645564 0 0 -
1791645567 0 0 -
1791645569 0 0 -
1791645572 0 0 -
1791645574 0 0 -
1791645577 0 0 -
1791645580 0 0 -
1791645582 0 0 -
1791645585 0 0 -
1791645587 0 0 -
1791645590 0 0 -
1791645592 0 0 -
1791645595 0 0 -
1791645597 0 0 -
1791645600 0 0 -
1791645602 0 0 -
1791645604 0 0 -
1791645607 0 0 -
1791645609 0 0 -
1791645613 0 0 -
1791645615 0 0 -
1791645618 0 0 -
1791645620 0 0 -
1791645623 0 0 -
1791645625 0 0 -
