<studio-home>/lab-332/r015-d07d-cv0.sh: line 11: <studio-home>/lab-332/runs4/step3-r015-cv0/r015-a3b-332.jsonl: No such file or directory
2026-10-09T18:39:46Z out_lines=0 gpu=0 other=0.1
<studio-home>/lab-332/r015-d07d-cv0.sh: line 11: <studio-home>/lab-332/runs4/step3-r015-cv0/r015-a3b-332.jsonl: No such file or directory
2026-10-09T18:39:56Z out_lines=0 gpu=0 other=0.1
<studio-home>/lab-332/r015-d07d-cv0.sh: line 11: <studio-home>/lab-332/runs4/step3-r015-cv0/r015-a3b-332.jsonl: No such file or directory
2026-10-09T18:40:06Z out_lines=0 gpu=0 other=0.1
<studio-home>/lab-332/r015-d07d-cv0.sh: line 11: <studio-home>/lab-332/runs4/step3-r015-cv0/r015-a3b-332.jsonl: No such file or directory
2026-10-09T18:40:16Z out_lines=0 gpu=0 other=0.1
<studio-home>/lab-332/r015-d07d-cv0.sh: line 11: <studio-home>/lab-332/runs4/step3-r015-cv0/r015-a3b-332.jsonl: No such file or directory
2026-10-09T18:40:26Z out_lines=0 gpu=0 other=0.1
<studio-home>/lab-332/r015-d07d-cv0.sh: line 11: <studio-home>/lab-332/runs4/step3-r015-cv0/r015-a3b-332.jsonl: No such file or directory
2026-10-09T18:40:37Z out_lines=0 gpu=0 other=0.1
<studio-home>/lab-332/r015-d07d-cv0.sh: line 11: <studio-home>/lab-332/runs4/step3-r015-cv0/r015-a3b-332.jsonl: No such file or directory
2026-10-09T18:40:47Z out_lines=0 gpu=92 other=0.1
2026-10-09T18:40:57Z out_lines=       1 gpu=0 other=0.1
2026-10-09T18:41:07Z out_lines=       1 gpu=0 other=0.1
2026-10-09T18:41:17Z out_lines=       1 gpu=0 other=0.1
2026-10-09T18:41:27Z out_lines=       1 gpu=100 other=0.1
2026-10-09T18:41:37Z out_lines=       3 gpu=98 other=0.1
2026-10-09T18:41:47Z out_lines=       9 gpu=0 other=0.1
2026-10-09T18:41:57Z out_lines=      13 gpu=83 other=0.1
2026-10-09T18:42:07Z out_lines=      17 gpu=83 other=0
2026-10-09T18:42:17Z out_lines=      23 gpu=0 other=0.1
2026-10-09T18:42:27Z out_lines=      23 gpu=0 other=0.1
2026-10-09T18:42:37Z out_lines=      23 gpu=0 other=0.1
2026-10-09T18:42:47Z out_lines=      23 gpu=86 other=0.1
2026-10-09T18:42:58Z out_lines=      24 gpu=81 other=0.1
2026-10-09T18:43:08Z out_lines=      25 gpu=83 other=0.1
2026-10-09T18:43:18Z out_lines=      27 gpu=82 other=0
2026-10-09T18:43:28Z out_lines=      29 gpu=80 other=0
2026-10-09T18:43:38Z out_lines=      31 gpu=81 other=0
2026-10-09T18:43:48Z out_lines=      33 gpu=80 other=0
2026-10-09T18:43:58Z out_lines=      35 gpu=82 other=0.1
2026-10-09T18:44:08Z out_lines=      37 gpu=82 other=0.1
2026-10-09T18:44:18Z out_lines=      39 gpu=0 other=0.1
2026-10-09T18:44:28Z out_lines=      41 gpu=80 other=0.1
2026-10-09T18:44:38Z out_lines=      43 gpu=84 other=0
2026-10-09T18:44:48Z out_lines=      45 gpu=0 other=0.1
2026-10-09T18:44:58Z out_lines=      45 gpu=0 other=0.1
2026-10-09T18:45:08Z out_lines=      45 gpu=89 other=0.1
2026-10-09T18:45:19Z out_lines=      45 gpu=0 other=0.1
2026-10-09T18:45:29Z out_lines=      47 gpu=0 other=0.1
2026-10-09T18:45:39Z out_lines=      49 gpu=0 other=0.1
2026-10-09T18:45:49Z out_lines=      51 gpu=0 other=0.1
2026-10-09T18:45:59Z out_lines=      53 gpu=0 other=0.1
2026-10-09T18:46:09Z out_lines=      55 gpu=0 other=0.1
2026-10-09T18:46:19Z out_lines=      57 gpu=0 other=0.1
2026-10-09T18:46:29Z out_lines=      59 gpu=0 other=0.1
2026-10-09T18:46:39Z out_lines=      61 gpu=85 other=0.1
2026-10-09T18:46:49Z out_lines=      61 gpu=79 other=0.1
2026-10-09T18:46:59Z out_lines=      63 gpu=82 other=0.1
2026-10-09T18:47:09Z out_lines=      65 gpu=80 other=0.1
2026-10-09T18:47:19Z out_lines=      67 gpu=0 other=0.1
2026-10-09T18:47:29Z out_lines=      67 gpu=0 other=0.1
2026-10-09T18:47:39Z out_lines=      67 gpu=86 other=0.1
2026-10-09T18:47:50Z out_lines=      67 gpu=99 other=0.1
2026-10-09T18:48:00Z out_lines=      68 gpu=81 other=0.1
2026-10-09T18:48:10Z out_lines=      69 gpu=78 other=0
2026-10-09T18:48:20Z out_lines=      71 gpu=0 other=0.1
2026-10-09T18:48:30Z out_lines=      71 gpu=100 other=0.1
2026-10-09T18:48:40Z out_lines=      73 gpu=99 other=0.1
2026-10-09T18:48:50Z out_lines=      73 gpu=73 other=0
2026-10-09T18:49:00Z out_lines=      75 gpu=82 other=0.1
2026-10-09T18:49:10Z out_lines=      77 gpu=0 other=0.1
2026-10-09T18:49:20Z out_lines=      77 gpu=0 other=0.1
2026-10-09T18:49:30Z out_lines=      79 gpu=100 other=0.1
2026-10-09T18:49:40Z out_lines=      79 gpu=82 other=0
2026-10-09T18:49:50Z out_lines=      81 gpu=81 other=0
2026-10-09T18:50:00Z out_lines=      83 gpu=51 other=0.1
2026-10-09T18:50:11Z out_lines=      83 gpu=99 other=0.1
2026-10-09T18:50:21Z out_lines=      85 gpu=99 other=0.1
2026-10-09T18:50:31Z out_lines=      85 gpu=73 other=0.1
2026-10-09T18:50:41Z out_lines=      87 gpu=82 other=0.1
2026-10-09T18:50:51Z out_lines=      89 gpu=0 other=0.1
2026-10-09T18:51:01Z out_lines=      89 gpu=0 other=0.1
2026-10-09T18:51:11Z out_lines=      89 gpu=0 other=0.1
2026-10-09T18:51:21Z out_lines=      89 gpu=80 other=0.1
2026-10-09T18:51:31Z out_lines=      89 gpu=84 other=0.1
2026-10-09T18:51:41Z out_lines=      91 gpu=100 other=0.1
2026-10-09T18:51:51Z out_lines=      91 gpu=82 other=0.1
2026-10-09T18:52:01Z out_lines=      93 gpu=79 other=0
2026-10-09T18:52:11Z out_lines=      93 gpu=82 other=0
2026-10-09T18:52:22Z out_lines=      95 gpu=83 other=0
2026-10-09T18:52:32Z out_lines=      97 gpu=0 other=0.1
2026-10-09T18:52:42Z out_lines=      97 gpu=97 other=0.1
2026-10-09T18:52:52Z out_lines=      99 gpu=85 other=0.1
2026-10-09T18:53:02Z out_lines=      99 gpu=83 other=0.1
2026-10-09T18:53:12Z out_lines=     101 gpu=82 other=0.1
2026-10-09T18:53:22Z out_lines=     101 gpu=87 other=0.1
2026-10-09T18:53:32Z out_lines=     103 gpu=100 other=0.1
2026-10-09T18:53:42Z out_lines=     105 gpu=100 other=0.1
2026-10-09T18:53:52Z out_lines=     105 gpu=81 other=0
2026-10-09T18:54:02Z out_lines=     107 gpu=78 other=0.1
2026-10-09T18:54:12Z out_lines=     107 gpu=81 other=0.1
2026-10-09T18:54:22Z out_lines=     109 gpu=82 other=0.1
2026-10-09T18:54:32Z out_lines=     111 gpu=0 other=0.1
2026-10-09T18:54:43Z out_lines=     111 gpu=0 other=0.1
2026-10-09T18:54:53Z out_lines=     111 gpu=0 other=0.1
2026-10-09T18:55:03Z out_lines=     111 gpu=91 other=0.1
2026-10-09T18:55:13Z out_lines=     111 gpu=98 other=0.1
2026-10-09T18:55:23Z out_lines=     111 gpu=88 other=0.1
2026-10-09T18:55:33Z out_lines=     112 gpu=100 other=0.1
2026-10-09T18:55:43Z out_lines=     112 gpu=100 other=0
2026-10-09T18:55:53Z out_lines=     113 gpu=0 other=0.1
2026-10-09T18:56:03Z out_lines=     113 gpu=100 other=0.1
2026-10-09T18:56:13Z out_lines=     113 gpu=90 other=0
2026-10-09T18:56:23Z out_lines=     113 gpu=100 other=0.1
2026-10-09T18:56:33Z out_lines=     113 gpu=91 other=0
2026-10-09T18:56:43Z out_lines=     115 gpu=97 other=0.1
2026-10-09T18:56:54Z out_lines=     115 gpu=90 other=0
2026-10-09T18:57:04Z out_lines=     115 gpu=98 other=0.1
2026-10-09T18:57:14Z out_lines=     115 gpu=90 other=0
2026-10-09T18:57:24Z out_lines=     115 gpu=85 other=0
2026-10-09T18:57:34Z out_lines=     117 gpu=100 other=0.1
2026-10-09T18:57:44Z out_lines=     117 gpu=90 other=0.1
2026-10-09T18:57:54Z out_lines=     117 gpu=100 other=0.1
2026-10-09T18:58:04Z out_lines=     117 gpu=90 other=0
2026-10-09T18:58:14Z out_lines=     119 gpu=0 other=0.1
2026-10-09T18:58:24Z out_lines=     119 gpu=92 other=0.1
2026-10-09T18:58:34Z out_lines=     119 gpu=89 other=0.1
2026-10-09T18:58:44Z out_lines=     119 gpu=92 other=0.1
2026-10-09T18:58:54Z out_lines=     119 gpu=89 other=0.1
2026-10-09T18:59:05Z out_lines=     121 gpu=95 other=0.1
2026-10-09T18:59:15Z out_lines=     121 gpu=90 other=0
2026-10-09T18:59:25Z out_lines=     121 gpu=96 other=0.1
2026-10-09T18:59:35Z out_lines=     121 gpu=90 other=0
2026-10-09T18:59:45Z out_lines=     123 gpu=0 other=0.1
2026-10-09T18:59:55Z out_lines=     123 gpu=90 other=0.1
2026-10-09T19:00:05Z out_lines=     123 gpu=90 other=0.1
2026-10-09T19:00:15Z out_lines=     123 gpu=90 other=0
2026-10-09T19:00:25Z out_lines=     123 gpu=89 other=0
2026-10-09T19:00:35Z out_lines=     125 gpu=0 other=0.1
2026-10-09T19:00:45Z out_lines=     125 gpu=90 other=0.1
2026-10-09T19:00:55Z out_lines=     125 gpu=100 other=0.1
2026-10-09T19:01:05Z out_lines=     125 gpu=90 other=0.1
2026-10-09T19:01:16Z out_lines=     127 gpu=0 other=0.1
2026-10-09T19:01:26Z out_lines=     127 gpu=100 other=0.1
2026-10-09T19:01:36Z out_lines=     127 gpu=90 other=0
2026-10-09T19:01:46Z out_lines=     127 gpu=87 other=0.1
2026-10-09T19:01:56Z out_lines=     127 gpu=90 other=0
2026-10-09T19:02:06Z out_lines=     129 gpu=100 other=0.1
2026-10-09T19:02:16Z out_lines=     129 gpu=88 other=0.1
2026-10-09T19:02:26Z out_lines=     129 gpu=84 other=0.1
2026-10-09T19:02:36Z out_lines=     129 gpu=90 other=0.1
2026-10-09T19:02:46Z out_lines=     129 gpu=88 other=0.1
2026-10-09T19:02:56Z out_lines=     131 gpu=84 other=0.1
2026-10-09T19:03:06Z out_lines=     131 gpu=91 other=0.1
2026-10-09T19:03:16Z out_lines=     131 gpu=93 other=0.1
2026-10-09T19:03:27Z out_lines=     131 gpu=91 other=0.1
2026-10-09T19:03:37Z out_lines=     133 gpu=0 other=0.1
2026-10-09T19:03:47Z out_lines=     133 gpu=0 other=0.1
2026-10-09T19:03:57Z out_lines=     133 gpu=0 other=0.1
2026-10-09T19:04:07Z out_lines=     133 gpu=90 other=0
2026-10-09T19:04:17Z out_lines=     133 gpu=0 other=0.1
2026-10-09T19:04:27Z out_lines=     133 gpu=91 other=0
2026-10-09T19:04:37Z out_lines=     133 gpu=0 other=0
2026-10-09T19:04:47Z out_lines=     133 gpu=95 other=0.1
2026-10-09T19:04:57Z out_lines=     133 gpu=88 other=0
2026-10-09T19:05:07Z out_lines=     135 gpu=95 other=0.1
2026-10-09T19:05:17Z out_lines=     135 gpu=87 other=0.1
2026-10-09T19:05:27Z out_lines=     135 gpu=98 other=0.1
2026-10-09T19:05:38Z out_lines=     135 gpu=91 other=0.1
2026-10-09T19:05:48Z out_lines=     137 gpu=0 other=0.1
2026-10-09T19:05:58Z out_lines=     137 gpu=90 other=0
2026-10-09T19:06:08Z out_lines=     137 gpu=90 other=0
2026-10-09T19:06:18Z out_lines=     137 gpu=93 other=0.1
2026-10-09T19:06:28Z out_lines=     137 gpu=91 other=0.1
2026-10-09T19:06:38Z out_lines=     139 gpu=100 other=0.1
2026-10-09T19:06:48Z out_lines=     139 gpu=92 other=0
2026-10-09T19:06:58Z out_lines=     139 gpu=100 other=0.1
2026-10-09T19:07:08Z out_lines=     139 gpu=91 other=0
2026-10-09T19:07:18Z out_lines=     141 gpu=0 other=0.1
2026-10-09T19:07:28Z out_lines=     141 gpu=90 other=0.1
2026-10-09T19:07:38Z out_lines=     141 gpu=91 other=0.1
2026-10-09T19:07:49Z out_lines=     141 gpu=100 other=0.1
2026-10-09T19:07:59Z out_lines=     141 gpu=91 other=0.1
2026-10-09T19:08:09Z out_lines=     143 gpu=97 other=0.1
2026-10-09T19:08:19Z out_lines=     143 gpu=91 other=0
2026-10-09T19:08:29Z out_lines=     143 gpu=100 other=0.1
2026-10-09T19:08:39Z out_lines=     143 gpu=90 other=0
2026-10-09T19:08:49Z out_lines=     145 gpu=0 other=0.1
2026-10-09T19:08:59Z out_lines=     145 gpu=90 other=0.1
2026-10-09T19:09:09Z out_lines=     145 gpu=86 other=0.1
2026-10-09T19:09:19Z out_lines=     145 gpu=100 other=0.1
2026-10-09T19:09:29Z out_lines=     145 gpu=89 other=0
2026-10-09T19:09:39Z out_lines=     147 gpu=94 other=0.1
2026-10-09T19:09:50Z out_lines=     147 gpu=91 other=0.1
2026-10-09T19:10:00Z out_lines=     147 gpu=95 other=0.1
2026-10-09T19:10:10Z out_lines=     147 gpu=90 other=0.1
2026-10-09T19:10:20Z out_lines=     149 gpu=0 other=0.1
2026-10-09T19:10:30Z out_lines=     149 gpu=89 other=0.1
2026-10-09T19:10:40Z out_lines=     149 gpu=90 other=0
2026-10-09T19:10:50Z out_lines=     149 gpu=0 other=0.1
2026-10-09T19:11:00Z out_lines=     149 gpu=0 other=0
2026-10-09T19:11:10Z out_lines=     151 gpu=100 other=0.1
2026-10-09T19:11:20Z out_lines=     151 gpu=92 other=0.1
2026-10-09T19:11:30Z out_lines=     151 gpu=100 other=0.1
2026-10-09T19:11:40Z out_lines=     151 gpu=90 other=0.1
2026-10-09T19:11:51Z out_lines=     153 gpu=0 other=0.1
2026-10-09T19:12:01Z out_lines=     153 gpu=93 other=0.1
2026-10-09T19:12:11Z out_lines=     153 gpu=91 other=0
2026-10-09T19:12:21Z out_lines=     153 gpu=96 other=0.1
2026-10-09T19:12:31Z out_lines=     153 gpu=93 other=0.1
2026-10-09T19:12:41Z out_lines=     155 gpu=100 other=0.1
2026-10-09T19:12:51Z out_lines=     155 gpu=91 other=0
2026-10-09T19:13:01Z out_lines=     155 gpu=100 other=0.1
2026-10-09T19:13:11Z out_lines=     155 gpu=91 other=0
2026-10-09T19:13:21Z out_lines=     157 gpu=82 other=0.1
2026-10-09T19:13:31Z out_lines=     157 gpu=100 other=0.1
2026-10-09T19:13:41Z out_lines=     157 gpu=90 other=0.1
2026-10-09T19:13:51Z out_lines=     157 gpu=94 other=0.1
2026-10-09T19:14:02Z out_lines=     157 gpu=90 other=0.1
2026-10-09T19:14:12Z out_lines=     159 gpu=96 other=0.1
2026-10-09T19:14:22Z out_lines=     159 gpu=90 other=0
2026-10-09T19:14:32Z out_lines=     159 gpu=93 other=0.1
2026-10-09T19:14:42Z out_lines=     159 gpu=90 other=0
2026-10-09T19:14:52Z out_lines=     159 gpu=85 other=0.1
2026-10-09T19:15:02Z out_lines=     161 gpu=97 other=0.1
2026-10-09T19:15:12Z out_lines=     161 gpu=90 other=0.1
2026-10-09T19:15:22Z out_lines=     161 gpu=90 other=0.1
2026-10-09T19:15:32Z out_lines=     161 gpu=91 other=0
2026-10-09T19:15:42Z out_lines=     163 gpu=91 other=0.1
2026-10-09T19:15:52Z out_lines=     163 gpu=89 other=0.1
2026-10-09T19:16:03Z out_lines=     163 gpu=97 other=0.1
2026-10-09T19:16:13Z out_lines=     163 gpu=91 other=0.1
2026-10-09T19:16:23Z out_lines=     163 gpu=88 other=0
2026-10-09T19:16:33Z out_lines=     165 gpu=97 other=0.1
2026-10-09T19:16:43Z out_lines=     165 gpu=90 other=0
2026-10-09T19:16:53Z out_lines=     165 gpu=95 other=0.1
2026-10-09T19:17:03Z out_lines=     165 gpu=90 other=0.1
2026-10-09T19:17:13Z out_lines=     167 gpu=100 other=0.1
2026-10-09T19:17:23Z out_lines=     167 gpu=91 other=0.1
2026-10-09T19:17:33Z out_lines=     167 gpu=98 other=0.1
2026-10-09T19:17:43Z out_lines=     167 gpu=91 other=0.1
2026-10-09T19:17:53Z out_lines=     167 gpu=88 other=0.1
2026-10-09T19:18:04Z out_lines=     169 gpu=93 other=0.1
2026-10-09T19:18:14Z out_lines=     169 gpu=100 other=0.1
2026-10-09T19:18:24Z out_lines=     169 gpu=96 other=0.1
2026-10-09T19:18:34Z out_lines=     169 gpu=91 other=0.1
2026-10-09T19:18:44Z out_lines=     171 gpu=100 other=0.1
2026-10-09T19:18:54Z out_lines=     171 gpu=90 other=0
2026-10-09T19:19:04Z out_lines=     171 gpu=87 other=0
2026-10-09T19:19:14Z out_lines=     171 gpu=91 other=0
2026-10-09T19:19:24Z out_lines=     171 gpu=88 other=0.1
2026-10-09T19:19:34Z out_lines=     173 gpu=95 other=0.1
2026-10-09T19:19:44Z out_lines=     173 gpu=91 other=0.1
2026-10-09T19:19:55Z out_lines=     173 gpu=96 other=0.1
2026-10-09T19:20:05Z out_lines=     173 gpu=90 other=0
2026-10-09T19:20:15Z out_lines=     175 gpu=97 other=0.1
2026-10-09T19:20:25Z out_lines=     175 gpu=91 other=0
2026-10-09T19:20:35Z out_lines=     175 gpu=82 other=0
2026-10-09T19:20:45Z out_lines=     175 gpu=91 other=0
2026-10-09T19:20:55Z out_lines=     175 gpu=93 other=0.1
2026-10-09T19:21:05Z out_lines=     177 gpu=100 other=0.1
2026-10-09T19:21:15Z out_lines=     177 gpu=88 other=0
2026-10-09T19:21:25Z out_lines=     177 gpu=94 other=0.1
2026-10-09T19:21:35Z out_lines=     177 gpu=90 other=0
2026-10-09T19:21:45Z out_lines=     179 gpu=97 other=0.1
2026-10-09T19:21:56Z out_lines=     179 gpu=90 other=0.1
2026-10-09T19:22:06Z out_lines=     179 gpu=87 other=0.1
2026-10-09T19:22:16Z out_lines=     179 gpu=81 other=0.1
2026-10-09T19:22:26Z out_lines=     179 gpu=90 other=0.1
2026-10-09T19:22:36Z out_lines=     181 gpu=100 other=0.1
2026-10-09T19:22:46Z out_lines=     181 gpu=90 other=0
2026-10-09T19:22:56Z out_lines=     181 gpu=96 other=0.1
2026-10-09T19:23:06Z out_lines=     181 gpu=0 other=0.1
2026-10-09T19:23:16Z out_lines=     183 gpu=0 other=0.1
2026-10-09T19:23:26Z out_lines=     183 gpu=91 other=0.1
2026-10-09T19:23:36Z out_lines=     183 gpu=88 other=0.1
2026-10-09T19:23:47Z out_lines=     183 gpu=90 other=0.1
2026-10-09T19:23:57Z out_lines=     183 gpu=90 other=0
2026-10-09T19:24:07Z out_lines=     185 gpu=93 other=0.1
2026-10-09T19:24:17Z out_lines=     185 gpu=100 other=0.1
2026-10-09T19:24:27Z out_lines=     185 gpu=100 other=0.1
2026-10-09T19:24:37Z out_lines=     185 gpu=91 other=0.1
2026-10-09T19:24:47Z out_lines=     187 gpu=0 other=0.1
2026-10-09T19:24:57Z out_lines=     187 gpu=92 other=0
2026-10-09T19:25:07Z out_lines=     187 gpu=92 other=0.1
2026-10-09T19:25:17Z out_lines=     187 gpu=90 other=0
2026-10-09T19:25:27Z out_lines=     187 gpu=90 other=0.1
2026-10-09T19:25:37Z out_lines=     189 gpu=95 other=0.1
2026-10-09T19:25:48Z out_lines=     189 gpu=90 other=0.1
2026-10-09T19:25:58Z out_lines=     189 gpu=95 other=0.1
2026-10-09T19:26:08Z out_lines=     189 gpu=90 other=0
2026-10-09T19:26:18Z out_lines=     191 gpu=0 other=0.1
2026-10-09T19:26:28Z out_lines=     191 gpu=91 other=0.1
2026-10-09T19:26:38Z out_lines=     191 gpu=90 other=0.1
2026-10-09T19:26:48Z out_lines=     191 gpu=86 other=0.1
2026-10-09T19:26:58Z out_lines=     191 gpu=91 other=0.1
2026-10-09T19:27:08Z out_lines=     193 gpu=100 other=0.1
2026-10-09T19:27:18Z out_lines=     193 gpu=90 other=0
2026-10-09T19:27:28Z out_lines=     193 gpu=97 other=0.1
2026-10-09T19:27:39Z out_lines=     193 gpu=90 other=0
2026-10-09T19:27:49Z out_lines=     195 gpu=0 other=0.1
2026-10-09T19:27:59Z out_lines=     195 gpu=90 other=0.1
2026-10-09T19:28:09Z out_lines=     195 gpu=100 other=0.1
2026-10-09T19:28:19Z out_lines=     195 gpu=89 other=0.1
2026-10-09T19:28:29Z out_lines=     195 gpu=90 other=0
2026-10-09T19:28:39Z out_lines=     197 gpu=100 other=0.1
2026-10-09T19:28:49Z out_lines=     197 gpu=91 other=0
2026-10-09T19:28:59Z out_lines=     197 gpu=100 other=0.1
2026-10-09T19:29:09Z out_lines=     197 gpu=91 other=0.1
2026-10-09T19:29:19Z out_lines=     199 gpu=0 other=0.1
2026-10-09T19:29:30Z out_lines=     199 gpu=90 other=0
2026-10-09T19:29:40Z out_lines=     199 gpu=90 other=0.1
2026-10-09T19:29:50Z out_lines=     199 gpu=91 other=0
2026-10-09T19:30:00Z out_lines=     199 gpu=90 other=0.1
2026-10-09T19:30:10Z out_lines=     201 gpu=100 other=0.1
2026-10-09T19:30:20Z out_lines=     201 gpu=91 other=0.1
2026-10-09T19:30:30Z out_lines=     201 gpu=95 other=0.1
2026-10-09T19:30:40Z out_lines=     201 gpu=89 other=0.1
2026-10-09T19:30:50Z out_lines=     203 gpu=0 other=0.1
2026-10-09T19:31:00Z out_lines=     203 gpu=90 other=0
2026-10-09T19:31:10Z out_lines=     203 gpu=89 other=0.1
2026-10-09T19:31:21Z out_lines=     203 gpu=90 other=0
2026-10-09T19:31:31Z out_lines=     203 gpu=90 other=0.1
2026-10-09T19:31:41Z out_lines=     205 gpu=97 other=0.1
2026-10-09T19:31:51Z out_lines=     205 gpu=67 other=0.1
2026-10-09T19:32:01Z out_lines=     205 gpu=100 other=0.1
2026-10-09T19:32:11Z out_lines=     205 gpu=90 other=0
2026-10-09T19:32:21Z out_lines=     207 gpu=0 other=0.1
2026-10-09T19:32:31Z out_lines=     207 gpu=91 other=0.1
2026-10-09T19:32:41Z out_lines=     207 gpu=94 other=0.1
2026-10-09T19:32:51Z out_lines=     207 gpu=92 other=0.1
2026-10-09T19:33:01Z out_lines=     207 gpu=90 other=0.1
2026-10-09T19:33:12Z out_lines=     209 gpu=97 other=0.1
2026-10-09T19:33:22Z out_lines=     209 gpu=90 other=0
2026-10-09T19:33:32Z out_lines=     209 gpu=97 other=0.1
2026-10-09T19:33:42Z out_lines=     209 gpu=90 other=0
2026-10-09T19:33:52Z out_lines=     211 gpu=0 other=0.1
2026-10-09T19:34:02Z out_lines=     211 gpu=91 other=0.1
2026-10-09T19:34:12Z out_lines=     211 gpu=86 other=0.1
2026-10-09T19:34:22Z out_lines=     211 gpu=93 other=0.1
2026-10-09T19:34:32Z out_lines=     211 gpu=91 other=0
