<studio-home>/lab-332/r015-d07d.sh: line 10: <studio-home>/lab-332/runs4/step3-r015/r015-a3b-332.jsonl: No such file or directory
2026-10-09T16:08:58Z out_lines=0 gpu=0 other=0.1
<studio-home>/lab-332/r015-d07d.sh: line 10: <studio-home>/lab-332/runs4/step3-r015/r015-a3b-332.jsonl: No such file or directory
2026-10-09T16:09:08Z out_lines=0 gpu=0 other=0.1
<studio-home>/lab-332/r015-d07d.sh: line 10: <studio-home>/lab-332/runs4/step3-r015/r015-a3b-332.jsonl: No such file or directory
2026-10-09T16:09:18Z out_lines=0 gpu=0 other=0.1
<studio-home>/lab-332/r015-d07d.sh: line 10: <studio-home>/lab-332/runs4/step3-r015/r015-a3b-332.jsonl: No such file or directory
2026-10-09T16:09:28Z out_lines=0 gpu=0 other=0.1
<studio-home>/lab-332/r015-d07d.sh: line 10: <studio-home>/lab-332/runs4/step3-r015/r015-a3b-332.jsonl: No such file or directory
2026-10-09T16:09:38Z out_lines=0 gpu=0 other=0.1
<studio-home>/lab-332/r015-d07d.sh: line 10: <studio-home>/lab-332/runs4/step3-r015/r015-a3b-332.jsonl: No such file or directory
2026-10-09T16:09:48Z out_lines=0 gpu=0 other=0.1
<studio-home>/lab-332/r015-d07d.sh: line 10: <studio-home>/lab-332/runs4/step3-r015/r015-a3b-332.jsonl: No such file or directory
2026-10-09T16:09:58Z out_lines=0 gpu=90 other=0
<studio-home>/lab-332/r015-d07d.sh: line 10: <studio-home>/lab-332/runs4/step3-r015/r015-a3b-332.jsonl: No such file or directory
2026-10-09T16:10:08Z out_lines=0 gpu=0 other=0.1
2026-10-09T16:10:18Z out_lines=       1 gpu=0 other=0.1
2026-10-09T16:10:28Z out_lines=       1 gpu=0 other=0.1
2026-10-09T16:10:38Z out_lines=       1 gpu=82 other=0.1
2026-10-09T16:10:48Z out_lines=       3 gpu=85 other=0.1
2026-10-09T16:10:58Z out_lines=       7 gpu=83 other=0.1
2026-10-09T16:11:08Z out_lines=      13 gpu=96 other=0.1
2026-10-09T16:11:19Z out_lines=      17 gpu=82 other=0
2026-10-09T16:11:29Z out_lines=      23 gpu=0 other=0.1
2026-10-09T16:11:39Z out_lines=      23 gpu=0 other=0.1
2026-10-09T16:11:49Z out_lines=      23 gpu=0 other=0.1
2026-10-09T16:11:59Z out_lines=      23 gpu=86 other=0.1
2026-10-09T16:12:09Z out_lines=      24 gpu=84 other=0.1
2026-10-09T16:12:19Z out_lines=      25 gpu=82 other=0
2026-10-09T16:12:29Z out_lines=      27 gpu=82 other=0
2026-10-09T16:12:39Z out_lines=      29 gpu=81 other=0
2026-10-09T16:12:49Z out_lines=      31 gpu=85 other=0
2026-10-09T16:12:59Z out_lines=      33 gpu=85 other=0
2026-10-09T16:13:09Z out_lines=      35 gpu=82 other=0.1
2026-10-09T16:13:19Z out_lines=      37 gpu=85 other=0.1
2026-10-09T16:13:29Z out_lines=      39 gpu=86 other=0.1
2026-10-09T16:13:40Z out_lines=      41 gpu=85 other=0.1
2026-10-09T16:13:50Z out_lines=      43 gpu=82 other=0
2026-10-09T16:14:00Z out_lines=      45 gpu=0 other=0.1
2026-10-09T16:14:10Z out_lines=      45 gpu=0 other=0.1
2026-10-09T16:14:20Z out_lines=      45 gpu=100 other=0.1
2026-10-09T16:14:30Z out_lines=      45 gpu=82 other=0.1
2026-10-09T16:14:40Z out_lines=      47 gpu=82 other=0.1
2026-10-09T16:14:50Z out_lines=      49 gpu=79 other=0
2026-10-09T16:15:00Z out_lines=      51 gpu=81 other=0
2026-10-09T16:15:10Z out_lines=      53 gpu=85 other=0
2026-10-09T16:15:20Z out_lines=      55 gpu=83 other=0
2026-10-09T16:15:30Z out_lines=      57 gpu=93 other=0
2026-10-09T16:15:40Z out_lines=      59 gpu=100 other=0.1
2026-10-09T16:15:50Z out_lines=      61 gpu=96 other=0.1
2026-10-09T16:16:01Z out_lines=      63 gpu=99 other=0.1
2026-10-09T16:16:11Z out_lines=      65 gpu=96 other=0.1
2026-10-09T16:16:21Z out_lines=      67 gpu=0 other=0.1
2026-10-09T16:16:31Z out_lines=      67 gpu=0 other=0.1
2026-10-09T16:16:41Z out_lines=      67 gpu=85 other=0.1
2026-10-09T16:16:51Z out_lines=      67 gpu=0 other=0.1
2026-10-09T16:17:01Z out_lines=      68 gpu=84 other=0.1
2026-10-09T16:17:11Z out_lines=      69 gpu=83 other=0.1
2026-10-09T16:17:21Z out_lines=      71 gpu=0 other=0.1
2026-10-09T16:17:31Z out_lines=      71 gpu=100 other=0.1
2026-10-09T16:17:41Z out_lines=      73 gpu=100 other=0.1
2026-10-09T16:17:51Z out_lines=      73 gpu=86 other=0
2026-10-09T16:18:01Z out_lines=      75 gpu=82 other=0
2026-10-09T16:18:11Z out_lines=      77 gpu=93 other=0.1
2026-10-09T16:18:22Z out_lines=      77 gpu=82 other=0.1
2026-10-09T16:18:32Z out_lines=      79 gpu=85 other=0.1
2026-10-09T16:18:42Z out_lines=      81 gpu=0 other=0.1
2026-10-09T16:18:52Z out_lines=      81 gpu=79 other=0
2026-10-09T16:19:02Z out_lines=      83 gpu=0 other=0.1
2026-10-09T16:19:12Z out_lines=      83 gpu=84 other=0.1
2026-10-09T16:19:22Z out_lines=      85 gpu=85 other=0
2026-10-09T16:19:32Z out_lines=      87 gpu=0 other=0.1
2026-10-09T16:19:42Z out_lines=      87 gpu=98 other=0.1
2026-10-09T16:19:52Z out_lines=      89 gpu=0 other=0.1
2026-10-09T16:20:02Z out_lines=      89 gpu=0 other=0.1
2026-10-09T16:20:12Z out_lines=      89 gpu=97 other=0.1
2026-10-09T16:20:22Z out_lines=      89 gpu=0 other=0.7
2026-10-09T16:20:32Z out_lines=      90 gpu=96 other=0.1
2026-10-09T16:20:43Z out_lines=      91 gpu=82 other=0.1
2026-10-09T16:20:53Z out_lines=      91 gpu=83 other=0.1
2026-10-09T16:21:03Z out_lines=      93 gpu=83 other=0.1
2026-10-09T16:21:13Z out_lines=      93 gpu=82 other=0.1
2026-10-09T16:21:23Z out_lines=      95 gpu=100 other=0.1
2026-10-09T16:21:33Z out_lines=      97 gpu=91 other=0.1
2026-10-09T16:21:43Z out_lines=      97 gpu=81 other=0.1
2026-10-09T16:21:53Z out_lines=      99 gpu=82 other=0
2026-10-09T16:22:03Z out_lines=      99 gpu=83 other=0
2026-10-09T16:22:13Z out_lines=     101 gpu=80 other=0.1
2026-10-09T16:22:23Z out_lines=     103 gpu=91 other=0.1
2026-10-09T16:22:33Z out_lines=     103 gpu=82 other=0.1
2026-10-09T16:22:43Z out_lines=     105 gpu=82 other=0.1
2026-10-09T16:22:54Z out_lines=     105 gpu=82 other=0
2026-10-09T16:23:04Z out_lines=     107 gpu=82 other=0
2026-10-09T16:23:14Z out_lines=     109 gpu=100 other=0.1
2026-10-09T16:23:24Z out_lines=     109 gpu=89 other=0
2026-10-09T16:23:34Z out_lines=     111 gpu=0 other=0.1
2026-10-09T16:23:44Z out_lines=     111 gpu=0 other=0.1
2026-10-09T16:23:54Z out_lines=     111 gpu=0 other=0.1
2026-10-09T16:24:04Z out_lines=     111 gpu=84 other=0.1
2026-10-09T16:24:14Z out_lines=     111 gpu=100 other=0.1
2026-10-09T16:24:24Z out_lines=     111 gpu=90 other=0
2026-10-09T16:24:34Z out_lines=     112 gpu=100 other=0.1
2026-10-09T16:24:44Z out_lines=     112 gpu=89 other=0
2026-10-09T16:24:54Z out_lines=     113 gpu=0 other=0.1
2026-10-09T16:25:04Z out_lines=     113 gpu=90 other=0
2026-10-09T16:25:15Z out_lines=     113 gpu=91 other=0.1
2026-10-09T16:25:25Z out_lines=     113 gpu=90 other=0
2026-10-09T16:25:35Z out_lines=     113 gpu=89 other=0.1
2026-10-09T16:25:45Z out_lines=     115 gpu=88 other=0.1
2026-10-09T16:25:55Z out_lines=     115 gpu=91 other=0.1
2026-10-09T16:26:05Z out_lines=     115 gpu=96 other=0.1
2026-10-09T16:26:15Z out_lines=     115 gpu=92 other=0.1
2026-10-09T16:26:25Z out_lines=     117 gpu=0 other=0.1
2026-10-09T16:26:35Z out_lines=     117 gpu=86 other=0
2026-10-09T16:26:45Z out_lines=     117 gpu=90 other=0
2026-10-09T16:26:55Z out_lines=     117 gpu=89 other=0.1
2026-10-09T16:27:05Z out_lines=     117 gpu=89 other=0.1
2026-10-09T16:27:15Z out_lines=     119 gpu=96 other=0.1
2026-10-09T16:27:26Z out_lines=     119 gpu=90 other=0
2026-10-09T16:27:36Z out_lines=     119 gpu=97 other=0.1
2026-10-09T16:27:46Z out_lines=     119 gpu=100 other=0
2026-10-09T16:27:56Z out_lines=     121 gpu=0 other=0.1
2026-10-09T16:28:06Z out_lines=     121 gpu=90 other=0.1
2026-10-09T16:28:16Z out_lines=     121 gpu=94 other=0.1
2026-10-09T16:28:26Z out_lines=     121 gpu=89 other=0
2026-10-09T16:28:36Z out_lines=     121 gpu=89 other=0
2026-10-09T16:28:46Z out_lines=     123 gpu=90 other=0.1
2026-10-09T16:28:56Z out_lines=     123 gpu=90 other=0.1
2026-10-09T16:29:06Z out_lines=     123 gpu=86 other=0.1
2026-10-09T16:29:16Z out_lines=     123 gpu=91 other=0.1
2026-10-09T16:29:26Z out_lines=     125 gpu=0 other=0.1
2026-10-09T16:29:37Z out_lines=     125 gpu=90 other=0
2026-10-09T16:29:47Z out_lines=     125 gpu=72 other=0
2026-10-09T16:29:57Z out_lines=     125 gpu=95 other=0.1
2026-10-09T16:30:07Z out_lines=     125 gpu=84 other=0.1
2026-10-09T16:30:17Z out_lines=     127 gpu=100 other=0.1
2026-10-09T16:30:27Z out_lines=     127 gpu=100 other=0.1
2026-10-09T16:30:37Z out_lines=     127 gpu=100 other=0.1
2026-10-09T16:30:47Z out_lines=     127 gpu=89 other=0.1
2026-10-09T16:30:57Z out_lines=     129 gpu=0 other=0.1
2026-10-09T16:31:07Z out_lines=     129 gpu=100 other=0.1
2026-10-09T16:31:17Z out_lines=     129 gpu=91 other=0.1
2026-10-09T16:31:27Z out_lines=     129 gpu=100 other=0.1
2026-10-09T16:31:37Z out_lines=     129 gpu=90 other=0.1
2026-10-09T16:31:48Z out_lines=     131 gpu=96 other=0.1
2026-10-09T16:31:58Z out_lines=     131 gpu=90 other=0
2026-10-09T16:32:08Z out_lines=     131 gpu=100 other=0.1
2026-10-09T16:32:18Z out_lines=     131 gpu=85 other=0
2026-10-09T16:32:28Z out_lines=     133 gpu=0 other=0.1
2026-10-09T16:32:38Z out_lines=     133 gpu=0 other=0.1
2026-10-09T16:32:48Z out_lines=     133 gpu=0 other=0.1
2026-10-09T16:32:58Z out_lines=     133 gpu=0 other=0.1
2026-10-09T16:33:08Z out_lines=     133 gpu=87 other=0.1
2026-10-09T16:33:18Z out_lines=     133 gpu=100 other=0.1
2026-10-09T16:33:28Z out_lines=     133 gpu=90 other=0.1
2026-10-09T16:33:38Z out_lines=     133 gpu=96 other=0.1
2026-10-09T16:33:48Z out_lines=     133 gpu=90 other=0.1
2026-10-09T16:33:59Z out_lines=     135 gpu=0 other=0.1
2026-10-09T16:34:09Z out_lines=     135 gpu=91 other=0
2026-10-09T16:34:19Z out_lines=     135 gpu=91 other=0.1
2026-10-09T16:34:29Z out_lines=     135 gpu=90 other=0.1
2026-10-09T16:34:39Z out_lines=     135 gpu=89 other=0.1
2026-10-09T16:34:49Z out_lines=     137 gpu=100 other=0.1
2026-10-09T16:34:59Z out_lines=     137 gpu=90 other=0
2026-10-09T16:35:09Z out_lines=     137 gpu=80 other=0.1
2026-10-09T16:35:19Z out_lines=     137 gpu=90 other=0
2026-10-09T16:35:29Z out_lines=     139 gpu=0 other=0.1
2026-10-09T16:35:39Z out_lines=     139 gpu=91 other=0.1
2026-10-09T16:35:49Z out_lines=     139 gpu=89 other=0.1
2026-10-09T16:36:00Z out_lines=     139 gpu=90 other=0
2026-10-09T16:36:10Z out_lines=     139 gpu=90 other=0
2026-10-09T16:36:20Z out_lines=     141 gpu=95 other=0.1
2026-10-09T16:36:30Z out_lines=     141 gpu=90 other=0
2026-10-09T16:36:40Z out_lines=     141 gpu=87 other=0.1
2026-10-09T16:36:50Z out_lines=     141 gpu=88 other=0
2026-10-09T16:37:00Z out_lines=     143 gpu=0 other=0.1
2026-10-09T16:37:10Z out_lines=     143 gpu=89 other=0
2026-10-09T16:37:20Z out_lines=     143 gpu=90 other=0
2026-10-09T16:37:30Z out_lines=     143 gpu=88 other=0.1
2026-10-09T16:37:40Z out_lines=     143 gpu=89 other=0
2026-10-09T16:37:50Z out_lines=     145 gpu=95 other=0.1
2026-10-09T16:38:00Z out_lines=     145 gpu=90 other=0.1
2026-10-09T16:38:11Z out_lines=     145 gpu=96 other=0.1
2026-10-09T16:38:21Z out_lines=     145 gpu=91 other=0.1
2026-10-09T16:38:31Z out_lines=     147 gpu=0 other=0.1
2026-10-09T16:38:41Z out_lines=     147 gpu=82 other=0.1
2026-10-09T16:38:51Z out_lines=     147 gpu=90 other=0
2026-10-09T16:39:01Z out_lines=     147 gpu=100 other=0.1
2026-10-09T16:39:11Z out_lines=     147 gpu=72 other=0.1
2026-10-09T16:39:21Z out_lines=     149 gpu=100 other=0.1
2026-10-09T16:39:31Z out_lines=     149 gpu=93 other=0.1
2026-10-09T16:39:41Z out_lines=     149 gpu=100 other=0.1
2026-10-09T16:39:51Z out_lines=     149 gpu=90 other=0.1
2026-10-09T16:40:01Z out_lines=     151 gpu=0 other=0.1
2026-10-09T16:40:12Z out_lines=     151 gpu=90 other=0.1
2026-10-09T16:40:22Z out_lines=     151 gpu=97 other=0.1
2026-10-09T16:40:32Z out_lines=     151 gpu=100 other=0.1
2026-10-09T16:40:42Z out_lines=     151 gpu=97 other=0.1
2026-10-09T16:40:52Z out_lines=     151 gpu=98 other=0.1
2026-10-09T16:41:02Z out_lines=     153 gpu=100 other=0.1
2026-10-09T16:41:12Z out_lines=     153 gpu=97 other=0.1
2026-10-09T16:41:22Z out_lines=     153 gpu=99 other=0.1
2026-10-09T16:41:32Z out_lines=     153 gpu=100 other=0.1
2026-10-09T16:41:42Z out_lines=     153 gpu=98 other=0.1
2026-10-09T16:41:52Z out_lines=     153 gpu=99 other=0.1
2026-10-09T16:42:02Z out_lines=     155 gpu=98 other=0.1
2026-10-09T16:42:13Z out_lines=     155 gpu=97 other=0.1
2026-10-09T16:42:23Z out_lines=     155 gpu=99 other=0.2
2026-10-09T16:42:33Z out_lines=     155 gpu=98 other=0.1
2026-10-09T16:42:43Z out_lines=     155 gpu=100 other=0.1
2026-10-09T16:42:53Z out_lines=     155 gpu=100 other=0.1
2026-10-09T16:43:03Z out_lines=     157 gpu=100 other=0.1
2026-10-09T16:43:13Z out_lines=     157 gpu=100 other=0.1
2026-10-09T16:43:23Z out_lines=     157 gpu=98 other=0.1
2026-10-09T16:43:33Z out_lines=     157 gpu=97 other=0.1
2026-10-09T16:43:43Z out_lines=     157 gpu=98 other=0.1
2026-10-09T16:43:53Z out_lines=     157 gpu=98 other=0.1
2026-10-09T16:44:04Z out_lines=     159 gpu=98 other=0.1
2026-10-09T16:44:14Z out_lines=     159 gpu=98 other=0.1
2026-10-09T16:44:24Z out_lines=     159 gpu=98 other=0.1
2026-10-09T16:44:34Z out_lines=     159 gpu=100 other=0.1
2026-10-09T16:44:44Z out_lines=     159 gpu=99 other=0.1
2026-10-09T16:44:54Z out_lines=     159 gpu=100 other=0.1
2026-10-09T16:45:04Z out_lines=     161 gpu=97 other=0.1
2026-10-09T16:45:14Z out_lines=     161 gpu=99 other=0.1
2026-10-09T16:45:24Z out_lines=     161 gpu=97 other=0.1
2026-10-09T16:45:34Z out_lines=     161 gpu=100 other=0.1
2026-10-09T16:45:44Z out_lines=     161 gpu=97 other=0.1
2026-10-09T16:45:54Z out_lines=     161 gpu=98 other=0.1
2026-10-09T16:46:05Z out_lines=     163 gpu=99 other=0.1
2026-10-09T16:46:15Z out_lines=     163 gpu=99 other=0.1
2026-10-09T16:46:25Z out_lines=     163 gpu=99 other=0.1
2026-10-09T16:46:35Z out_lines=     163 gpu=100 other=0.1
2026-10-09T16:46:45Z out_lines=     163 gpu=96 other=0.1
2026-10-09T16:46:55Z out_lines=     165 gpu=87 other=0.1
2026-10-09T16:47:05Z out_lines=     165 gpu=99 other=0.1
2026-10-09T16:47:15Z out_lines=     165 gpu=97 other=0.1
2026-10-09T16:47:25Z out_lines=     165 gpu=97 other=0.1
2026-10-09T16:47:35Z out_lines=     165 gpu=100 other=0.1
2026-10-09T16:47:45Z out_lines=     165 gpu=99 other=0.1
2026-10-09T16:47:56Z out_lines=     167 gpu=96 other=0.1
2026-10-09T16:48:06Z out_lines=     167 gpu=98 other=0.1
2026-10-09T16:48:16Z out_lines=     167 gpu=98 other=0.1
2026-10-09T16:48:26Z out_lines=     167 gpu=95 other=0.1
2026-10-09T16:48:36Z out_lines=     167 gpu=100 other=0.1
2026-10-09T16:48:46Z out_lines=     167 gpu=99 other=0.1
2026-10-09T16:48:56Z out_lines=     169 gpu=88 other=0.1
2026-10-09T16:49:06Z out_lines=     169 gpu=100 other=0.1
2026-10-09T16:49:16Z out_lines=     169 gpu=97 other=0.1
2026-10-09T16:49:26Z out_lines=     169 gpu=98 other=0.1
2026-10-09T16:49:36Z out_lines=     169 gpu=97 other=0.1
2026-10-09T16:49:47Z out_lines=     169 gpu=90 other=0
2026-10-09T16:49:57Z out_lines=     171 gpu=99 other=0.1
2026-10-09T16:50:07Z out_lines=     171 gpu=100 other=0.1
2026-10-09T16:50:17Z out_lines=     171 gpu=99 other=0.1
2026-10-09T16:50:27Z out_lines=     171 gpu=100 other=0.1
2026-10-09T16:50:37Z out_lines=     171 gpu=98 other=0.1
2026-10-09T16:50:47Z out_lines=     171 gpu=98 other=0.1
2026-10-09T16:50:57Z out_lines=     173 gpu=87 other=0.1
2026-10-09T16:51:07Z out_lines=     173 gpu=98 other=0.1
2026-10-09T16:51:17Z out_lines=     173 gpu=98 other=0.1
2026-10-09T16:51:27Z out_lines=     173 gpu=100 other=0.1
2026-10-09T16:51:38Z out_lines=     173 gpu=90 other=0
2026-10-09T16:51:48Z out_lines=     175 gpu=80 other=0.1
2026-10-09T16:51:58Z out_lines=     175 gpu=84 other=0
2026-10-09T16:52:08Z out_lines=     175 gpu=89 other=0
2026-10-09T16:52:18Z out_lines=     175 gpu=89 other=0
2026-10-09T16:52:28Z out_lines=     175 gpu=89 other=0.1
2026-10-09T16:52:38Z out_lines=     177 gpu=84 other=0.1
2026-10-09T16:52:48Z out_lines=     177 gpu=90 other=0
2026-10-09T16:52:58Z out_lines=     177 gpu=100 other=0.1
2026-10-09T16:53:08Z out_lines=     177 gpu=89 other=0
2026-10-09T16:53:18Z out_lines=     179 gpu=0 other=0.1
2026-10-09T16:53:28Z out_lines=     179 gpu=91 other=0.1
2026-10-09T16:53:39Z out_lines=     179 gpu=90 other=0.1
2026-10-09T16:53:49Z out_lines=     179 gpu=90 other=0.1
2026-10-09T16:53:59Z out_lines=     179 gpu=86 other=0
2026-10-09T16:54:09Z out_lines=     181 gpu=100 other=0.1
2026-10-09T16:54:19Z out_lines=     181 gpu=90 other=0
2026-10-09T16:54:29Z out_lines=     181 gpu=100 other=0.1
2026-10-09T16:54:39Z out_lines=     181 gpu=97 other=0.1
2026-10-09T16:54:49Z out_lines=     181 gpu=100 other=0.1
2026-10-09T16:54:59Z out_lines=     183 gpu=100 other=0.1
2026-10-09T16:55:09Z out_lines=     183 gpu=100 other=0.1
2026-10-09T16:55:19Z out_lines=     183 gpu=99 other=0.1
2026-10-09T16:55:30Z out_lines=     183 gpu=98 other=0.1
2026-10-09T16:55:40Z out_lines=     183 gpu=98 other=0.1
2026-10-09T16:55:50Z out_lines=     183 gpu=99 other=0.1
2026-10-09T16:56:00Z out_lines=     185 gpu=100 other=0.1
2026-10-09T16:56:10Z out_lines=     185 gpu=100 other=0.1
2026-10-09T16:56:20Z out_lines=     185 gpu=100 other=0.1
2026-10-09T16:56:30Z out_lines=     185 gpu=100 other=0.1
2026-10-09T16:56:40Z out_lines=     185 gpu=100 other=0.1
2026-10-09T16:56:50Z out_lines=     185 gpu=97 other=0.1
2026-10-09T16:57:00Z out_lines=     187 gpu=98 other=0.1
2026-10-09T16:57:10Z out_lines=     187 gpu=99 other=0.1
2026-10-09T16:57:21Z out_lines=     187 gpu=96 other=0.1
2026-10-09T16:57:31Z out_lines=     187 gpu=100 other=0.1
2026-10-09T16:57:41Z out_lines=     187 gpu=97 other=0.1
2026-10-09T16:57:51Z out_lines=     187 gpu=100 other=0.1
2026-10-09T16:58:01Z out_lines=     189 gpu=100 other=0.1
2026-10-09T16:58:11Z out_lines=     189 gpu=100 other=0.1
2026-10-09T16:58:21Z out_lines=     189 gpu=100 other=0.1
2026-10-09T16:58:31Z out_lines=     189 gpu=100 other=0.1
2026-10-09T16:58:41Z out_lines=     189 gpu=100 other=0.1
2026-10-09T16:58:51Z out_lines=     189 gpu=99 other=0.1
2026-10-09T16:59:01Z out_lines=     191 gpu=98 other=0.1
2026-10-09T16:59:12Z out_lines=     191 gpu=98 other=0.1
2026-10-09T16:59:22Z out_lines=     191 gpu=98 other=0.1
2026-10-09T16:59:32Z out_lines=     191 gpu=98 other=0.1
2026-10-09T16:59:42Z out_lines=     191 gpu=98 other=0.1
2026-10-09T16:59:52Z out_lines=     193 gpu=88 other=0.1
2026-10-09T17:00:02Z out_lines=     193 gpu=99 other=0.1
2026-10-09T17:00:12Z out_lines=     193 gpu=99 other=0.1
2026-10-09T17:00:22Z out_lines=     193 gpu=100 other=0.1
2026-10-09T17:00:32Z out_lines=     193 gpu=98 other=0.1
2026-10-09T17:00:42Z out_lines=     193 gpu=99 other=0.1
2026-10-09T17:00:53Z out_lines=     195 gpu=88 other=0.1
2026-10-09T17:01:03Z out_lines=     195 gpu=97 other=0.1
2026-10-09T17:01:13Z out_lines=     195 gpu=100 other=0.1
2026-10-09T17:01:23Z out_lines=     195 gpu=100 other=0.1
2026-10-09T17:01:33Z out_lines=     195 gpu=89 other=0.1
2026-10-09T17:01:43Z out_lines=     195 gpu=97 other=0.1
2026-10-09T17:01:53Z out_lines=     197 gpu=100 other=0.1
2026-10-09T17:02:03Z out_lines=     197 gpu=99 other=0.1
2026-10-09T17:02:13Z out_lines=     197 gpu=99 other=0.1
2026-10-09T17:02:23Z out_lines=     197 gpu=99 other=0.1
2026-10-09T17:02:33Z out_lines=     197 gpu=97 other=0.1
2026-10-09T17:02:44Z out_lines=     197 gpu=98 other=0.1
2026-10-09T17:02:54Z out_lines=     199 gpu=98 other=0.1
2026-10-09T17:03:04Z out_lines=     199 gpu=98 other=0.1
2026-10-09T17:03:14Z out_lines=     199 gpu=100 other=0.1
2026-10-09T17:03:24Z out_lines=     199 gpu=100 other=0.1
2026-10-09T17:03:34Z out_lines=     199 gpu=98 other=0.1
2026-10-09T17:03:44Z out_lines=     199 gpu=97 other=0.1
