<studio-home>/lab-di/r015.sh: line 11: <studio-home>/lab-di/r015/r015-a3b.jsonl: No such file or directory
2026-10-10T21:26:46Z out_lines=0 live_in_flight=0
<studio-home>/lab-di/r015.sh: line 11: <studio-home>/lab-di/r015/r015-a3b.jsonl: No such file or directory
2026-10-10T21:26:57Z out_lines=0 live_in_flight=0
<studio-home>/lab-di/r015.sh: line 11: <studio-home>/lab-di/r015/r015-a3b.jsonl: No such file or directory
2026-10-10T21:27:07Z out_lines=0 live_in_flight=0
<studio-home>/lab-di/r015.sh: line 11: <studio-home>/lab-di/r015/r015-a3b.jsonl: No such file or directory
2026-10-10T21:27:18Z out_lines=0 live_in_flight=0
<studio-home>/lab-di/r015.sh: line 11: <studio-home>/lab-di/r015/r015-a3b.jsonl: No such file or directory
2026-10-10T21:27:28Z out_lines=0 live_in_flight=0
<studio-home>/lab-di/r015.sh: line 11: <studio-home>/lab-di/r015/r015-a3b.jsonl: No such file or directory
2026-10-10T21:27:38Z out_lines=0 live_in_flight=0
<studio-home>/lab-di/r015.sh: line 11: <studio-home>/lab-di/r015/r015-a3b.jsonl: No such file or directory
2026-10-10T21:27:49Z out_lines=0 live_in_flight=0
<studio-home>/lab-di/r015.sh: line 11: <studio-home>/lab-di/r015/r015-a3b.jsonl: No such file or directory
2026-10-10T21:27:59Z out_lines=0 live_in_flight=0
2026-10-10T21:28:09Z out_lines=       1 live_in_flight=0
2026-10-10T21:28:20Z out_lines=       1 live_in_flight=0
2026-10-10T21:28:30Z out_lines=       1 live_in_flight=0
2026-10-10T21:28:40Z out_lines=       3 live_in_flight=0
2026-10-10T21:28:51Z out_lines=       7 live_in_flight=0
2026-10-10T21:29:01Z out_lines=      13 live_in_flight=0
2026-10-10T21:29:11Z out_lines=      17 live_in_flight=0
2026-10-10T21:29:22Z out_lines=      23 live_in_flight=0
2026-10-10T21:29:32Z out_lines=      23 live_in_flight=0
2026-10-10T21:29:42Z out_lines=      23 live_in_flight=0
2026-10-10T21:29:53Z out_lines=      23 live_in_flight=0
2026-10-10T21:30:03Z out_lines=      24 live_in_flight=0
2026-10-10T21:30:13Z out_lines=      25 live_in_flight=0
2026-10-10T21:30:24Z out_lines=      27 live_in_flight=0
2026-10-10T21:30:34Z out_lines=      29 live_in_flight=0
2026-10-10T21:30:44Z out_lines=      31 live_in_flight=0
2026-10-10T21:30:55Z out_lines=      35 live_in_flight=0
2026-10-10T21:31:05Z out_lines=      37 live_in_flight=0
2026-10-10T21:31:15Z out_lines=      39 live_in_flight=0
2026-10-10T21:31:26Z out_lines=      41 live_in_flight=0
2026-10-10T21:31:36Z out_lines=      43 live_in_flight=0
2026-10-10T21:31:46Z out_lines=      45 live_in_flight=0
2026-10-10T21:31:57Z out_lines=      45 live_in_flight=0
2026-10-10T21:32:07Z out_lines=      45 live_in_flight=0
2026-10-10T21:32:17Z out_lines=      45 live_in_flight=0
2026-10-10T21:32:28Z out_lines=      46 live_in_flight=0
2026-10-10T21:32:38Z out_lines=      47 live_in_flight=0
2026-10-10T21:32:49Z out_lines=      49 live_in_flight=0
2026-10-10T21:32:59Z out_lines=      51 live_in_flight=0
2026-10-10T21:33:09Z out_lines=      53 live_in_flight=0
2026-10-10T21:33:20Z out_lines=      55 live_in_flight=0
2026-10-10T21:33:30Z out_lines=      57 live_in_flight=0
2026-10-10T21:33:40Z out_lines=      59 live_in_flight=0
2026-10-10T21:33:51Z out_lines=      61 live_in_flight=0
2026-10-10T21:34:01Z out_lines=      63 live_in_flight=0
2026-10-10T21:34:11Z out_lines=      67 live_in_flight=0
2026-10-10T21:34:22Z out_lines=      67 live_in_flight=0
2026-10-10T21:34:32Z out_lines=      67 live_in_flight=0
2026-10-10T21:34:42Z out_lines=      67 live_in_flight=0
2026-10-10T21:34:53Z out_lines=      67 live_in_flight=0
2026-10-10T21:35:03Z out_lines=      68 live_in_flight=0
2026-10-10T21:35:13Z out_lines=      69 live_in_flight=0
2026-10-10T21:35:24Z out_lines=      71 live_in_flight=0
2026-10-10T21:35:34Z out_lines=      71 live_in_flight=0
2026-10-10T21:35:44Z out_lines=      73 live_in_flight=0
2026-10-10T21:35:55Z out_lines=      75 live_in_flight=0
2026-10-10T21:36:05Z out_lines=      75 live_in_flight=0
2026-10-10T21:36:15Z out_lines=      77 live_in_flight=0
2026-10-10T21:36:26Z out_lines=      79 live_in_flight=0
2026-10-10T21:36:36Z out_lines=      79 live_in_flight=0
2026-10-10T21:36:46Z out_lines=      81 live_in_flight=0
2026-10-10T21:36:57Z out_lines=      81 live_in_flight=0
2026-10-10T21:37:07Z out_lines=      83 live_in_flight=0
2026-10-10T21:37:18Z out_lines=      85 live_in_flight=0
2026-10-10T21:37:28Z out_lines=      85 live_in_flight=0
2026-10-10T21:37:38Z out_lines=      87 live_in_flight=0
2026-10-10T21:37:49Z out_lines=      89 live_in_flight=0
2026-10-10T21:37:59Z out_lines=      89 live_in_flight=0
2026-10-10T21:38:09Z out_lines=      89 live_in_flight=0
2026-10-10T21:38:20Z out_lines=      89 live_in_flight=0
2026-10-10T21:38:30Z out_lines=      89 live_in_flight=0
2026-10-10T21:38:40Z out_lines=      91 live_in_flight=0
2026-10-10T21:38:51Z out_lines=      91 live_in_flight=0
2026-10-10T21:39:01Z out_lines=      93 live_in_flight=0
2026-10-10T21:39:11Z out_lines=      93 live_in_flight=0
2026-10-10T21:39:22Z out_lines=      95 live_in_flight=0
2026-10-10T21:39:32Z out_lines=      97 live_in_flight=0
2026-10-10T21:39:42Z out_lines=      97 live_in_flight=0
2026-10-10T21:39:53Z out_lines=      99 live_in_flight=0
2026-10-10T21:40:03Z out_lines=      99 live_in_flight=0
2026-10-10T21:40:13Z out_lines=     101 live_in_flight=0
2026-10-10T21:40:24Z out_lines=     103 live_in_flight=0
2026-10-10T21:40:34Z out_lines=     103 live_in_flight=0
2026-10-10T21:40:44Z out_lines=     105 live_in_flight=0
2026-10-10T21:40:55Z out_lines=     105 live_in_flight=0
2026-10-10T21:41:05Z out_lines=     107 live_in_flight=0
2026-10-10T21:41:16Z out_lines=     109 live_in_flight=0
2026-10-10T21:41:26Z out_lines=     109 live_in_flight=0
2026-10-10T21:41:36Z out_lines=     111 live_in_flight=0
2026-10-10T21:41:47Z out_lines=     111 live_in_flight=0
2026-10-10T21:41:57Z out_lines=     111 live_in_flight=0
2026-10-10T21:42:07Z out_lines=     111 live_in_flight=0
2026-10-10T21:42:18Z out_lines=     111 live_in_flight=0
2026-10-10T21:42:28Z out_lines=     111 live_in_flight=0
2026-10-10T21:42:38Z out_lines=     112 live_in_flight=0
2026-10-10T21:42:49Z out_lines=     112 live_in_flight=0
2026-10-10T21:42:59Z out_lines=     113 live_in_flight=0
2026-10-10T21:43:09Z out_lines=     113 live_in_flight=0
2026-10-10T21:43:20Z out_lines=     113 live_in_flight=0
2026-10-10T21:43:30Z out_lines=     113 live_in_flight=0
2026-10-10T21:43:40Z out_lines=     115 live_in_flight=0
2026-10-10T21:43:51Z out_lines=     115 live_in_flight=0
2026-10-10T21:44:01Z out_lines=     115 live_in_flight=0
2026-10-10T21:44:11Z out_lines=     115 live_in_flight=0
2026-10-10T21:44:22Z out_lines=     117 live_in_flight=0
2026-10-10T21:44:32Z out_lines=     117 live_in_flight=0
2026-10-10T21:44:42Z out_lines=     117 live_in_flight=0
2026-10-10T21:44:53Z out_lines=     117 live_in_flight=0
2026-10-10T21:45:03Z out_lines=     117 live_in_flight=0
2026-10-10T21:45:13Z out_lines=     119 live_in_flight=0
2026-10-10T21:45:24Z out_lines=     119 live_in_flight=0
2026-10-10T21:45:34Z out_lines=     119 live_in_flight=0
2026-10-10T21:45:45Z out_lines=     119 live_in_flight=0
2026-10-10T21:45:55Z out_lines=     121 live_in_flight=0
2026-10-10T21:46:05Z out_lines=     121 live_in_flight=0
2026-10-10T21:46:16Z out_lines=     121 live_in_flight=0
2026-10-10T21:46:26Z out_lines=     121 live_in_flight=0
2026-10-10T21:46:36Z out_lines=     123 live_in_flight=0
2026-10-10T21:46:47Z out_lines=     123 live_in_flight=0
2026-10-10T21:46:57Z out_lines=     123 live_in_flight=0
2026-10-10T21:47:07Z out_lines=     123 live_in_flight=0
2026-10-10T21:47:18Z out_lines=     123 live_in_flight=0
2026-10-10T21:47:28Z out_lines=     125 live_in_flight=0
2026-10-10T21:47:38Z out_lines=     125 live_in_flight=0
2026-10-10T21:47:49Z out_lines=     125 live_in_flight=0
2026-10-10T21:47:59Z out_lines=     125 live_in_flight=0
2026-10-10T21:48:10Z out_lines=     127 live_in_flight=0
2026-10-10T21:48:20Z out_lines=     127 live_in_flight=0
2026-10-10T21:48:30Z out_lines=     127 live_in_flight=0
2026-10-10T21:48:41Z out_lines=     127 live_in_flight=0
2026-10-10T21:48:51Z out_lines=     129 live_in_flight=0
2026-10-10T21:49:01Z out_lines=     129 live_in_flight=0
2026-10-10T21:49:12Z out_lines=     129 live_in_flight=0
2026-10-10T21:49:22Z out_lines=     129 live_in_flight=0
2026-10-10T21:49:32Z out_lines=     129 live_in_flight=0
2026-10-10T21:49:43Z out_lines=     131 live_in_flight=0
2026-10-10T21:49:53Z out_lines=     131 live_in_flight=0
2026-10-10T21:50:03Z out_lines=     131 live_in_flight=0
2026-10-10T21:50:14Z out_lines=     131 live_in_flight=0
